<?xml version="1.0"?>
<link_info>
   <banner>TI ARM Linker PC v15.12.3.LTS</banner>
   <copyright>Copyright (c) 1996-2015 Texas Instruments Incorporated</copyright>
   <link_time>0x5d737b1e</link_time>
   <link_errors>0x0</link_errors>
   <output_file>free_rtos_matlab.out</output_file>
   <entry_point>
      <name>_c_int00</name>
      <address>0x13c84</address>
   </entry_point>
   <input_file_list>
      <input_file id="fl-2">
         <path>.\source\</path>
         <kind>object</kind>
         <file>can.obj</file>
         <name>can.obj</name>
      </input_file>
      <input_file id="fl-3">
         <path>.\source\</path>
         <kind>object</kind>
         <file>dabort.obj</file>
         <name>dabort.obj</name>
      </input_file>
      <input_file id="fl-4">
         <path>.\source\</path>
         <kind>object</kind>
         <file>esm.obj</file>
         <name>esm.obj</name>
      </input_file>
      <input_file id="fl-5">
         <path>.\source\</path>
         <kind>object</kind>
         <file>gio.obj</file>
         <name>gio.obj</name>
      </input_file>
      <input_file id="fl-6">
         <path>.\source\</path>
         <kind>object</kind>
         <file>notification.obj</file>
         <name>notification.obj</name>
      </input_file>
      <input_file id="fl-7">
         <path>.\source\</path>
         <kind>object</kind>
         <file>os_croutine.obj</file>
         <name>os_croutine.obj</name>
      </input_file>
      <input_file id="fl-8">
         <path>.\source\</path>
         <kind>object</kind>
         <file>os_event_groups.obj</file>
         <name>os_event_groups.obj</name>
      </input_file>
      <input_file id="fl-9">
         <path>.\source\</path>
         <kind>object</kind>
         <file>os_heap.obj</file>
         <name>os_heap.obj</name>
      </input_file>
      <input_file id="fl-a">
         <path>.\source\</path>
         <kind>object</kind>
         <file>os_list.obj</file>
         <name>os_list.obj</name>
      </input_file>
      <input_file id="fl-b">
         <path>.\source\</path>
         <kind>object</kind>
         <file>os_mpu_wrappers.obj</file>
         <name>os_mpu_wrappers.obj</name>
      </input_file>
      <input_file id="fl-c">
         <path>.\source\</path>
         <kind>object</kind>
         <file>os_port.obj</file>
         <name>os_port.obj</name>
      </input_file>
      <input_file id="fl-d">
         <path>.\source\</path>
         <kind>object</kind>
         <file>os_portasm.obj</file>
         <name>os_portasm.obj</name>
      </input_file>
      <input_file id="fl-e">
         <path>.\source\</path>
         <kind>object</kind>
         <file>os_queue.obj</file>
         <name>os_queue.obj</name>
      </input_file>
      <input_file id="fl-f">
         <path>.\source\</path>
         <kind>object</kind>
         <file>os_tasks.obj</file>
         <name>os_tasks.obj</name>
      </input_file>
      <input_file id="fl-10">
         <path>.\source\</path>
         <kind>object</kind>
         <file>os_timer.obj</file>
         <name>os_timer.obj</name>
      </input_file>
      <input_file id="fl-11">
         <path>.\source\</path>
         <kind>object</kind>
         <file>pinmux.obj</file>
         <name>pinmux.obj</name>
      </input_file>
      <input_file id="fl-12">
         <path>.\source\</path>
         <kind>object</kind>
         <file>runTimeStatsTimer.obj</file>
         <name>runTimeStatsTimer.obj</name>
      </input_file>
      <input_file id="fl-13">
         <path>.\source\</path>
         <kind>object</kind>
         <file>sci.obj</file>
         <name>sci.obj</name>
      </input_file>
      <input_file id="fl-14">
         <path>.\source\</path>
         <kind>object</kind>
         <file>sys_core.obj</file>
         <name>sys_core.obj</name>
      </input_file>
      <input_file id="fl-15">
         <path>.\source\</path>
         <kind>object</kind>
         <file>sys_dma.obj</file>
         <name>sys_dma.obj</name>
      </input_file>
      <input_file id="fl-16">
         <path>.\source\</path>
         <kind>object</kind>
         <file>sys_intvecs.obj</file>
         <name>sys_intvecs.obj</name>
      </input_file>
      <input_file id="fl-17">
         <path>.\source\</path>
         <kind>object</kind>
         <file>sys_main.obj</file>
         <name>sys_main.obj</name>
      </input_file>
      <input_file id="fl-18">
         <path>.\source\</path>
         <kind>object</kind>
         <file>sys_mpu.obj</file>
         <name>sys_mpu.obj</name>
      </input_file>
      <input_file id="fl-19">
         <path>.\source\</path>
         <kind>object</kind>
         <file>sys_pcr.obj</file>
         <name>sys_pcr.obj</name>
      </input_file>
      <input_file id="fl-1a">
         <path>.\source\</path>
         <kind>object</kind>
         <file>sys_phantom.obj</file>
         <name>sys_phantom.obj</name>
      </input_file>
      <input_file id="fl-1b">
         <path>.\source\</path>
         <kind>object</kind>
         <file>sys_pmm.obj</file>
         <name>sys_pmm.obj</name>
      </input_file>
      <input_file id="fl-1c">
         <path>.\source\</path>
         <kind>object</kind>
         <file>sys_pmu.obj</file>
         <name>sys_pmu.obj</name>
      </input_file>
      <input_file id="fl-1d">
         <path>.\source\</path>
         <kind>object</kind>
         <file>sys_selftest.obj</file>
         <name>sys_selftest.obj</name>
      </input_file>
      <input_file id="fl-1e">
         <path>.\source\</path>
         <kind>object</kind>
         <file>sys_startup.obj</file>
         <name>sys_startup.obj</name>
      </input_file>
      <input_file id="fl-1f">
         <path>.\source\</path>
         <kind>object</kind>
         <file>sys_vim.obj</file>
         <name>sys_vim.obj</name>
      </input_file>
      <input_file id="fl-20">
         <path>.\source\</path>
         <kind>object</kind>
         <file>system.obj</file>
         <name>system.obj</name>
      </input_file>
      <input_file id="fl-25">
         <path>C:\ti\ccsv6\tools\compiler\arm_15.12.3.LTS\lib\</path>
         <kind>archive</kind>
         <file>rtsv7R4_T_be_v3D16_eabi.lib</file>
         <name>autoinit.obj</name>
      </input_file>
      <input_file id="fl-26">
         <path>C:\ti\ccsv6\tools\compiler\arm_15.12.3.LTS\lib\</path>
         <kind>archive</kind>
         <file>rtsv7R4_T_be_v3D16_eabi.lib</file>
         <name>copy_decompress_none.obj</name>
      </input_file>
      <input_file id="fl-27">
         <path>C:\ti\ccsv6\tools\compiler\arm_15.12.3.LTS\lib\</path>
         <kind>archive</kind>
         <file>rtsv7R4_T_be_v3D16_eabi.lib</file>
         <name>copy_decompress_rle.obj</name>
      </input_file>
      <input_file id="fl-28">
         <path>C:\ti\ccsv6\tools\compiler\arm_15.12.3.LTS\lib\</path>
         <kind>archive</kind>
         <file>rtsv7R4_T_be_v3D16_eabi.lib</file>
         <name>copy_zero_init.obj</name>
      </input_file>
      <input_file id="fl-29">
         <path>C:\ti\ccsv6\tools\compiler\arm_15.12.3.LTS\lib\</path>
         <kind>archive</kind>
         <file>rtsv7R4_T_be_v3D16_eabi.lib</file>
         <name>cpy_tbl.obj</name>
      </input_file>
      <input_file id="fl-2a">
         <path>C:\ti\ccsv6\tools\compiler\arm_15.12.3.LTS\lib\</path>
         <kind>archive</kind>
         <file>rtsv7R4_T_be_v3D16_eabi.lib</file>
         <name>e_atan2.obj</name>
      </input_file>
      <input_file id="fl-2b">
         <path>C:\ti\ccsv6\tools\compiler\arm_15.12.3.LTS\lib\</path>
         <kind>archive</kind>
         <file>rtsv7R4_T_be_v3D16_eabi.lib</file>
         <name>e_exp.obj</name>
      </input_file>
      <input_file id="fl-2c">
         <path>C:\ti\ccsv6\tools\compiler\arm_15.12.3.LTS\lib\</path>
         <kind>archive</kind>
         <file>rtsv7R4_T_be_v3D16_eabi.lib</file>
         <name>e_sqrt.obj</name>
      </input_file>
      <input_file id="fl-2d">
         <path>C:\ti\ccsv6\tools\compiler\arm_15.12.3.LTS\lib\</path>
         <kind>archive</kind>
         <file>rtsv7R4_T_be_v3D16_eabi.lib</file>
         <name>errno.obj</name>
      </input_file>
      <input_file id="fl-2e">
         <path>C:\ti\ccsv6\tools\compiler\arm_15.12.3.LTS\lib\</path>
         <kind>archive</kind>
         <file>rtsv7R4_T_be_v3D16_eabi.lib</file>
         <name>exit.obj</name>
      </input_file>
      <input_file id="fl-2f">
         <path>C:\ti\ccsv6\tools\compiler\arm_15.12.3.LTS\lib\</path>
         <kind>archive</kind>
         <file>rtsv7R4_T_be_v3D16_eabi.lib</file>
         <name>memcpy_t2.obj</name>
      </input_file>
      <input_file id="fl-30">
         <path>C:\ti\ccsv6\tools\compiler\arm_15.12.3.LTS\lib\</path>
         <kind>archive</kind>
         <file>rtsv7R4_T_be_v3D16_eabi.lib</file>
         <name>memset_t2.obj</name>
      </input_file>
      <input_file id="fl-31">
         <path>C:\ti\ccsv6\tools\compiler\arm_15.12.3.LTS\lib\</path>
         <kind>archive</kind>
         <file>rtsv7R4_T_be_v3D16_eabi.lib</file>
         <name>s_atan.obj</name>
      </input_file>
      <input_file id="fl-32">
         <path>C:\ti\ccsv6\tools\compiler\arm_15.12.3.LTS\lib\</path>
         <kind>archive</kind>
         <file>rtsv7R4_T_be_v3D16_eabi.lib</file>
         <name>sprintf.obj</name>
      </input_file>
      <input_file id="fl-33">
         <path>C:\ti\ccsv6\tools\compiler\arm_15.12.3.LTS\lib\</path>
         <kind>archive</kind>
         <file>rtsv7R4_T_be_v3D16_eabi.lib</file>
         <name>startup.obj</name>
      </input_file>
      <input_file id="fl-34">
         <path>C:\ti\ccsv6\tools\compiler\arm_15.12.3.LTS\lib\</path>
         <kind>archive</kind>
         <file>rtsv7R4_T_be_v3D16_eabi.lib</file>
         <name>strcpy.obj</name>
      </input_file>
      <input_file id="fl-35">
         <path>C:\ti\ccsv6\tools\compiler\arm_15.12.3.LTS\lib\</path>
         <kind>archive</kind>
         <file>rtsv7R4_T_be_v3D16_eabi.lib</file>
         <name>strlen.obj</name>
      </input_file>
      <input_file id="fl-36">
         <path>C:\ti\ccsv6\tools\compiler\arm_15.12.3.LTS\lib\</path>
         <kind>archive</kind>
         <file>rtsv7R4_T_be_v3D16_eabi.lib</file>
         <name>u_div32.obj</name>
      </input_file>
      <input_file id="fl-37">
         <path>C:\ti\ccsv6\tools\compiler\arm_15.12.3.LTS\lib\</path>
         <kind>archive</kind>
         <file>rtsv7R4_T_be_v3D16_eabi.lib</file>
         <name>_lock.obj</name>
      </input_file>
      <input_file id="fl-38">
         <path>C:\ti\ccsv6\tools\compiler\arm_15.12.3.LTS\lib\</path>
         <kind>archive</kind>
         <file>rtsv7R4_T_be_v3D16_eabi.lib</file>
         <name>_printfi.obj</name>
      </input_file>
      <input_file id="fl-39">
         <path>C:\ti\ccsv6\tools\compiler\arm_15.12.3.LTS\lib\</path>
         <kind>archive</kind>
         <file>rtsv7R4_T_be_v3D16_eabi.lib</file>
         <name>atoi.obj</name>
      </input_file>
      <input_file id="fl-3a">
         <path>C:\ti\ccsv6\tools\compiler\arm_15.12.3.LTS\lib\</path>
         <kind>archive</kind>
         <file>rtsv7R4_T_be_v3D16_eabi.lib</file>
         <name>ctype.obj</name>
      </input_file>
      <input_file id="fl-3b">
         <path>C:\ti\ccsv6\tools\compiler\arm_15.12.3.LTS\lib\</path>
         <kind>archive</kind>
         <file>rtsv7R4_T_be_v3D16_eabi.lib</file>
         <name>i_div0.obj</name>
      </input_file>
      <input_file id="fl-3c">
         <path>C:\ti\ccsv6\tools\compiler\arm_15.12.3.LTS\lib\</path>
         <kind>archive</kind>
         <file>rtsv7R4_T_be_v3D16_eabi.lib</file>
         <name>ltoa.obj</name>
      </input_file>
      <input_file id="fl-3d">
         <path>C:\ti\ccsv6\tools\compiler\arm_15.12.3.LTS\lib\</path>
         <kind>archive</kind>
         <file>rtsv7R4_T_be_v3D16_eabi.lib</file>
         <name>memccpy.obj</name>
      </input_file>
      <input_file id="fl-3e">
         <path>C:\ti\ccsv6\tools\compiler\arm_15.12.3.LTS\lib\</path>
         <kind>archive</kind>
         <file>rtsv7R4_T_be_v3D16_eabi.lib</file>
         <name>s_frexp.obj</name>
      </input_file>
      <input_file id="fl-3f">
         <path>C:\ti\ccsv6\tools\compiler\arm_15.12.3.LTS\lib\</path>
         <kind>archive</kind>
         <file>rtsv7R4_T_be_v3D16_eabi.lib</file>
         <name>s_scalbn.obj</name>
      </input_file>
      <input_file id="fl-40">
         <path>C:\ti\ccsv6\tools\compiler\arm_15.12.3.LTS\lib\</path>
         <kind>archive</kind>
         <file>rtsv7R4_T_be_v3D16_eabi.lib</file>
         <name>strchr.obj</name>
      </input_file>
      <input_file id="fl-41">
         <path>C:\ti\ccsv6\tools\compiler\arm_15.12.3.LTS\lib\</path>
         <kind>archive</kind>
         <file>rtsv7R4_T_be_v3D16_eabi.lib</file>
         <name>ull_div32.obj</name>
      </input_file>
      <input_file id="fl-42">
         <path>C:\ti\ccsv6\tools\compiler\arm_15.12.3.LTS\lib\</path>
         <kind>archive</kind>
         <file>rtsv7R4_T_be_v3D16_eabi.lib</file>
         <name>s_copysign.obj</name>
      </input_file>
   </input_file_list>
   <object_component_list>
      <object_component id="oc-35">
         <name>.intvecs</name>
         <load_address>0x0</load_address>
         <run_address>0x0</run_address>
         <size>0x20</size>
         <input_file_ref idref="fl-16"/>
      </object_component>
      <object_component id="oc-12d">
         <name>.kernelTEXT</name>
         <load_address>0x20</load_address>
         <run_address>0x20</run_address>
         <size>0x2d1c</size>
         <input_file_ref idref="fl-f"/>
      </object_component>
      <object_component id="oc-133">
         <name>.kernelTEXT</name>
         <load_address>0x2d3c</load_address>
         <run_address>0x2d3c</run_address>
         <size>0x1180</size>
         <input_file_ref idref="fl-e"/>
      </object_component>
      <object_component id="oc-a7">
         <name>.kernelTEXT</name>
         <load_address>0x3ebc</load_address>
         <run_address>0x3ebc</run_address>
         <size>0x4b0</size>
         <input_file_ref idref="fl-d"/>
      </object_component>
      <object_component id="oc-249">
         <name>.kernelTEXT</name>
         <load_address>0x436c</load_address>
         <run_address>0x436c</run_address>
         <size>0x3e0</size>
         <input_file_ref idref="fl-c"/>
      </object_component>
      <object_component id="oc-1ff">
         <name>.kernelTEXT</name>
         <load_address>0x474c</load_address>
         <run_address>0x474c</run_address>
         <size>0x3a4</size>
         <input_file_ref idref="fl-9"/>
      </object_component>
      <object_component id="oc-422">
         <name>.cinit..data.load</name>
         <load_address>0x4af0</load_address>
         <run_address>0x4af0</run_address>
         <size>0x157</size>
      </object_component>
      <object_component id="oc-41f">
         <name>.cinit..kernelBSS.load</name>
         <load_address>0x4c48</load_address>
         <run_address>0x4c48</run_address>
         <size>0x16</size>
      </object_component>
      <object_component id="oc-421">
         <name>.cinit..bss.load</name>
         <load_address>0x4c60</load_address>
         <run_address>0x4c60</run_address>
         <size>0xb</size>
      </object_component>
      <object_component id="oc-420">
         <name>.cinit..kernelHEAP.load</name>
         <load_address>0x4c70</load_address>
         <run_address>0x4c70</run_address>
         <size>0xb</size>
      </object_component>
      <object_component id="oc-41d">
         <name>__TI_handler_table</name>
         <load_address>0x4c7c</load_address>
         <run_address>0x4c7c</run_address>
         <size>0x8</size>
      </object_component>
      <object_component id="oc-41e">
         <name>__TI_cinit_table</name>
         <load_address>0x4c84</load_address>
         <run_address>0x4c84</run_address>
         <size>0x20</size>
      </object_component>
      <object_component id="oc-7c">
         <name>.text</name>
         <load_address>0x8020</load_address>
         <run_address>0x8020</run_address>
         <size>0x2cdc</size>
         <input_file_ref idref="fl-1d"/>
      </object_component>
      <object_component id="oc-8e">
         <name>.text</name>
         <load_address>0xacfc</load_address>
         <run_address>0xacfc</run_address>
         <size>0x22a0</size>
         <input_file_ref idref="fl-17"/>
      </object_component>
      <object_component id="oc-10c">
         <name>.text</name>
         <load_address>0xcf9c</load_address>
         <run_address>0xcf9c</run_address>
         <size>0x111c</size>
         <input_file_ref idref="fl-2"/>
      </object_component>
      <object_component id="oc-318">
         <name>.text</name>
         <load_address>0xe0b8</load_address>
         <run_address>0xe0b8</run_address>
         <size>0x1098</size>
         <input_file_ref idref="fl-38"/>
      </object_component>
      <object_component id="oc-255">
         <name>.text</name>
         <load_address>0xf150</load_address>
         <run_address>0xf150</run_address>
         <size>0x1094</size>
         <input_file_ref idref="fl-f"/>
      </object_component>
      <object_component id="oc-76">
         <name>.text</name>
         <load_address>0x101e4</load_address>
         <run_address>0x101e4</run_address>
         <size>0xb28</size>
         <input_file_ref idref="fl-20"/>
      </object_component>
      <object_component id="oc-127">
         <name>.text</name>
         <load_address>0x10d0c</load_address>
         <run_address>0x10d0c</run_address>
         <size>0x9d4</size>
         <input_file_ref idref="fl-13"/>
      </object_component>
      <object_component id="oc-41">
         <name>.text</name>
         <load_address>0x116e0</load_address>
         <run_address>0x116e0</run_address>
         <size>0x89c</size>
         <input_file_ref idref="fl-1f"/>
      </object_component>
      <object_component id="oc-dc">
         <name>.text</name>
         <load_address>0x11f7c</load_address>
         <run_address>0x11f7c</run_address>
         <size>0x638</size>
         <input_file_ref idref="fl-11"/>
      </object_component>
      <object_component id="oc-82">
         <name>.text</name>
         <load_address>0x125b4</load_address>
         <run_address>0x125b4</run_address>
         <size>0x5e8</size>
         <input_file_ref idref="fl-4"/>
      </object_component>
      <object_component id="oc-100">
         <name>.text</name>
         <load_address>0x12b9c</load_address>
         <run_address>0x12b9c</run_address>
         <size>0x5e0</size>
         <input_file_ref idref="fl-b"/>
      </object_component>
      <object_component id="oc-106">
         <name>.text</name>
         <load_address>0x1317c</load_address>
         <run_address>0x1317c</run_address>
         <size>0x484</size>
         <input_file_ref idref="fl-5"/>
      </object_component>
      <object_component id="oc-71">
         <name>.text</name>
         <load_address>0x13600</load_address>
         <run_address>0x13600</run_address>
         <size>0x3cc</size>
         <input_file_ref idref="fl-14"/>
      </object_component>
      <object_component id="oc-374">
         <name>.text</name>
         <load_address>0x139cc</load_address>
         <run_address>0x139cc</run_address>
         <size>0x2b8</size>
         <input_file_ref idref="fl-41"/>
      </object_component>
      <object_component id="oc-20">
         <name>.text:retain</name>
         <load_address>0x13c84</load_address>
         <run_address>0x13c84</run_address>
         <size>0x298</size>
         <input_file_ref idref="fl-1e"/>
      </object_component>
      <object_component id="oc-40">
         <name>.text:retain</name>
         <load_address>0x13f1c</load_address>
         <run_address>0x13f1c</run_address>
         <size>0x294</size>
         <input_file_ref idref="fl-1f"/>
      </object_component>
      <object_component id="oc-24f">
         <name>.text</name>
         <load_address>0x141b0</load_address>
         <run_address>0x141b0</run_address>
         <size>0x28c</size>
         <input_file_ref idref="fl-a"/>
      </object_component>
      <object_component id="oc-2cc">
         <name>.text</name>
         <load_address>0x1443c</load_address>
         <run_address>0x1443c</run_address>
         <size>0x284</size>
         <input_file_ref idref="fl-9"/>
      </object_component>
      <object_component id="oc-144">
         <name>.text</name>
         <load_address>0x146c0</load_address>
         <run_address>0x146c0</run_address>
         <size>0x24c</size>
         <input_file_ref idref="fl-2b"/>
      </object_component>
      <object_component id="oc-26">
         <name>.text:retain</name>
         <load_address>0x1490c</load_address>
         <run_address>0x1490c</run_address>
         <size>0x200</size>
         <input_file_ref idref="fl-2"/>
      </object_component>
      <object_component id="oc-14a">
         <name>.text</name>
         <load_address>0x14b0c</load_address>
         <run_address>0x14b0c</run_address>
         <size>0x1bc</size>
         <input_file_ref idref="fl-2a"/>
      </object_component>
      <object_component id="oc-2f6">
         <name>.text</name>
         <load_address>0x14cc8</load_address>
         <run_address>0x14cc8</run_address>
         <size>0x1b4</size>
         <input_file_ref idref="fl-c"/>
      </object_component>
      <object_component id="oc-295">
         <name>.text</name>
         <load_address>0x14e7c</load_address>
         <run_address>0x14e7c</run_address>
         <size>0x1a4</size>
         <input_file_ref idref="fl-31"/>
      </object_component>
      <object_component id="oc-2f">
         <name>.text:retain</name>
         <load_address>0x15020</load_address>
         <run_address>0x15020</run_address>
         <size>0x114</size>
         <input_file_ref idref="fl-4"/>
      </object_component>
      <object_component id="oc-e4">
         <name>.text</name>
         <load_address>0x15134</load_address>
         <run_address>0x15134</run_address>
         <size>0x110</size>
         <input_file_ref idref="fl-1c"/>
      </object_component>
      <object_component id="oc-385">
         <name>.text</name>
         <load_address>0x15244</load_address>
         <run_address>0x15244</run_address>
         <size>0xf4</size>
         <input_file_ref idref="fl-3f"/>
      </object_component>
      <object_component id="oc-b0">
         <name>.text</name>
         <load_address>0x15338</load_address>
         <run_address>0x15338</run_address>
         <size>0xe8</size>
         <input_file_ref idref="fl-3"/>
      </object_component>
      <object_component id="oc-9b">
         <name>.text</name>
         <load_address>0x15420</load_address>
         <run_address>0x15420</run_address>
         <size>0xd0</size>
         <input_file_ref idref="fl-6"/>
      </object_component>
      <object_component id="oc-4c">
         <name>.text</name>
         <load_address>0x154f0</load_address>
         <run_address>0x154f0</run_address>
         <size>0x9c</size>
         <input_file_ref idref="fl-2f"/>
      </object_component>
      <object_component id="oc-65">
         <name>.text</name>
         <load_address>0x1558c</load_address>
         <run_address>0x1558c</run_address>
         <size>0x7a</size>
         <input_file_ref idref="fl-30"/>
      </object_component>
      <object_component id="oc-327">
         <name>.text</name>
         <load_address>0x15606</load_address>
         <run_address>0x15606</run_address>
         <size>0x2</size>
         <input_file_ref idref="fl-3b"/>
      </object_component>
      <object_component id="oc-37f">
         <name>.text</name>
         <load_address>0x15608</load_address>
         <run_address>0x15608</run_address>
         <size>0x74</size>
         <input_file_ref idref="fl-3e"/>
      </object_component>
      <object_component id="oc-88">
         <name>.text</name>
         <load_address>0x1567c</load_address>
         <run_address>0x1567c</run_address>
         <size>0x70</size>
         <input_file_ref idref="fl-25"/>
      </object_component>
      <object_component id="oc-58">
         <name>.text</name>
         <load_address>0x156ec</load_address>
         <run_address>0x156ec</run_address>
         <size>0x6a</size>
         <input_file_ref idref="fl-27"/>
      </object_component>
      <object_component id="oc-f8">
         <name>.text</name>
         <load_address>0x15756</load_address>
         <run_address>0x15756</run_address>
         <size>0x2</size>
         <input_file_ref idref="fl-33"/>
      </object_component>
      <object_component id="oc-26d">
         <name>.text</name>
         <load_address>0x15758</load_address>
         <run_address>0x15758</run_address>
         <size>0x64</size>
         <input_file_ref idref="fl-32"/>
      </object_component>
      <object_component id="oc-379">
         <name>.text</name>
         <load_address>0x157bc</load_address>
         <run_address>0x157bc</run_address>
         <size>0x56</size>
         <input_file_ref idref="fl-3c"/>
      </object_component>
      <object_component id="oc-397">
         <name>.text</name>
         <load_address>0x15814</load_address>
         <run_address>0x15814</run_address>
         <size>0x50</size>
         <input_file_ref idref="fl-39"/>
      </object_component>
      <object_component id="oc-94">
         <name>.text</name>
         <load_address>0x15864</load_address>
         <run_address>0x15864</run_address>
         <size>0x50</size>
         <input_file_ref idref="fl-2e"/>
      </object_component>
      <object_component id="oc-279">
         <name>.text</name>
         <load_address>0x158b4</load_address>
         <run_address>0x158b4</run_address>
         <size>0x50</size>
         <input_file_ref idref="fl-36"/>
      </object_component>
      <object_component id="oc-f2">
         <name>.text</name>
         <load_address>0x15904</load_address>
         <run_address>0x15904</run_address>
         <size>0x4c</size>
         <input_file_ref idref="fl-29"/>
      </object_component>
      <object_component id="oc-13c">
         <name>.text</name>
         <load_address>0x15950</load_address>
         <run_address>0x15950</run_address>
         <size>0x2c</size>
         <input_file_ref idref="fl-2c"/>
      </object_component>
      <object_component id="oc-391">
         <name>.text</name>
         <load_address>0x1597c</load_address>
         <run_address>0x1597c</run_address>
         <size>0x1c</size>
         <input_file_ref idref="fl-3d"/>
      </object_component>
      <object_component id="oc-3d3">
         <name>.text</name>
         <load_address>0x15998</load_address>
         <run_address>0x15998</run_address>
         <size>0x18</size>
         <input_file_ref idref="fl-42"/>
      </object_component>
      <object_component id="oc-38b">
         <name>.text</name>
         <load_address>0x159b0</load_address>
         <run_address>0x159b0</run_address>
         <size>0x16</size>
         <input_file_ref idref="fl-40"/>
      </object_component>
      <object_component id="oc-273">
         <name>.text</name>
         <load_address>0x159c6</load_address>
         <run_address>0x159c6</run_address>
         <size>0x16</size>
         <input_file_ref idref="fl-35"/>
      </object_component>
      <object_component id="oc-2a4">
         <name>.text</name>
         <load_address>0x159dc</load_address>
         <run_address>0x159dc</run_address>
         <size>0x14</size>
         <input_file_ref idref="fl-37"/>
      </object_component>
      <object_component id="oc-300">
         <name>.text</name>
         <load_address>0x159f0</load_address>
         <run_address>0x159f0</run_address>
         <size>0x14</size>
         <input_file_ref idref="fl-34"/>
      </object_component>
      <object_component id="oc-e">
         <name>.text:decompress:none</name>
         <load_address>0x15a04</load_address>
         <run_address>0x15a04</run_address>
         <size>0xe</size>
         <input_file_ref idref="fl-26"/>
      </object_component>
      <object_component id="oc-14">
         <name>.text:decompress:rle24</name>
         <load_address>0x15a12</load_address>
         <run_address>0x15a12</run_address>
         <size>0x6</size>
         <input_file_ref idref="fl-27"/>
      </object_component>
      <object_component id="oc-3a">
         <name>.text:retain</name>
         <load_address>0x15a18</load_address>
         <run_address>0x15a18</run_address>
         <size>0x4</size>
         <input_file_ref idref="fl-1a"/>
      </object_component>
      <object_component id="oc-2c">
         <name>.const:s_vim_init</name>
         <load_address>0x15a20</load_address>
         <run_address>0x15a20</run_address>
         <size>0x180</size>
         <input_file_ref idref="fl-1f"/>
      </object_component>
      <object_component id="oc-3df">
         <name>.const:.string:_ctypes_</name>
         <load_address>0x15ba0</load_address>
         <run_address>0x15ba0</run_address>
         <size>0x101</size>
         <input_file_ref idref="fl-3a"/>
      </object_component>
      <object_component id="oc-2d5">
         <name>.const</name>
         <load_address>0x15ca4</load_address>
         <run_address>0x15ca4</run_address>
         <size>0x4</size>
         <input_file_ref idref="fl-9"/>
      </object_component>
      <object_component id="oc-345">
         <name>.const:$O1$$</name>
         <load_address>0x15ca8</load_address>
         <run_address>0x15ca8</run_address>
         <size>0x98</size>
         <input_file_ref idref="fl-31"/>
      </object_component>
      <object_component id="oc-28c">
         <name>.const:$O1$$</name>
         <load_address>0x15d40</load_address>
         <run_address>0x15d40</run_address>
         <size>0x30</size>
         <input_file_ref idref="fl-2b"/>
      </object_component>
      <object_component id="oc-21d">
         <name>.const:s_canByteOrder</name>
         <load_address>0x15d70</load_address>
         <run_address>0x15d70</run_address>
         <size>0x20</size>
         <input_file_ref idref="fl-2"/>
      </object_component>
      <object_component id="oc-15a">
         <name>.const:$P$T0$10</name>
         <load_address>0x15d90</load_address>
         <run_address>0x15d90</run_address>
         <size>0x10</size>
         <input_file_ref idref="fl-17"/>
      </object_component>
      <object_component id="oc-180">
         <name>.kernelBSS</name>
         <load_address>0x800096c</load_address>
         <run_address>0x800096c</run_address>
         <size>0x8</size>
         <input_file_ref idref="fl-c"/>
      </object_component>
      <object_component id="oc-17d">
         <name>.kernelBSS:init</name>
         <load_address>0x8000934</load_address>
         <run_address>0x8000934</run_address>
         <size>0x38</size>
         <input_file_ref idref="fl-f"/>
      </object_component>
      <object_component id="oc-26a">
         <name>.kernelBSS:uninit</name>
         <load_address>0x8000800</load_address>
         <run_address>0x8000800</run_address>
         <size>0x134</size>
         <input_file_ref idref="fl-f"/>
      </object_component>
      <object_component id="oc-35c">
         <name>.kernelHEAP</name>
         <uninitialized>true</uninitialized>
         <run_address>0x8001000</run_address>
         <size>0x2000</size>
         <input_file_ref idref="fl-9"/>
      </object_component>
      <object_component id="oc-2d8">
         <name>.bss:xStart</name>
         <uninitialized>true</uninitialized>
         <run_address>0x800334c</run_address>
         <size>0x8</size>
         <input_file_ref idref="fl-9"/>
      </object_component>
      <object_component id="oc-25b">
         <name>.bss</name>
         <uninitialized>true</uninitialized>
         <run_address>0x8003244</run_address>
         <size>0x78</size>
         <input_file_ref idref="fl-f"/>
      </object_component>
      <object_component id="oc-244">
         <name>.bss:g_sciTransfer_t</name>
         <uninitialized>true</uninitialized>
         <run_address>0x800330c</run_address>
         <size>0x28</size>
         <input_file_ref idref="fl-13"/>
      </object_component>
      <object_component id="oc-118">
         <name>.bss</name>
         <uninitialized>true</uninitialized>
         <run_address>0x80032bc</run_address>
         <size>0x50</size>
         <input_file_ref idref="fl-17"/>
      </object_component>
      <object_component id="oc-122">
         <name>.bss:lead_pos</name>
         <uninitialized>true</uninitialized>
         <run_address>0x8003334</run_address>
         <size>0xc</size>
         <input_file_ref idref="fl-17"/>
      </object_component>
      <object_component id="oc-150">
         <name>.bss:lead_pos_delayed</name>
         <uninitialized>true</uninitialized>
         <run_address>0x8003340</run_address>
         <size>0xc</size>
         <input_file_ref idref="fl-17"/>
      </object_component>
      <object_component id="oc-159">
         <name>.common:canTaskTcb</name>
         <uninitialized>true</uninitialized>
         <run_address>0x8003368</run_address>
         <size>0x4</size>
      </object_component>
      <object_component id="oc-11c">
         <name>.common:CATcb</name>
         <uninitialized>true</uninitialized>
         <run_address>0x800335c</run_address>
         <size>0x4</size>
      </object_component>
      <object_component id="oc-11d">
         <name>.common:steerTaskTcb</name>
         <uninitialized>true</uninitialized>
         <run_address>0x8003388</run_address>
         <size>0x4</size>
      </object_component>
      <object_component id="oc-125">
         <name>.common:radarTaskTcb</name>
         <uninitialized>true</uninitialized>
         <run_address>0x8003384</run_address>
         <size>0x4</size>
      </object_component>
      <object_component id="oc-11b">
         <name>.common:vehToVehTaskTcb</name>
         <uninitialized>true</uninitialized>
         <run_address>0x80033a0</run_address>
         <size>0x4</size>
      </object_component>
      <object_component id="oc-139">
         <name>.common:cruiseControlTaskTcb</name>
         <uninitialized>true</uninitialized>
         <run_address>0x8003370</run_address>
         <size>0x4</size>
      </object_component>
      <object_component id="oc-142">
         <name>.common:rx_data</name>
         <uninitialized>true</uninitialized>
         <run_address>0x8003354</run_address>
         <size>0x8</size>
      </object_component>
      <object_component id="oc-13a">
         <name>.common:canIntRxSem</name>
         <uninitialized>true</uninitialized>
         <run_address>0x8003364</run_address>
         <size>0x4</size>
      </object_component>
      <object_component id="oc-157">
         <name>.common:accSem</name>
         <uninitialized>true</uninitialized>
         <run_address>0x8003360</run_address>
         <size>0x4</size>
      </object_component>
      <object_component id="oc-158">
         <name>.common:ultrasonicSem</name>
         <uninitialized>true</uninitialized>
         <run_address>0x8003398</run_address>
         <size>0x4</size>
      </object_component>
      <object_component id="oc-143">
         <name>.common:uartAccTxSem</name>
         <uninitialized>true</uninitialized>
         <run_address>0x8003390</run_address>
         <size>0x4</size>
      </object_component>
      <object_component id="oc-156">
         <name>.common:uartUltrasonicTxSem</name>
         <uninitialized>true</uninitialized>
         <run_address>0x8003394</run_address>
         <size>0x4</size>
      </object_component>
      <object_component id="oc-11e">
         <name>.common:radarSem</name>
         <uninitialized>true</uninitialized>
         <run_address>0x8003380</run_address>
         <size>0x4</size>
      </object_component>
      <object_component id="oc-126">
         <name>.common:cruiseControlSem</name>
         <uninitialized>true</uninitialized>
         <run_address>0x800336c</run_address>
         <size>0x4</size>
      </object_component>
      <object_component id="oc-115">
         <name>.common:vehToVehSem</name>
         <uninitialized>true</uninitialized>
         <run_address>0x800339c</run_address>
         <size>0x4</size>
      </object_component>
      <object_component id="oc-13b">
         <name>.common:mailBox</name>
         <uninitialized>true</uninitialized>
         <run_address>0x8003378</run_address>
         <size>0x4</size>
      </object_component>
      <object_component id="oc-155">
         <name>.common:prevTime</name>
         <uninitialized>true</uninitialized>
         <run_address>0x800337c</run_address>
         <size>0x4</size>
      </object_component>
      <object_component id="oc-153">
         <name>.common:currentTime</name>
         <uninitialized>true</uninitialized>
         <run_address>0x8003374</run_address>
         <size>0x4</size>
      </object_component>
      <object_component id="oc-154">
         <name>.common:timeStep</name>
         <uninitialized>true</uninitialized>
         <run_address>0x800338c</run_address>
         <size>0x4</size>
      </object_component>
      <object_component id="oc-2d2">
         <name>.data</name>
         <load_address>0x8003210</load_address>
         <run_address>0x8003210</run_address>
         <size>0x10</size>
         <input_file_ref idref="fl-9"/>
      </object_component>
      <object_component id="oc-261">
         <name>.data</name>
         <load_address>0x80031a8</load_address>
         <run_address>0x80031a8</run_address>
         <size>0x50</size>
         <input_file_ref idref="fl-f"/>
      </object_component>
      <object_component id="oc-25e">
         <name>.data:globalBudgetTable</name>
         <load_address>0x8003090</load_address>
         <run_address>0x8003090</run_address>
         <size>0x90</size>
         <input_file_ref idref="fl-f"/>
      </object_component>
      <object_component id="oc-264">
         <name>.data:globalBehaviourTable</name>
         <load_address>0x8003000</load_address>
         <run_address>0x8003000</run_address>
         <size>0x90</size>
         <input_file_ref idref="fl-f"/>
      </object_component>
      <object_component id="oc-267">
         <name>.data:globalRuntimeBudgetTable</name>
         <load_address>0x80031f8</load_address>
         <run_address>0x80031f8</run_address>
         <size>0x18</size>
         <input_file_ref idref="fl-f"/>
      </object_component>
      <object_component id="oc-112">
         <name>.data</name>
         <load_address>0x8003120</load_address>
         <run_address>0x8003120</run_address>
         <size>0x88</size>
         <input_file_ref idref="fl-17"/>
      </object_component>
      <object_component id="oc-11f">
         <name>.data:fol_pos</name>
         <load_address>0x800322c</load_address>
         <run_address>0x800322c</run_address>
         <size>0xc</size>
         <input_file_ref idref="fl-17"/>
      </object_component>
      <object_component id="oc-287">
         <name>.data</name>
         <load_address>0x8003240</load_address>
         <run_address>0x8003240</run_address>
         <size>0x4</size>
         <input_file_ref idref="fl-2d"/>
      </object_component>
      <object_component id="oc-16d">
         <name>.data:$O1$$</name>
         <load_address>0x8003220</load_address>
         <run_address>0x8003220</run_address>
         <size>0xc</size>
         <input_file_ref idref="fl-2e"/>
      </object_component>
      <object_component id="oc-170">
         <name>.data:$O1$$</name>
         <load_address>0x8003238</load_address>
         <run_address>0x8003238</run_address>
         <size>0x8</size>
         <input_file_ref idref="fl-37"/>
      </object_component>
      <object_component id="oc-1aa">
         <name>.debug_info</name>
         <load_address>0x0</load_address>
         <run_address>0x0</run_address>
         <size>0x244</size>
         <input_file_ref idref="fl-2"/>
      </object_component>
      <object_component id="oc-21e">
         <name>.debug_info</name>
         <load_address>0x244</load_address>
         <run_address>0x244</run_address>
         <size>0x103</size>
         <input_file_ref idref="fl-2"/>
      </object_component>
      <object_component id="oc-10d">
         <name>.debug_info</name>
         <load_address>0x347</load_address>
         <run_address>0x347</run_address>
         <size>0x1486</size>
         <input_file_ref idref="fl-2"/>
      </object_component>
      <object_component id="oc-27">
         <name>.debug_info</name>
         <load_address>0x17cd</load_address>
         <run_address>0x17cd</run_address>
         <size>0x2cd</size>
         <input_file_ref idref="fl-2"/>
      </object_component>
      <object_component id="oc-a2">
         <name>.debug_info</name>
         <load_address>0x1a9a</load_address>
         <run_address>0x1a9a</run_address>
         <size>0x157</size>
         <input_file_ref idref="fl-2"/>
      </object_component>
      <object_component id="oc-168">
         <name>.debug_info</name>
         <load_address>0x1bf1</load_address>
         <run_address>0x1bf1</run_address>
         <size>0x8b</size>
         <input_file_ref idref="fl-2"/>
      </object_component>
      <object_component id="oc-b8">
         <name>.debug_info</name>
         <load_address>0x1c7c</load_address>
         <run_address>0x1c7c</run_address>
         <size>0x18c</size>
         <input_file_ref idref="fl-2"/>
      </object_component>
      <object_component id="oc-15e">
         <name>.debug_info</name>
         <load_address>0x1e08</load_address>
         <run_address>0x1e08</run_address>
         <size>0x18b</size>
         <input_file_ref idref="fl-2"/>
      </object_component>
      <object_component id="oc-bd">
         <name>.debug_info</name>
         <load_address>0x1f93</load_address>
         <run_address>0x1f93</run_address>
         <size>0x86</size>
         <input_file_ref idref="fl-2"/>
      </object_component>
      <object_component id="oc-1be">
         <name>.debug_info</name>
         <load_address>0x2019</load_address>
         <run_address>0x2019</run_address>
         <size>0x437</size>
         <input_file_ref idref="fl-2"/>
      </object_component>
      <object_component id="oc-221">
         <name>.debug_info</name>
         <load_address>0x2450</load_address>
         <run_address>0x2450</run_address>
         <size>0x15f</size>
         <input_file_ref idref="fl-2"/>
      </object_component>
      <object_component id="oc-19f">
         <name>.debug_info</name>
         <load_address>0x25af</load_address>
         <run_address>0x25af</run_address>
         <size>0x2cf</size>
         <input_file_ref idref="fl-2"/>
      </object_component>
      <object_component id="oc-b1">
         <name>.debug_info</name>
         <load_address>0x287e</load_address>
         <run_address>0x287e</run_address>
         <size>0x11d</size>
         <input_file_ref idref="fl-3"/>
      </object_component>
      <object_component id="oc-f1">
         <name>.debug_info</name>
         <load_address>0x299b</load_address>
         <run_address>0x299b</run_address>
         <size>0x185</size>
         <input_file_ref idref="fl-4"/>
      </object_component>
      <object_component id="oc-83">
         <name>.debug_info</name>
         <load_address>0x2b20</load_address>
         <run_address>0x2b20</run_address>
         <size>0xb46</size>
         <input_file_ref idref="fl-4"/>
      </object_component>
      <object_component id="oc-32">
         <name>.debug_info</name>
         <load_address>0x3666</load_address>
         <run_address>0x3666</run_address>
         <size>0x1a6</size>
         <input_file_ref idref="fl-4"/>
      </object_component>
      <object_component id="oc-186">
         <name>.debug_info</name>
         <load_address>0x380c</load_address>
         <run_address>0x380c</run_address>
         <size>0x1de</size>
         <input_file_ref idref="fl-4"/>
      </object_component>
      <object_component id="oc-ec">
         <name>.debug_info</name>
         <load_address>0x39ea</load_address>
         <run_address>0x39ea</run_address>
         <size>0x129</size>
         <input_file_ref idref="fl-4"/>
      </object_component>
      <object_component id="oc-21c">
         <name>.debug_info</name>
         <load_address>0x3b13</load_address>
         <run_address>0x3b13</run_address>
         <size>0x108</size>
         <input_file_ref idref="fl-5"/>
      </object_component>
      <object_component id="oc-107">
         <name>.debug_info</name>
         <load_address>0x3c1b</load_address>
         <run_address>0x3c1b</run_address>
         <size>0x6fe</size>
         <input_file_ref idref="fl-5"/>
      </object_component>
      <object_component id="oc-190">
         <name>.debug_info</name>
         <load_address>0x4319</load_address>
         <run_address>0x4319</run_address>
         <size>0x1f9</size>
         <input_file_ref idref="fl-5"/>
      </object_component>
      <object_component id="oc-2e1">
         <name>.debug_info</name>
         <load_address>0x4512</load_address>
         <run_address>0x4512</run_address>
         <size>0x12a</size>
         <input_file_ref idref="fl-5"/>
      </object_component>
      <object_component id="oc-177">
         <name>.debug_info</name>
         <load_address>0x463c</load_address>
         <run_address>0x463c</run_address>
         <size>0x2fc</size>
         <input_file_ref idref="fl-6"/>
      </object_component>
      <object_component id="oc-9c">
         <name>.debug_info</name>
         <load_address>0x4938</load_address>
         <run_address>0x4938</run_address>
         <size>0x9d8</size>
         <input_file_ref idref="fl-6"/>
      </object_component>
      <object_component id="oc-1af">
         <name>.debug_info</name>
         <load_address>0x5310</load_address>
         <run_address>0x5310</run_address>
         <size>0x60e</size>
         <input_file_ref idref="fl-6"/>
      </object_component>
      <object_component id="oc-1b4">
         <name>.debug_info</name>
         <load_address>0x591e</load_address>
         <run_address>0x591e</run_address>
         <size>0x4de</size>
         <input_file_ref idref="fl-6"/>
      </object_component>
      <object_component id="oc-1b9">
         <name>.debug_info</name>
         <load_address>0x5dfc</load_address>
         <run_address>0x5dfc</run_address>
         <size>0x3ce</size>
         <input_file_ref idref="fl-6"/>
      </object_component>
      <object_component id="oc-2b2">
         <name>.debug_info</name>
         <load_address>0x61ca</load_address>
         <run_address>0x61ca</run_address>
         <size>0x7cd</size>
         <input_file_ref idref="fl-6"/>
      </object_component>
      <object_component id="oc-178">
         <name>.debug_info</name>
         <load_address>0x6997</load_address>
         <run_address>0x6997</run_address>
         <size>0x673</size>
         <input_file_ref idref="fl-6"/>
      </object_component>
      <object_component id="oc-d3">
         <name>.debug_info</name>
         <load_address>0x700a</load_address>
         <run_address>0x700a</run_address>
         <size>0x2c</size>
         <input_file_ref idref="fl-6"/>
      </object_component>
      <object_component id="oc-1e9">
         <name>.debug_info</name>
         <load_address>0x7036</load_address>
         <run_address>0x7036</run_address>
         <size>0x37b</size>
         <input_file_ref idref="fl-6"/>
      </object_component>
      <object_component id="oc-1c3">
         <name>.debug_info</name>
         <load_address>0x73b1</load_address>
         <run_address>0x73b1</run_address>
         <size>0x1ca</size>
         <input_file_ref idref="fl-6"/>
      </object_component>
      <object_component id="oc-18b">
         <name>.debug_info</name>
         <load_address>0x757b</load_address>
         <run_address>0x757b</run_address>
         <size>0x435</size>
         <input_file_ref idref="fl-6"/>
      </object_component>
      <object_component id="oc-1dc">
         <name>.debug_info</name>
         <load_address>0x79b0</load_address>
         <run_address>0x79b0</run_address>
         <size>0x551</size>
         <input_file_ref idref="fl-6"/>
      </object_component>
      <object_component id="oc-1c8">
         <name>.debug_info</name>
         <load_address>0x7f01</load_address>
         <run_address>0x7f01</run_address>
         <size>0x3d3</size>
         <input_file_ref idref="fl-6"/>
      </object_component>
      <object_component id="oc-1d2">
         <name>.debug_info</name>
         <load_address>0x82d4</load_address>
         <run_address>0x82d4</run_address>
         <size>0x1de</size>
         <input_file_ref idref="fl-6"/>
      </object_component>
      <object_component id="oc-22a">
         <name>.debug_info</name>
         <load_address>0x84b2</load_address>
         <run_address>0x84b2</run_address>
         <size>0x243</size>
         <input_file_ref idref="fl-6"/>
      </object_component>
      <object_component id="oc-2f1">
         <name>.debug_info</name>
         <load_address>0x86f5</load_address>
         <run_address>0x86f5</run_address>
         <size>0x18e</size>
         <input_file_ref idref="fl-6"/>
      </object_component>
      <object_component id="oc-1e1">
         <name>.debug_info</name>
         <load_address>0x8883</load_address>
         <run_address>0x8883</run_address>
         <size>0x17a</size>
         <input_file_ref idref="fl-6"/>
      </object_component>
      <object_component id="oc-195">
         <name>.debug_info</name>
         <load_address>0x89fd</load_address>
         <run_address>0x89fd</run_address>
         <size>0x6a6</size>
         <input_file_ref idref="fl-6"/>
      </object_component>
      <object_component id="oc-19a">
         <name>.debug_info</name>
         <load_address>0x90a3</load_address>
         <run_address>0x90a3</run_address>
         <size>0x13e</size>
         <input_file_ref idref="fl-6"/>
      </object_component>
      <object_component id="oc-2a1">
         <name>.debug_info</name>
         <load_address>0x91e1</load_address>
         <run_address>0x91e1</run_address>
         <size>0x365</size>
         <input_file_ref idref="fl-7"/>
      </object_component>
      <object_component id="oc-20c">
         <name>.debug_info</name>
         <load_address>0x9546</load_address>
         <run_address>0x9546</run_address>
         <size>0x305</size>
         <input_file_ref idref="fl-7"/>
      </object_component>
      <object_component id="oc-163">
         <name>.debug_info</name>
         <load_address>0x984b</load_address>
         <run_address>0x984b</run_address>
         <size>0xe1</size>
         <input_file_ref idref="fl-7"/>
      </object_component>
      <object_component id="oc-cb">
         <name>.debug_info</name>
         <load_address>0x992c</load_address>
         <run_address>0x992c</run_address>
         <size>0x84</size>
         <input_file_ref idref="fl-7"/>
      </object_component>
      <object_component id="oc-34d">
         <name>.debug_info</name>
         <load_address>0x99b0</load_address>
         <run_address>0x99b0</run_address>
         <size>0xcc</size>
         <input_file_ref idref="fl-7"/>
      </object_component>
      <object_component id="oc-206">
         <name>.debug_info</name>
         <load_address>0x9a7c</load_address>
         <run_address>0x9a7c</run_address>
         <size>0x2c</size>
         <input_file_ref idref="fl-7"/>
      </object_component>
      <object_component id="oc-216">
         <name>.debug_info</name>
         <load_address>0x9aa8</load_address>
         <run_address>0x9aa8</run_address>
         <size>0x46</size>
         <input_file_ref idref="fl-7"/>
      </object_component>
      <object_component id="oc-22f">
         <name>.debug_info</name>
         <load_address>0x9aee</load_address>
         <run_address>0x9aee</run_address>
         <size>0x14c</size>
         <input_file_ref idref="fl-7"/>
      </object_component>
      <object_component id="oc-33c">
         <name>.debug_info</name>
         <load_address>0x9c3a</load_address>
         <run_address>0x9c3a</run_address>
         <size>0x473</size>
         <input_file_ref idref="fl-8"/>
      </object_component>
      <object_component id="oc-282">
         <name>.debug_info</name>
         <load_address>0xa0ad</load_address>
         <run_address>0xa0ad</run_address>
         <size>0x110</size>
         <input_file_ref idref="fl-8"/>
      </object_component>
      <object_component id="oc-3b5">
         <name>.debug_info</name>
         <load_address>0xa1bd</load_address>
         <run_address>0xa1bd</run_address>
         <size>0x39</size>
         <input_file_ref idref="fl-8"/>
      </object_component>
      <object_component id="oc-330">
         <name>.debug_info</name>
         <load_address>0xa1f6</load_address>
         <run_address>0xa1f6</run_address>
         <size>0x46</size>
         <input_file_ref idref="fl-8"/>
      </object_component>
      <object_component id="oc-3ba">
         <name>.debug_info</name>
         <load_address>0xa23c</load_address>
         <run_address>0xa23c</run_address>
         <size>0x76</size>
         <input_file_ref idref="fl-8"/>
      </object_component>
      <object_component id="oc-2dc">
         <name>.debug_info</name>
         <load_address>0xa2b2</load_address>
         <run_address>0xa2b2</run_address>
         <size>0x220</size>
         <input_file_ref idref="fl-9"/>
      </object_component>
      <object_component id="oc-35d">
         <name>.debug_info</name>
         <load_address>0xa4d2</load_address>
         <run_address>0xa4d2</run_address>
         <size>0xf7</size>
         <input_file_ref idref="fl-9"/>
      </object_component>
      <object_component id="oc-2d6">
         <name>.debug_info</name>
         <load_address>0xa5c9</load_address>
         <run_address>0xa5c9</run_address>
         <size>0x109</size>
         <input_file_ref idref="fl-9"/>
      </object_component>
      <object_component id="oc-2d9">
         <name>.debug_info</name>
         <load_address>0xa6d2</load_address>
         <run_address>0xa6d2</run_address>
         <size>0xf7</size>
         <input_file_ref idref="fl-9"/>
      </object_component>
      <object_component id="oc-2d3">
         <name>.debug_info</name>
         <load_address>0xa7c9</load_address>
         <run_address>0xa7c9</run_address>
         <size>0x1ab</size>
         <input_file_ref idref="fl-9"/>
      </object_component>
      <object_component id="oc-203">
         <name>.debug_info</name>
         <load_address>0xa974</load_address>
         <run_address>0xa974</run_address>
         <size>0x554</size>
         <input_file_ref idref="fl-9"/>
      </object_component>
      <object_component id="oc-2d0">
         <name>.debug_info</name>
         <load_address>0xaec8</load_address>
         <run_address>0xaec8</run_address>
         <size>0x2ce</size>
         <input_file_ref idref="fl-9"/>
      </object_component>
      <object_component id="oc-366">
         <name>.debug_info</name>
         <load_address>0xb196</load_address>
         <run_address>0xb196</run_address>
         <size>0x62</size>
         <input_file_ref idref="fl-9"/>
      </object_component>
      <object_component id="oc-2ff">
         <name>.debug_info</name>
         <load_address>0xb1f8</load_address>
         <run_address>0xb1f8</run_address>
         <size>0x156</size>
         <input_file_ref idref="fl-a"/>
      </object_component>
      <object_component id="oc-250">
         <name>.debug_info</name>
         <load_address>0xb34e</load_address>
         <run_address>0xb34e</run_address>
         <size>0x5f0</size>
         <input_file_ref idref="fl-a"/>
      </object_component>
      <object_component id="oc-20b">
         <name>.debug_info</name>
         <load_address>0xb93e</load_address>
         <run_address>0xb93e</run_address>
         <size>0x7f5</size>
         <input_file_ref idref="fl-b"/>
      </object_component>
      <object_component id="oc-104">
         <name>.debug_info</name>
         <load_address>0xc133</load_address>
         <run_address>0xc133</run_address>
         <size>0x23ea</size>
         <input_file_ref idref="fl-b"/>
      </object_component>
      <object_component id="oc-211">
         <name>.debug_info</name>
         <load_address>0xe51d</load_address>
         <run_address>0xe51d</run_address>
         <size>0x46</size>
         <input_file_ref idref="fl-b"/>
      </object_component>
      <object_component id="oc-2fd">
         <name>.debug_info</name>
         <load_address>0xe563</load_address>
         <run_address>0xe563</run_address>
         <size>0x274</size>
         <input_file_ref idref="fl-c"/>
      </object_component>
      <object_component id="oc-181">
         <name>.debug_info</name>
         <load_address>0xe7d7</load_address>
         <run_address>0xe7d7</run_address>
         <size>0x145</size>
         <input_file_ref idref="fl-c"/>
      </object_component>
      <object_component id="oc-24b">
         <name>.debug_info</name>
         <load_address>0xe91c</load_address>
         <run_address>0xe91c</run_address>
         <size>0x5d7</size>
         <input_file_ref idref="fl-c"/>
      </object_component>
      <object_component id="oc-2f8">
         <name>.debug_info</name>
         <load_address>0xeef3</load_address>
         <run_address>0xeef3</run_address>
         <size>0x37d</size>
         <input_file_ref idref="fl-c"/>
      </object_component>
      <object_component id="oc-a8">
         <name>.debug_info</name>
         <load_address>0xf270</load_address>
         <run_address>0xf270</run_address>
         <size>0x4fe</size>
         <input_file_ref idref="fl-d"/>
      </object_component>
      <object_component id="oc-281">
         <name>.debug_info</name>
         <load_address>0xf76e</load_address>
         <run_address>0xf76e</run_address>
         <size>0x4f4</size>
         <input_file_ref idref="fl-e"/>
      </object_component>
      <object_component id="oc-135">
         <name>.debug_info</name>
         <load_address>0xfc62</load_address>
         <run_address>0xfc62</run_address>
         <size>0x22da</size>
         <input_file_ref idref="fl-e"/>
      </object_component>
      <object_component id="oc-337">
         <name>.debug_info</name>
         <load_address>0x11f3c</load_address>
         <run_address>0x11f3c</run_address>
         <size>0x17d</size>
         <input_file_ref idref="fl-e"/>
      </object_component>
      <object_component id="oc-27f">
         <name>.debug_info</name>
         <load_address>0x120b9</load_address>
         <run_address>0x120b9</run_address>
         <size>0x78d</size>
         <input_file_ref idref="fl-f"/>
      </object_component>
      <object_component id="oc-262">
         <name>.debug_info</name>
         <load_address>0x12846</load_address>
         <run_address>0x12846</run_address>
         <size>0x4d9</size>
         <input_file_ref idref="fl-f"/>
      </object_component>
      <object_component id="oc-25f">
         <name>.debug_info</name>
         <load_address>0x12d1f</load_address>
         <run_address>0x12d1f</run_address>
         <size>0x10e</size>
         <input_file_ref idref="fl-f"/>
      </object_component>
      <object_component id="oc-265">
         <name>.debug_info</name>
         <load_address>0x12e2d</load_address>
         <run_address>0x12e2d</run_address>
         <size>0x114</size>
         <input_file_ref idref="fl-f"/>
      </object_component>
      <object_component id="oc-268">
         <name>.debug_info</name>
         <load_address>0x12f41</load_address>
         <run_address>0x12f41</run_address>
         <size>0x11c</size>
         <input_file_ref idref="fl-f"/>
      </object_component>
      <object_component id="oc-25c">
         <name>.debug_info</name>
         <load_address>0x1305d</load_address>
         <run_address>0x1305d</run_address>
         <size>0x730</size>
         <input_file_ref idref="fl-f"/>
      </object_component>
      <object_component id="oc-17e">
         <name>.debug_info</name>
         <load_address>0x1378d</load_address>
         <run_address>0x1378d</run_address>
         <size>0x381</size>
         <input_file_ref idref="fl-f"/>
      </object_component>
      <object_component id="oc-26b">
         <name>.debug_info</name>
         <load_address>0x13b0e</load_address>
         <run_address>0x13b0e</run_address>
         <size>0x28c</size>
         <input_file_ref idref="fl-f"/>
      </object_component>
      <object_component id="oc-12e">
         <name>.debug_info</name>
         <load_address>0x13d9a</load_address>
         <run_address>0x13d9a</run_address>
         <size>0x3885</size>
         <input_file_ref idref="fl-f"/>
      </object_component>
      <object_component id="oc-256">
         <name>.debug_info</name>
         <load_address>0x1761f</load_address>
         <run_address>0x1761f</run_address>
         <size>0x15fe</size>
         <input_file_ref idref="fl-f"/>
      </object_component>
      <object_component id="oc-307">
         <name>.debug_info</name>
         <load_address>0x18c1d</load_address>
         <run_address>0x18c1d</run_address>
         <size>0x1ee</size>
         <input_file_ref idref="fl-f"/>
      </object_component>
      <object_component id="oc-320">
         <name>.debug_info</name>
         <load_address>0x18e0b</load_address>
         <run_address>0x18e0b</run_address>
         <size>0x4e</size>
         <input_file_ref idref="fl-f"/>
      </object_component>
      <object_component id="oc-1ac">
         <name>.debug_info</name>
         <load_address>0x18e59</load_address>
         <run_address>0x18e59</run_address>
         <size>0x13b</size>
         <input_file_ref idref="fl-11"/>
      </object_component>
      <object_component id="oc-dd">
         <name>.debug_info</name>
         <load_address>0x18f94</load_address>
         <run_address>0x18f94</run_address>
         <size>0x200</size>
         <input_file_ref idref="fl-11"/>
      </object_component>
      <object_component id="oc-1cd">
         <name>.debug_info</name>
         <load_address>0x19194</load_address>
         <run_address>0x19194</run_address>
         <size>0x3a4</size>
         <input_file_ref idref="fl-11"/>
      </object_component>
      <object_component id="oc-2bf">
         <name>.debug_info</name>
         <load_address>0x19538</load_address>
         <run_address>0x19538</run_address>
         <size>0x2c7</size>
         <input_file_ref idref="fl-11"/>
      </object_component>
      <object_component id="oc-248">
         <name>.debug_info</name>
         <load_address>0x197ff</load_address>
         <run_address>0x197ff</run_address>
         <size>0x134</size>
         <input_file_ref idref="fl-13"/>
      </object_component>
      <object_component id="oc-245">
         <name>.debug_info</name>
         <load_address>0x19933</load_address>
         <run_address>0x19933</run_address>
         <size>0x105</size>
         <input_file_ref idref="fl-13"/>
      </object_component>
      <object_component id="oc-128">
         <name>.debug_info</name>
         <load_address>0x19a38</load_address>
         <run_address>0x19a38</run_address>
         <size>0xc0c</size>
         <input_file_ref idref="fl-13"/>
      </object_component>
      <object_component id="oc-2ec">
         <name>.debug_info</name>
         <load_address>0x1a644</load_address>
         <run_address>0x1a644</run_address>
         <size>0x91</size>
         <input_file_ref idref="fl-13"/>
      </object_component>
      <object_component id="oc-73">
         <name>.debug_info</name>
         <load_address>0x1a6d5</load_address>
         <run_address>0x1a6d5</run_address>
         <size>0x812</size>
         <input_file_ref idref="fl-14"/>
      </object_component>
      <object_component id="oc-38">
         <name>.debug_info</name>
         <load_address>0x1aee7</load_address>
         <run_address>0x1aee7</run_address>
         <size>0x125</size>
         <input_file_ref idref="fl-16"/>
      </object_component>
      <object_component id="oc-116">
         <name>.debug_info</name>
         <load_address>0x1b00c</load_address>
         <run_address>0x1b00c</run_address>
         <size>0xd5d</size>
         <input_file_ref idref="fl-17"/>
      </object_component>
      <object_component id="oc-113">
         <name>.debug_info</name>
         <load_address>0x1bd69</load_address>
         <run_address>0x1bd69</run_address>
         <size>0x545</size>
         <input_file_ref idref="fl-17"/>
      </object_component>
      <object_component id="oc-119">
         <name>.debug_info</name>
         <load_address>0x1c2ae</load_address>
         <run_address>0x1c2ae</run_address>
         <size>0x390</size>
         <input_file_ref idref="fl-17"/>
      </object_component>
      <object_component id="oc-123">
         <name>.debug_info</name>
         <load_address>0x1c63e</load_address>
         <run_address>0x1c63e</run_address>
         <size>0xfc</size>
         <input_file_ref idref="fl-17"/>
      </object_component>
      <object_component id="oc-151">
         <name>.debug_info</name>
         <load_address>0x1c73a</load_address>
         <run_address>0x1c73a</run_address>
         <size>0x10c</size>
         <input_file_ref idref="fl-17"/>
      </object_component>
      <object_component id="oc-120">
         <name>.debug_info</name>
         <load_address>0x1c846</load_address>
         <run_address>0x1c846</run_address>
         <size>0xfa</size>
         <input_file_ref idref="fl-17"/>
      </object_component>
      <object_component id="oc-15b">
         <name>.debug_info</name>
         <load_address>0x1c940</load_address>
         <run_address>0x1c940</run_address>
         <size>0xfd</size>
         <input_file_ref idref="fl-17"/>
      </object_component>
      <object_component id="oc-90">
         <name>.debug_info</name>
         <load_address>0x1ca3d</load_address>
         <run_address>0x1ca3d</run_address>
         <size>0x2959</size>
         <input_file_ref idref="fl-17"/>
      </object_component>
      <object_component id="oc-239">
         <name>.debug_info</name>
         <load_address>0x1f396</load_address>
         <run_address>0x1f396</run_address>
         <size>0xc8</size>
         <input_file_ref idref="fl-17"/>
      </object_component>
      <object_component id="oc-234">
         <name>.debug_info</name>
         <load_address>0x1f45e</load_address>
         <run_address>0x1f45e</run_address>
         <size>0x2c</size>
         <input_file_ref idref="fl-17"/>
      </object_component>
      <object_component id="oc-2c4">
         <name>.debug_info</name>
         <load_address>0x1f48a</load_address>
         <run_address>0x1f48a</run_address>
         <size>0x10e</size>
         <input_file_ref idref="fl-19"/>
      </object_component>
      <object_component id="oc-357">
         <name>.debug_info</name>
         <load_address>0x1f598</load_address>
         <run_address>0x1f598</run_address>
         <size>0x242</size>
         <input_file_ref idref="fl-19"/>
      </object_component>
      <object_component id="oc-1d7">
         <name>.debug_info</name>
         <load_address>0x1f7da</load_address>
         <run_address>0x1f7da</run_address>
         <size>0x2af</size>
         <input_file_ref idref="fl-19"/>
      </object_component>
      <object_component id="oc-3b">
         <name>.debug_info</name>
         <load_address>0x1fa89</load_address>
         <run_address>0x1fa89</run_address>
         <size>0x157</size>
         <input_file_ref idref="fl-1a"/>
      </object_component>
      <object_component id="oc-e7">
         <name>.debug_info</name>
         <load_address>0x1fbe0</load_address>
         <run_address>0x1fbe0</run_address>
         <size>0x385</size>
         <input_file_ref idref="fl-1c"/>
      </object_component>
      <object_component id="oc-ea">
         <name>.debug_info</name>
         <load_address>0x1ff65</load_address>
         <run_address>0x1ff65</run_address>
         <size>0x4cb</size>
         <input_file_ref idref="fl-1d"/>
      </object_component>
      <object_component id="oc-7d">
         <name>.debug_info</name>
         <load_address>0x20430</load_address>
         <run_address>0x20430</run_address>
         <size>0x2ea9</size>
         <input_file_ref idref="fl-1d"/>
      </object_component>
      <object_component id="oc-22">
         <name>.debug_info</name>
         <load_address>0x232d9</load_address>
         <run_address>0x232d9</run_address>
         <size>0x5dc</size>
         <input_file_ref idref="fl-1e"/>
      </object_component>
      <object_component id="oc-ae">
         <name>.debug_info</name>
         <load_address>0x238b5</load_address>
         <run_address>0x238b5</run_address>
         <size>0x34a</size>
         <input_file_ref idref="fl-1f"/>
      </object_component>
      <object_component id="oc-2d">
         <name>.debug_info</name>
         <load_address>0x23bff</load_address>
         <run_address>0x23bff</run_address>
         <size>0xff</size>
         <input_file_ref idref="fl-1f"/>
      </object_component>
      <object_component id="oc-42">
         <name>.debug_info</name>
         <load_address>0x23cfe</load_address>
         <run_address>0x23cfe</run_address>
         <size>0x491</size>
         <input_file_ref idref="fl-1f"/>
      </object_component>
      <object_component id="oc-48">
         <name>.debug_info</name>
         <load_address>0x2418f</load_address>
         <run_address>0x2418f</run_address>
         <size>0x21a</size>
         <input_file_ref idref="fl-1f"/>
      </object_component>
      <object_component id="oc-1a4">
         <name>.debug_info</name>
         <load_address>0x243a9</load_address>
         <run_address>0x243a9</run_address>
         <size>0x4f</size>
         <input_file_ref idref="fl-1f"/>
      </object_component>
      <object_component id="oc-e3">
         <name>.debug_info</name>
         <load_address>0x243f8</load_address>
         <run_address>0x243f8</run_address>
         <size>0x378</size>
         <input_file_ref idref="fl-20"/>
      </object_component>
      <object_component id="oc-77">
         <name>.debug_info</name>
         <load_address>0x24770</load_address>
         <run_address>0x24770</run_address>
         <size>0x750</size>
         <input_file_ref idref="fl-20"/>
      </object_component>
      <object_component id="oc-ff">
         <name>.debug_info</name>
         <load_address>0x24ec0</load_address>
         <run_address>0x24ec0</run_address>
         <size>0x2ea</size>
         <input_file_ref idref="fl-25"/>
      </object_component>
      <object_component id="oc-8c">
         <name>.debug_info</name>
         <load_address>0x251aa</load_address>
         <run_address>0x251aa</run_address>
         <size>0x191</size>
         <input_file_ref idref="fl-25"/>
      </object_component>
      <object_component id="oc-1f5">
         <name>.debug_info</name>
         <load_address>0x2533b</load_address>
         <run_address>0x2533b</run_address>
         <size>0x39</size>
         <input_file_ref idref="fl-25"/>
      </object_component>
      <object_component id="oc-1fa">
         <name>.debug_info</name>
         <load_address>0x25374</load_address>
         <run_address>0x25374</run_address>
         <size>0xcd</size>
         <input_file_ref idref="fl-25"/>
      </object_component>
      <object_component id="oc-57">
         <name>.debug_info</name>
         <load_address>0x25441</load_address>
         <run_address>0x25441</run_address>
         <size>0x13c</size>
         <input_file_ref idref="fl-26"/>
      </object_component>
      <object_component id="oc-f">
         <name>.debug_info</name>
         <load_address>0x2557d</load_address>
         <run_address>0x2557d</run_address>
         <size>0x1cb</size>
         <input_file_ref idref="fl-26"/>
      </object_component>
      <object_component id="oc-52">
         <name>.debug_info</name>
         <load_address>0x25748</load_address>
         <run_address>0x25748</run_address>
         <size>0x46</size>
         <input_file_ref idref="fl-26"/>
      </object_component>
      <object_component id="oc-c4">
         <name>.debug_info</name>
         <load_address>0x2578e</load_address>
         <run_address>0x2578e</run_address>
         <size>0x2c</size>
         <input_file_ref idref="fl-26"/>
      </object_component>
      <object_component id="oc-5f">
         <name>.debug_info</name>
         <load_address>0x257ba</load_address>
         <run_address>0x257ba</run_address>
         <size>0x135</size>
         <input_file_ref idref="fl-27"/>
      </object_component>
      <object_component id="oc-5b">
         <name>.debug_info</name>
         <load_address>0x258ef</load_address>
         <run_address>0x258ef</run_address>
         <size>0x248</size>
         <input_file_ref idref="fl-27"/>
      </object_component>
      <object_component id="oc-15">
         <name>.debug_info</name>
         <load_address>0x25b37</load_address>
         <run_address>0x25b37</run_address>
         <size>0x1b2</size>
         <input_file_ref idref="fl-27"/>
      </object_component>
      <object_component id="oc-60">
         <name>.debug_info</name>
         <load_address>0x25ce9</load_address>
         <run_address>0x25ce9</run_address>
         <size>0x39</size>
         <input_file_ref idref="fl-27"/>
      </object_component>
      <object_component id="oc-1f1">
         <name>.debug_info</name>
         <load_address>0x25d22</load_address>
         <run_address>0x25d22</run_address>
         <size>0x1e1</size>
         <input_file_ref idref="fl-29"/>
      </object_component>
      <object_component id="oc-f3">
         <name>.debug_info</name>
         <load_address>0x25f03</load_address>
         <run_address>0x25f03</run_address>
         <size>0x184</size>
         <input_file_ref idref="fl-29"/>
      </object_component>
      <object_component id="oc-2c7">
         <name>.debug_info</name>
         <load_address>0x26087</load_address>
         <run_address>0x26087</run_address>
         <size>0x2c</size>
         <input_file_ref idref="fl-29"/>
      </object_component>
      <object_component id="oc-29c">
         <name>.debug_info</name>
         <load_address>0x260b3</load_address>
         <run_address>0x260b3</run_address>
         <size>0x1ac</size>
         <input_file_ref idref="fl-2a"/>
      </object_component>
      <object_component id="oc-14b">
         <name>.debug_info</name>
         <load_address>0x2625f</load_address>
         <run_address>0x2625f</run_address>
         <size>0x1f9</size>
         <input_file_ref idref="fl-2a"/>
      </object_component>
      <object_component id="oc-290">
         <name>.debug_info</name>
         <load_address>0x26458</load_address>
         <run_address>0x26458</run_address>
         <size>0x39</size>
         <input_file_ref idref="fl-2a"/>
      </object_component>
      <object_component id="oc-343">
         <name>.debug_info</name>
         <load_address>0x26491</load_address>
         <run_address>0x26491</run_address>
         <size>0x1ff</size>
         <input_file_ref idref="fl-2b"/>
      </object_component>
      <object_component id="oc-28d">
         <name>.debug_info</name>
         <load_address>0x26690</load_address>
         <run_address>0x26690</run_address>
         <size>0x126</size>
         <input_file_ref idref="fl-2b"/>
      </object_component>
      <object_component id="oc-145">
         <name>.debug_info</name>
         <load_address>0x267b6</load_address>
         <run_address>0x267b6</run_address>
         <size>0x1d1</size>
         <input_file_ref idref="fl-2b"/>
      </object_component>
      <object_component id="oc-28b">
         <name>.debug_info</name>
         <load_address>0x26987</load_address>
         <run_address>0x26987</run_address>
         <size>0x115</size>
         <input_file_ref idref="fl-2c"/>
      </object_component>
      <object_component id="oc-13d">
         <name>.debug_info</name>
         <load_address>0x26a9c</load_address>
         <run_address>0x26a9c</run_address>
         <size>0x149</size>
         <input_file_ref idref="fl-2c"/>
      </object_component>
      <object_component id="oc-288">
         <name>.debug_info</name>
         <load_address>0x26be5</load_address>
         <run_address>0x26be5</run_address>
         <size>0xf4</size>
         <input_file_ref idref="fl-2d"/>
      </object_component>
      <object_component id="oc-174">
         <name>.debug_info</name>
         <load_address>0x26cd9</load_address>
         <run_address>0x26cd9</run_address>
         <size>0x235</size>
         <input_file_ref idref="fl-2e"/>
      </object_component>
      <object_component id="oc-16e">
         <name>.debug_info</name>
         <load_address>0x26f0e</load_address>
         <run_address>0x26f0e</run_address>
         <size>0x186</size>
         <input_file_ref idref="fl-2e"/>
      </object_component>
      <object_component id="oc-96">
         <name>.debug_info</name>
         <load_address>0x27094</load_address>
         <run_address>0x27094</run_address>
         <size>0x215</size>
         <input_file_ref idref="fl-2e"/>
      </object_component>
      <object_component id="oc-4e">
         <name>.debug_info</name>
         <load_address>0x272a9</load_address>
         <run_address>0x272a9</run_address>
         <size>0x112</size>
         <input_file_ref idref="fl-2f"/>
      </object_component>
      <object_component id="oc-66">
         <name>.debug_info</name>
         <load_address>0x273bb</load_address>
         <run_address>0x273bb</run_address>
         <size>0x140</size>
         <input_file_ref idref="fl-30"/>
      </object_component>
      <object_component id="oc-3c3">
         <name>.debug_info</name>
         <load_address>0x274fb</load_address>
         <run_address>0x274fb</run_address>
         <size>0x1f5</size>
         <input_file_ref idref="fl-31"/>
      </object_component>
      <object_component id="oc-346">
         <name>.debug_info</name>
         <load_address>0x276f0</load_address>
         <run_address>0x276f0</run_address>
         <size>0x127</size>
         <input_file_ref idref="fl-31"/>
      </object_component>
      <object_component id="oc-296">
         <name>.debug_info</name>
         <load_address>0x27817</load_address>
         <run_address>0x27817</run_address>
         <size>0x19e</size>
         <input_file_ref idref="fl-31"/>
      </object_component>
      <object_component id="oc-31f">
         <name>.debug_info</name>
         <load_address>0x279b5</load_address>
         <run_address>0x279b5</run_address>
         <size>0x1bc</size>
         <input_file_ref idref="fl-32"/>
      </object_component>
      <object_component id="oc-26e">
         <name>.debug_info</name>
         <load_address>0x27b71</load_address>
         <run_address>0x27b71</run_address>
         <size>0x2f0</size>
         <input_file_ref idref="fl-32"/>
      </object_component>
      <object_component id="oc-3a4">
         <name>.debug_info</name>
         <load_address>0x27e61</load_address>
         <run_address>0x27e61</run_address>
         <size>0x2c</size>
         <input_file_ref idref="fl-32"/>
      </object_component>
      <object_component id="oc-f9">
         <name>.debug_info</name>
         <load_address>0x27e8d</load_address>
         <run_address>0x27e8d</run_address>
         <size>0x146</size>
         <input_file_ref idref="fl-33"/>
[...]
         <object_component_ref idref="oc-7c"/>
      </symbol>
      <symbol id="sm-c8f">
         <name>enableParity</name>
         <value>0xaad0</value>
         <object_component_ref idref="oc-7c"/>
      </symbol>
      <symbol id="sm-c90">
         <name>dmaParityCheck</name>
         <value>0x8eac</value>
         <object_component_ref idref="oc-7c"/>
      </symbol>
      <symbol id="sm-c91">
         <name>custom_dabort</name>
         <value>0x8df4</value>
         <object_component_ref idref="oc-7c"/>
      </symbol>
      <symbol id="sm-c92">
         <name>memoryInit</name>
         <value>0x8174</value>
         <object_component_ref idref="oc-7c"/>
      </symbol>
      <symbol id="sm-c93">
         <name>stcSelfCheck</name>
         <value>0x81b8</value>
         <object_component_ref idref="oc-7c"/>
      </symbol>
      <symbol id="sm-c94">
         <name>efcGetConfigValue</name>
         <value>0xa660</value>
         <object_component_ref idref="oc-7c"/>
      </symbol>
      <symbol id="sm-c95">
         <name>can2ParityCheck</name>
         <value>0x94e8</value>
         <object_component_ref idref="oc-7c"/>
      </symbol>
      <symbol id="sm-c96">
         <name>het1ParityCheck</name>
         <value>0x8f58</value>
         <object_component_ref idref="oc-7c"/>
      </symbol>
      <symbol id="sm-c97">
         <name>adc1ParityCheck</name>
         <value>0x926c</value>
         <object_component_ref idref="oc-7c"/>
      </symbol>
      <symbol id="sm-c98">
         <name>checkefcSelfTest</name>
         <value>0x87bc</value>
         <object_component_ref idref="oc-7c"/>
      </symbol>
      <symbol id="sm-c99">
         <name>checkRAMECC</name>
         <value>0x99d0</value>
         <object_component_ref idref="oc-7c"/>
      </symbol>
      <symbol id="sm-c9a">
         <name>stcSelfCheckFail</name>
         <value>0x8df8</value>
         <object_component_ref idref="oc-7c"/>
      </symbol>
      <symbol id="sm-c9b">
         <name>ccmSelfCheck</name>
         <value>0x8030</value>
         <object_component_ref idref="oc-7c"/>
      </symbol>
      <symbol id="sm-c9c">
         <name>efcCheck</name>
         <value>0x8660</value>
         <object_component_ref idref="oc-7c"/>
      </symbol>
      <symbol id="sm-c9d">
         <name>het2ParityCheck</name>
         <value>0x90c0</value>
         <object_component_ref idref="oc-7c"/>
      </symbol>
      <symbol id="sm-c9e">
         <name>adc2ParityCheck</name>
         <value>0x9358</value>
         <object_component_ref idref="oc-7c"/>
      </symbol>
      <symbol id="sm-c9f">
         <name>cpuSelfTest</name>
         <value>0x8234</value>
         <object_component_ref idref="oc-7c"/>
      </symbol>
      <symbol id="sm-ca0">
         <name>htu1ParityCheck</name>
         <value>0x9004</value>
         <object_component_ref idref="oc-7c"/>
      </symbol>
      <symbol id="sm-ca1">
         <name>checkFlashECC</name>
         <value>0x8d18</value>
         <object_component_ref idref="oc-7c"/>
      </symbol>
      <symbol id="sm-ca2">
         <name>cpuSelfTestFail</name>
         <value>0x8dfc</value>
         <object_component_ref idref="oc-7c"/>
      </symbol>
      <symbol id="sm-ca3">
         <name>checkPLL1Slip</name>
         <value>0x9e8c</value>
         <object_component_ref idref="oc-7c"/>
      </symbol>
      <symbol id="sm-ca4">
         <name>mibspi1ParityCheck</name>
         <value>0x9684</value>
         <object_component_ref idref="oc-7c"/>
      </symbol>
      <symbol id="sm-ca5">
         <name>ccmr4GetConfigValue</name>
         <value>0xa6fc</value>
         <object_component_ref idref="oc-7c"/>
      </symbol>
      <symbol id="sm-ca6">
         <name>htu2ParityCheck</name>
         <value>0x91bc</value>
         <object_component_ref idref="oc-7c"/>
      </symbol>
      <symbol id="sm-ca7">
         <name>pbistPortTestStatus</name>
         <value>0x8608</value>
         <object_component_ref idref="oc-7c"/>
      </symbol>
      <symbol id="sm-ca8">
         <name>checkFlashEEPROMECC</name>
         <value>0x9cf4</value>
         <object_component_ref idref="oc-7c"/>
      </symbol>
      <symbol id="sm-ca9">
         <name>pbistGetConfigValue</name>
         <value>0xa470</value>
         <object_component_ref idref="oc-7c"/>
      </symbol>
      <symbol id="sm-caa">
         <name>vimParityCheck</name>
         <value>0x8e00</value>
         <object_component_ref idref="oc-7c"/>
      </symbol>
      <symbol id="sm-cab">
         <name>pbistIsTestCompleted</name>
         <value>0x85a8</value>
         <object_component_ref idref="oc-7c"/>
      </symbol>
      <symbol id="sm-cac">
         <name>disableParity</name>
         <value>0xab58</value>
         <object_component_ref idref="oc-7c"/>
      </symbol>
      <symbol id="sm-cad">
         <name>pbistRun</name>
         <value>0x84ac</value>
         <object_component_ref idref="oc-7c"/>
      </symbol>
      <symbol id="sm-cae">
         <name>pbistFail</name>
         <value>0xa3ec</value>
         <object_component_ref idref="oc-7c"/>
      </symbol>
      <symbol id="sm-caf">
         <name>selftestFailNotification</name>
         <value>0x8020</value>
         <object_component_ref idref="oc-7c"/>
      </symbol>
      <symbol id="sm-cb0">
         <name>errata_PBIST_4</name>
         <value>0xa76c</value>
         <object_component_ref idref="oc-7c"/>
      </symbol>
      <symbol id="sm-cb1">
         <name>mibspi3ParityCheck</name>
         <value>0x978c</value>
         <object_component_ref idref="oc-7c"/>
      </symbol>
      <symbol id="sm-cb2">
         <name>efcSelfTest</name>
         <value>0x8794</value>
         <object_component_ref idref="oc-7c"/>
      </symbol>
      <symbol id="sm-cb3">
         <name>checkB1RAMECC</name>
         <value>0x8b28</value>
         <object_component_ref idref="oc-7c"/>
      </symbol>
      <symbol id="sm-cb4">
         <name>pbistStop</name>
         <value>0x8578</value>
         <object_component_ref idref="oc-7c"/>
      </symbol>
      <symbol id="sm-cb5">
         <name>can3ParityCheck</name>
         <value>0x95b0</value>
         <object_component_ref idref="oc-7c"/>
      </symbol>
      <symbol id="sm-cb6">
         <name>checkRAMAddrParity</name>
         <value>0xa050</value>
         <object_component_ref idref="oc-7c"/>
      </symbol>
      <symbol id="sm-cb7">
         <name>mibspi5ParityCheck</name>
         <value>0x98b0</value>
         <object_component_ref idref="oc-7c"/>
      </symbol>
      <symbol id="sm-cb8">
         <name>checkB0RAMECC</name>
         <value>0x8938</value>
         <object_component_ref idref="oc-7c"/>
      </symbol>
      <symbol id="sm-cb9">
         <name>stcGetConfigValue</name>
         <value>0xa5bc</value>
         <object_component_ref idref="oc-7c"/>
      </symbol>
      <symbol id="sm-cba">
         <name>pbistIsTestPassed</name>
         <value>0x85d4</value>
         <object_component_ref idref="oc-7c"/>
      </symbol>
      <symbol id="sm-cbb">
         <name>checkClockMonitor</name>
         <value>0x9c18</value>
         <object_component_ref idref="oc-7c"/>
      </symbol>
      <symbol id="sm-cbc">
         <name>fmcECCcheck</name>
         <value>0x8898</value>
         <object_component_ref idref="oc-7c"/>
      </symbol>
      <symbol id="sm-cbd">
         <name>fmcBus2Check</name>
         <value>0x885c</value>
         <object_component_ref idref="oc-7c"/>
      </symbol>
      <symbol id="sm-cbe">
         <name>checkRAMUERRTest</name>
         <value>0xa15c</value>
         <object_component_ref idref="oc-7c"/>
      </symbol>
      <symbol id="sm-cbf">
         <name>efcStuckZeroTest</name>
         <value>0x86e8</value>
         <object_component_ref idref="oc-7c"/>
      </symbol>
      <symbol id="sm-cc0">
         <name>checkPLL2Slip</name>
         <value>0x9f8c</value>
         <object_component_ref idref="oc-7c"/>
      </symbol>
      <symbol id="sm-cea">
         <name>_c_int00</name>
         <value>0x13c84</value>
         <object_component_ref idref="oc-20"/>
      </symbol>
      <symbol id="sm-d81">
         <name>vimChannelMap</name>
         <value>0x117b4</value>
         <object_component_ref idref="oc-41"/>
      </symbol>
      <symbol id="sm-d82">
         <name>vimInit</name>
         <value>0x116e0</value>
         <object_component_ref idref="oc-41"/>
      </symbol>
      <symbol id="sm-d83">
         <name>vimEnableInterrupt</name>
         <value>0x11858</value>
         <object_component_ref idref="oc-41"/>
      </symbol>
      <symbol id="sm-d84">
         <name>vimDisableInterrupt</name>
         <value>0x119b0</value>
         <object_component_ref idref="oc-41"/>
      </symbol>
      <symbol id="sm-d85">
         <name>vimGetConfigValue</name>
         <value>0x11a34</value>
         <object_component_ref idref="oc-41"/>
      </symbol>
      <symbol id="sm-d86">
         <name>vimParityErrorHandler</name>
         <value>0x13f1c</value>
         <object_component_ref idref="oc-40"/>
      </symbol>
      <symbol id="sm-de0">
         <name>systemGetConfigValue</name>
         <value>0x10544</value>
         <object_component_ref idref="oc-76"/>
      </symbol>
      <symbol id="sm-de1">
         <name>trimLPO</name>
         <value>0x10244</value>
         <object_component_ref idref="oc-76"/>
      </symbol>
      <symbol id="sm-de2">
         <name>systemInit</name>
         <value>0x10448</value>
         <object_component_ref idref="oc-76"/>
      </symbol>
      <symbol id="sm-de3">
         <name>tcmflashGetConfigValue</name>
         <value>0x10958</value>
         <object_component_ref idref="oc-76"/>
      </symbol>
      <symbol id="sm-de4">
         <name>sramGetConfigValue</name>
         <value>0x10b04</value>
         <object_component_ref idref="oc-76"/>
      </symbol>
      <symbol id="sm-de5">
         <name>periphInit</name>
         <value>0x102cc</value>
         <object_component_ref idref="oc-76"/>
      </symbol>
      <symbol id="sm-de6">
         <name>setupFlash</name>
         <value>0x1028c</value>
         <object_component_ref idref="oc-76"/>
      </symbol>
      <symbol id="sm-de7">
         <name>setupPLL</name>
         <value>0x101e4</value>
         <object_component_ref idref="oc-76"/>
      </symbol>
      <symbol id="sm-de8">
         <name>mapClocks</name>
         <value>0x10320</value>
         <object_component_ref idref="oc-76"/>
      </symbol>
      <symbol id="sm-de9">
         <name>systemPowerDown</name>
         <value>0x10514</value>
         <object_component_ref idref="oc-76"/>
      </symbol>
      <symbol id="sm-e0e">
         <name>__TI_auto_init</name>
         <value>0x1567d</value>
         <object_component_ref idref="oc-88"/>
      </symbol>
      <symbol id="sm-e25">
         <name>__TI_decompress_none</name>
         <value>0x15a05</value>
         <object_component_ref idref="oc-e"/>
      </symbol>
      <symbol id="sm-e47">
         <name>__TI_decompress_rle24</name>
         <value>0x15a13</value>
         <object_component_ref idref="oc-14"/>
      </symbol>
      <symbol id="sm-e62">
         <name>copy_in</name>
         <value>0x15905</value>
         <object_component_ref idref="oc-f2"/>
      </symbol>
      <symbol id="sm-e9e">
         <name>atan2</name>
         <value>0x14b0d</value>
         <object_component_ref idref="oc-14a"/>
      </symbol>
      <symbol id="sm-e9f">
         <name>atan2l</name>
         <value>0x14b0d</value>
         <object_component_ref idref="oc-14a"/>
      </symbol>
      <symbol id="sm-ed9">
         <name>expl</name>
         <value>0x146c1</value>
         <object_component_ref idref="oc-144"/>
      </symbol>
      <symbol id="sm-eda">
         <name>exp</name>
         <value>0x146c1</value>
         <object_component_ref idref="oc-144"/>
      </symbol>
      <symbol id="sm-eec">
         <name>sqrtl</name>
         <value>0x15951</value>
         <object_component_ref idref="oc-13c"/>
      </symbol>
      <symbol id="sm-eed">
         <name>sqrt</name>
         <value>0x15951</value>
         <object_component_ref idref="oc-13c"/>
      </symbol>
      <symbol id="sm-ef5">
         <name>errno</name>
         <value>0x8003240</value>
         <object_component_ref idref="oc-287"/>
      </symbol>
      <symbol id="sm-f16">
         <name>C$$EXIT</name>
         <value>0x15865</value>
         <object_component_ref idref="oc-94"/>
      </symbol>
      <symbol id="sm-f17">
         <name>abort</name>
         <value>0x15869</value>
         <object_component_ref idref="oc-94"/>
      </symbol>
      <symbol id="sm-f18">
         <name>exit</name>
         <value>0x15871</value>
         <object_component_ref idref="oc-94"/>
      </symbol>
      <symbol id="sm-f19">
         <name>__TI_dtors_ptr</name>
         <value>0x8003224</value>
         <object_component_ref idref="oc-16d"/>
      </symbol>
      <symbol id="sm-f1a">
         <name>__TI_cleanup_ptr</name>
         <value>0x8003220</value>
         <object_component_ref idref="oc-16d"/>
      </symbol>
      <symbol id="sm-f1b">
         <name>__TI_enable_exit_profile_output</name>
         <value>0x8003228</value>
         <object_component_ref idref="oc-16d"/>
      </symbol>
      <symbol id="sm-f36">
         <name>memcpy</name>
         <value>0x154f1</value>
         <object_component_ref idref="oc-4c"/>
      </symbol>
      <symbol id="sm-f37">
         <name>__aeabi_memcpy</name>
         <value>0x154f1</value>
         <object_component_ref idref="oc-4c"/>
      </symbol>
      <symbol id="sm-f38">
         <name>__aeabi_memcpy8</name>
         <value>0x154f1</value>
         <object_component_ref idref="oc-4c"/>
      </symbol>
      <symbol id="sm-f39">
         <name>__aeabi_memcpy4</name>
         <value>0x154f1</value>
         <object_component_ref idref="oc-4c"/>
      </symbol>
      <symbol id="sm-f48">
         <name>__aeabi_memset</name>
         <value>0x1558f</value>
         <object_component_ref idref="oc-65"/>
      </symbol>
      <symbol id="sm-f49">
         <name>memset</name>
         <value>0x15595</value>
         <object_component_ref idref="oc-65"/>
      </symbol>
      <symbol id="sm-f4a">
         <name>__aeabi_memset8</name>
         <value>0x1558f</value>
         <object_component_ref idref="oc-65"/>
      </symbol>
      <symbol id="sm-f4b">
         <name>__aeabi_memset4</name>
         <value>0x1558f</value>
         <object_component_ref idref="oc-65"/>
      </symbol>
      <symbol id="sm-f4c">
         <name>__aeabi_memclr8</name>
         <value>0x1558d</value>
         <object_component_ref idref="oc-65"/>
      </symbol>
      <symbol id="sm-f4d">
         <name>__aeabi_memclr4</name>
         <value>0x1558d</value>
         <object_component_ref idref="oc-65"/>
      </symbol>
      <symbol id="sm-f4e">
         <name>__aeabi_memclr</name>
         <value>0x1558d</value>
         <object_component_ref idref="oc-65"/>
      </symbol>
      <symbol id="sm-f7b">
         <name>atanl</name>
         <value>0x14e7d</value>
         <object_component_ref idref="oc-295"/>
      </symbol>
      <symbol id="sm-f7c">
         <name>atan</name>
         <value>0x14e7d</value>
         <object_component_ref idref="oc-295"/>
      </symbol>
      <symbol id="sm-f95">
         <name>sprintf</name>
         <value>0x15759</value>
         <object_component_ref idref="oc-26d"/>
      </symbol>
      <symbol id="sm-f9f">
         <name>_system_post_cinit</name>
         <value>0x15757</value>
         <object_component_ref idref="oc-f8"/>
      </symbol>
      <symbol id="sm-fad">
         <name>strcpy</name>
         <value>0x159f1</value>
         <object_component_ref idref="oc-300"/>
      </symbol>
      <symbol id="sm-fbb">
         <name>strlen</name>
         <value>0x159c7</value>
         <object_component_ref idref="oc-273"/>
      </symbol>
      <symbol id="sm-fc7">
         <name>__aeabi_uidivmod</name>
         <value>0x158b4</value>
         <object_component_ref idref="oc-279"/>
      </symbol>
      <symbol id="sm-fc8">
         <name>__aeabi_uidiv</name>
         <value>0x158b4</value>
         <object_component_ref idref="oc-279"/>
      </symbol>
      <symbol id="sm-fe1">
         <name>_nop</name>
         <value>0x159eb</value>
         <object_component_ref idref="oc-2a4"/>
      </symbol>
      <symbol id="sm-fe2">
         <name>_lock</name>
         <value>0x8003238</value>
         <object_component_ref idref="oc-170"/>
      </symbol>
      <symbol id="sm-fe3">
         <name>_unlock</name>
         <value>0x800323c</value>
         <object_component_ref idref="oc-170"/>
      </symbol>
      <symbol id="sm-fe4">
         <name>_register_lock</name>
         <value>0x159e3</value>
         <object_component_ref idref="oc-2a4"/>
      </symbol>
      <symbol id="sm-fe5">
         <name>_register_unlock</name>
         <value>0x159dd</value>
         <object_component_ref idref="oc-2a4"/>
      </symbol>
      <symbol id="sm-10e0">
         <name>__TI_printfi</name>
         <value>0xee4b</value>
         <object_component_ref idref="oc-318"/>
      </symbol>
      <symbol id="sm-10f5">
         <name>atoi</name>
         <value>0x15815</value>
         <object_component_ref idref="oc-397"/>
      </symbol>
      <symbol id="sm-1100">
         <name>_ctypes_</name>
         <value>0x15ba0</value>
         <object_component_ref idref="oc-3df"/>
      </symbol>
      <symbol id="sm-110a">
         <name>__aeabi_idiv0</name>
         <value>0x15607</value>
         <object_component_ref idref="oc-327"/>
      </symbol>
      <symbol id="sm-1119">
         <name>ltoa</name>
         <value>0x157bd</value>
         <object_component_ref idref="oc-379"/>
      </symbol>
      <symbol id="sm-1129">
         <name>memccpy</name>
         <value>0x1597d</value>
         <object_component_ref idref="oc-391"/>
      </symbol>
      <symbol id="sm-1142">
         <name>frexpl</name>
         <value>0x15609</value>
         <object_component_ref idref="oc-37f"/>
      </symbol>
      <symbol id="sm-1143">
         <name>frexp</name>
         <value>0x15609</value>
         <object_component_ref idref="oc-37f"/>
      </symbol>
      <symbol id="sm-1161">
         <name>scalbn</name>
         <value>0x15245</value>
         <object_component_ref idref="oc-385"/>
      </symbol>
      <symbol id="sm-1162">
         <name>scalbnl</name>
         <value>0x15245</value>
         <object_component_ref idref="oc-385"/>
      </symbol>
      <symbol id="sm-1163">
         <name>ldexpl</name>
         <value>0x15245</value>
         <object_component_ref idref="oc-385"/>
      </symbol>
      <symbol id="sm-1164">
         <name>ldexp</name>
         <value>0x15245</value>
         <object_component_ref idref="oc-385"/>
      </symbol>
      <symbol id="sm-1174">
         <name>strchr</name>
         <value>0x159b1</value>
         <object_component_ref idref="oc-38b"/>
      </symbol>
      <symbol id="sm-1190">
         <name>__aeabi_uldivmod</name>
         <value>0x139cc</value>
         <object_component_ref idref="oc-374"/>
      </symbol>
      <symbol id="sm-119a">
         <name>copysign</name>
         <value>0x15999</value>
         <object_component_ref idref="oc-3d3"/>
      </symbol>
      <symbol id="sm-119b">
         <name>copysignl</name>
         <value>0x15999</value>
         <object_component_ref idref="oc-3d3"/>
      </symbol>
      <symbol id="sm-119c">
         <name>__TI_static_base__</name>
         <value>0x0</value>
      </symbol>
      <symbol id="sm-11a0">
         <name>SHT$$INIT_ARRAY$$Base</name>
         <value>0x0</value>
      </symbol>
      <symbol id="sm-11a1">
         <name>SHT$$INIT_ARRAY$$Limit</name>
         <value>0x0</value>
      </symbol>
   </symbol_table>
   <title>Link successful</title>
</link_info>
