******************************************************************************
                  TI ARM Linker PC v15.12.1                    
******************************************************************************
>> Linked Tue Sep 20 15:25:29 2016

OUTPUT FILE NAME:   <free_rtos_2task.out>
ENTRY POINT SYMBOL: "_c_int00"  address: 00011c04


MEMORY CONFIGURATION

         name            origin    length      used     unused   attr    fill
----------------------  --------  ---------  --------  --------  ----  --------
  VECTORS               00000000   00000020  00000020  00000000     X
  KERNEL                00000020   00008000  00003aac  00004554  R  X
  FLASH0                00008020   00177fe0  0000b534  0016caac  R  X
  FLASH1                00180000   00180000  00000000  00180000  R  X
  STACKS                08000000   00000800  00000000  00000800  RW  
  KRAM                  08000800   00000800  0000016c  00000694  RW  
  RAM                   08001000   0003f000  000020c4  0003cf3c  RW  


SEGMENT ALLOCATION MAP

run origin  load origin   length   init length attrs members
----------  ----------- ---------- ----------- ----- -------
00000000    00000000    00003acc   00003acc    r-x
  00000000    00000000    00000020   00000020    r-x .intvecs
  00000020    00000020    00003a30   00003a30    r-x .kernelTEXT
  00003a50    00003a50    0000007c   0000007c    r-- .cinit
00008020    00008020    0000b534   0000b534    r-x
  00008020    00008020    0000b27c   0000b27c    r-x .text
  0001329c    0001329c    000002b8   000002b8    r-- .const
08000800    08000800    0000016c   00000000    rw-
  08000800    08000800    0000016c   00000000    rw- .kernelBSS
08001000    08001000    000020c4   00000000    rw-
  08001000    08001000    00002000   00000000    rw- .kernelHEAP
  08003000    08003000    00000070   00000000    rw- .bss
  08003070    08003070    00000054   00000000    rw- .data


SECTION ALLOCATION MAP

 output                                  attributes/
section   page    origin      length       input sections
--------  ----  ----------  ----------   ----------------
.intvecs   0    00000000    00000020     
                  00000000    00000020     sys_intvecs.obj (.intvecs)

.kernelTEXT 
*          0    00000020    00003a30     
                  00000020    00001cd8     os_tasks.obj (.kernelTEXT)
                  00001cf8    00001124     os_queue.obj (.kernelTEXT)
                  00002e1c    000004b0     os_portasm.obj (.kernelTEXT)
                  000032cc    000003e0     os_port.obj (.kernelTEXT)
                  000036ac    000003a4     os_heap.obj (.kernelTEXT)

.cinit     0    00003a50    0000007c     
                  00003a50    0000001c     (.cinit..data.load) [load image, compression = rle]
                  00003a6c    00000004     --HOLE-- [fill = 0]
                  00003a70    00000016     (.cinit..kernelBSS.load) [load image, compression = rle]
                  00003a86    00000002     --HOLE-- [fill = 0]
                  00003a88    0000000b     (.cinit..kernelHEAP.load) [load image, compression = rle]
                  00003a93    00000005     --HOLE-- [fill = 0]
                  00003a98    00000009     (.cinit..bss.load) [load image, compression = rle]
                  00003aa1    00000003     --HOLE-- [fill = 0]
                  00003aa4    00000008     (__TI_handler_table)
                  00003aac    00000020     (__TI_cinit_table)

.text      0    00008020    0000b27c     
                  00008020    00002cdc     sys_selftest.obj (.text)
                  0000acfc    000010d8     sys_main.obj (.text)
                  0000bdd4    00001098     rtsv7R4_T_be_v3D16_eabi.lib : _printfi.obj (.text)
                  0000ce6c    00000b28     system.obj (.text)
                  0000d994    00000b0c     can.obj (.text)
                  0000e4a0    000009d4     sci.obj (.text)
                  0000ee74    0000089c     sys_vim.obj (.text)
                  0000f710    00000844     os_tasks.obj (.text)
                  0000ff54    00000638     pinmux.obj (.text)
                  0001058c    000005e8     esm.obj (.text)
                  00010b74    00000588     os_mpu_wrappers.obj (.text)
                  000110fc    00000484     gio.obj (.text)
                  00011580    000003cc     sys_core.obj (.text)
                  0001194c    000002b8     rtsv7R4_T_be_v3D16_eabi.lib : ull_div32.obj (.text)
                  00011c04    00000298     sys_startup.obj (.text:retain)
                  00011e9c    00000294     sys_vim.obj (.text:retain)
                  00012130    00000284     os_heap.obj (.text)
                  000123b4    00000238     os_list.obj (.text)
                  000125ec    000001b4     os_port.obj (.text)
                  000127a0    00000114     esm.obj (.text:retain)
                  000128b4    00000110     sys_pmu.obj (.text)
                  000129c4    00000100     can.obj (.text:retain)
                  00012ac4    000000f4     rtsv7R4_T_be_v3D16_eabi.lib : s_scalbn.obj (.text)
                  00012bb8    000000e8     dabort.obj (.text)
                  00012ca0    000000d0     notification.obj (.text)
                  00012d70    0000009c     rtsv7R4_T_be_v3D16_eabi.lib : memcpy_t2.obj (.text)
                  00012e0c    00000094                                 : snprintf.obj (.text)
                  00012ea0    0000007a                                 : memset_t2.obj (.text)
                  00012f1a    00000002                                 : startup.obj (.text)
                  00012f1c    00000074                                 : s_frexp.obj (.text)
                  00012f90    00000070                                 : autoinit.obj (.text)
                  00013000    0000006a                                 : copy_decompress_rle.obj (.text)
                  0001306a    00000056                                 : ltoa.obj (.text)
                  000130c0    00000050                                 : atoi.obj (.text)
                  00013110    00000050                                 : exit.obj (.text)
                  00013160    0000004c                                 : cpy_tbl.obj (.text)
                  000131ac    00000036                                 : strncpy.obj (.text)
                  000131e2    00000002     --HOLE-- [fill = 0]
                  000131e4    0000002c                                 : e_sqrt.obj (.text)
                  00013210    0000001c                                 : memccpy.obj (.text)
                  0001322c    00000018                                 : s_copysign.obj (.text)
                  00013244    00000016                                 : strchr.obj (.text)
                  0001325a    00000016                                 : strlen.obj (.text)
                  00013270    00000014                                 : _lock.obj (.text)
                  00013284    0000000e                                 : copy_decompress_none.obj (.text:decompress:none)
                  00013292    00000006                                 : copy_decompress_rle.obj (.text:decompress:rle24)
                  00013298    00000004     sys_phantom.obj (.text:retain)

.const     0    0001329c    000002b8     
                  0001329c    00000180     sys_vim.obj (.const:s_vim_init)
                  0001341c    00000101     rtsv7R4_T_be_v3D16_eabi.lib : ctype.obj (.const:.string:_ctypes_)
                  0001351d    00000003     --HOLE-- [fill = 0]
                  00013520    00000020     can.obj (.const:s_canByteOrder)
                  00013540    00000010     sys_main.obj (.const:$P$T0$7)
                  00013550    00000004     os_heap.obj (.const)

.kernelBSS 
*          0    08000800    0000016c     UNINITIALIZED
                  08000800    00000134     os_tasks.obj (.kernelBSS:uninit)
                  08000934    00000030     os_tasks.obj (.kernelBSS:init)
                  08000964    00000008     os_port.obj (.kernelBSS)

.kernelHEAP 
*          0    08001000    00002000     UNINITIALIZED
                  08001000    00002000     os_heap.obj (.kernelHEAP)

.bss       0    08003000    00000070     UNINITIALIZED
                  08003000    00000028     sci.obj (.bss:g_sciTransfer_t)
                  08003028    00000008     os_heap.obj (.bss:xStart)
                  08003030    00000008     (.common:rxMbox2)
                  08003038    00000008     (.common:rx_data)
                  08003040    00000004     (.common:absSem)
                  08003044    00000004     (.common:absTaskTcb)
                  08003048    00000004     (.common:canIntRxSem)
                  0800304c    00000004     (.common:canTaskTcb)
                  08003050    00000004     (.common:mailBox)
                  08003054    00000004     (.common:pubSpeed)
                  08003058    00000004     (.common:steerSem)
                  0800305c    00000004     (.common:steerTaskTcb)
                  08003060    00000004     (.common:uartAbsTaskTcb)
                  08003064    00000004     (.common:uartAbsTxSem)
                  08003068    00000004     (.common:uartSteerTaskTcb)
                  0800306c    00000004     (.common:uartSteerTxSem)

.data      0    08003070    00000054     UNINITIALIZED
                  08003070    00000028     sys_main.obj (.data)
                  08003098    00000010     os_heap.obj (.data)
                  080030a8    0000000c     rtsv7R4_T_be_v3D16_eabi.lib : exit.obj (.data:$O1$$)
                  080030b4    00000008                                 : _lock.obj (.data:$O1$$)
                  080030bc    00000004                                 : errno.obj (.data)
                  080030c0    00000004     sys_main.obj (.data:wheelSpin)

MODULE SUMMARY

       Module                     code    ro data   rw data
       ------                     ----    -------   -------
    .\source\
       sys_selftest.obj           11484   0         0      
       os_tasks.obj               9500    0         356    
       os_heap.obj                1576    4         8216   
       sys_main.obj               4312    16        108    
       os_queue.obj               4388    0         0      
       sys_vim.obj                2864    384       0      
       can.obj                    3084    32        0      
       system.obj                 2856    0         0      
       sci.obj                    2516    0         40     
       esm.obj                    1788    0         0      
       pinmux.obj                 1592    0         0      
       os_port.obj                1428    0         8      
       os_mpu_wrappers.obj        1416    0         0      
       os_portasm.obj             1200    0         0      
       gio.obj                    1156    0         0      
       sys_core.obj               972     0         0      
       sys_startup.obj            664     0         0      
       os_list.obj                568     0         0      
       sys_pmu.obj                272     0         0      
       dabort.obj                 232     0         0      
       notification.obj           208     0         0      
       sys_intvecs.obj            32      0         0      
       sys_phantom.obj            4       0         0      
    +--+--------------------------+-------+---------+---------+
       Total:                     54112   436       8728   
                                                           
    C:/ti/ccsv6/tools/compiler/ti-cgt-arm_15.12.1.LTS/lib/rtsv7R4_T_be_v3D16_eabi.lib
       _printfi.obj               4248    0         0      
       ull_div32.obj              696     0         0      
       ctype.obj                  0       257       0      
       s_scalbn.obj               244     0         0      
       memcpy_t2.obj              156     0         0      
       snprintf.obj               148     0         0      
       memset_t2.obj              122     0         0      
       s_frexp.obj                116     0         0      
       autoinit.obj               112     0         0      
       copy_decompress_rle.obj    112     0         0      
       exit.obj                   80      0         12     
       ltoa.obj                   86      0         0      
       atoi.obj                   80      0         0      
       cpy_tbl.obj                76      0         0      
       strncpy.obj                54      0         0      
       e_sqrt.obj                 44      0         0      
       _lock.obj                  20      0         8      
       memccpy.obj                28      0         0      
       s_copysign.obj             24      0         0      
       strchr.obj                 22      0         0      
       strlen.obj                 22      0         0      
       copy_decompress_none.obj   14      0         0      
       errno.obj                  0       0         4      
       startup.obj                2       0         0      
    +--+--------------------------+-------+---------+---------+
       Total:                     6506    257       24     
                                                           
       Linker Generated:          0       110       0      
    +--+--------------------------+-------+---------+---------+
       Grand Total:               60618   803       8752   


LINKER GENERATED COPY TABLES

__TI_cinit_table @ 00003aac records: 4, size/record: 8, table size: 32
	.data: load addr=00003a50, load size=0000001c bytes, run addr=08003070, run size=00000054 bytes, compression=rle
	.kernelBSS: load addr=00003a70, load size=00000016 bytes, run addr=08000800, run size=0000016c bytes, compression=rle
	.kernelHEAP: load addr=00003a88, load size=0000000b bytes, run addr=08001000, run size=00002000 bytes, compression=rle
	.bss: load addr=00003a98, load size=00000009 bytes, run addr=08003000, run size=00000070 bytes, compression=rle


LINKER GENERATED HANDLER TABLE

__TI_handler_table @ 00003aa4 records: 2, size/record: 4, table size: 8
	index: 0, handler: __TI_decompress_rle24
	index: 1, handler: __TI_decompress_none


GLOBAL SYMBOLS: SORTED ALPHABETICALLY BY Name 

address   name                                
-------   ----                                
00013111  C$$EXIT                             
0001104c  MPU_pvPortMalloc                    
00010f10  MPU_uxQueueMessagesWaiting          
00010de4  MPU_uxTaskGetNumberOfTasks          
00010e10  MPU_uxTaskGetStackHighWaterMark     
00010ca8  MPU_uxTaskPriorityGet               
00011080  MPU_vPortFree                       
000110ac  MPU_vPortInitialiseBlocks           
00010f98  MPU_vQueueDelete                    
00010be8  MPU_vTaskAllocateMPURegions         
00010c7c  MPU_vTaskDelay                      
00010c48  MPU_vTaskDelayUntil                 
00010c1c  MPU_vTaskDelete                     
00010cdc  MPU_vTaskPrioritySet                
00010d3c  MPU_vTaskResume                     
00010d10  MPU_vTaskSuspend                    
00010d68  MPU_vTaskSuspendAll                 
000110d0  MPU_xPortGetFreeHeapSize            
00010e70  MPU_xQueueGenericCreate             
00010f44  MPU_xQueueGenericReceive            
00010fc4  MPU_xQueueGenericReset              
00010ebc  MPU_xQueueGenericSend               
00011008  MPU_xQueuePeekFromISR               
00010b74  MPU_xTaskGenericCreate              
00010e44  MPU_xTaskGetSchedulerState          
00010db8  MPU_xTaskGetTickCount               
00010d8c  MPU_xTaskResumeAll                  
UNDEFED   SHT$$INIT_ARRAY$$Base               
UNDEFED   SHT$$INIT_ARRAY$$Limit              
00003aac  __TI_CINIT_Base                     
00003acc  __TI_CINIT_Limit                    
00003aa4  __TI_Handler_Table_Base             
00003aac  __TI_Handler_Table_Limit            
00011944  __TI_PINIT_Base                     
00011948  __TI_PINIT_Limit                    
00012f91  __TI_auto_init                      
080030a8  __TI_cleanup_ptr                    
00013285  __TI_decompress_none                
00013293  __TI_decompress_rle24               
080030ac  __TI_dtors_ptr                      
080030b0  __TI_enable_exit_profile_output     
ffffffff  __TI_pprof_out_hndl                 
0000cb67  __TI_printfi                        
ffffffff  __TI_prof_data_size                 
ffffffff  __TI_prof_data_start                
00000000  __TI_static_base__                  
00012ea1  __aeabi_memclr                      
00012ea1  __aeabi_memclr4                     
00012ea1  __aeabi_memclr8                     
00012d71  __aeabi_memcpy                      
00012d71  __aeabi_memcpy4                     
00012d71  __aeabi_memcpy8                     
00012ea3  __aeabi_memset                      
00012ea3  __aeabi_memset4                     
00012ea3  __aeabi_memset8                     
0001194c  __aeabi_uldivmod                    
ffffffff  __binit__                           
ffffffff  __c_args__                          
00011c04  _c_int00                            
0001183c  _coreClearAuxiliaryDataFault_       
00011858  _coreClearAuxiliaryInstructionFault_
00011804  _coreClearDataFaultAddress_         
000117cc  _coreClearDataFault_                
00011820  _coreClearInstructionFaultAddress_  
000117e8  _coreClearInstructionFault_         
00011730  _coreDisableEventBusExport_         
00011794  _coreDisableFlashEcc_               
00011760  _coreDisableRamEcc_                 
00011718  _coreEnableEventBusExport_          
00011778  _coreEnableFlashEcc_                
000117ac  _coreEnableIrqVicOffset_            
00011748  _coreEnableRamEcc_                  
000116f8  _coreEnableVfp_                     
00011834  _coreGetAuxiliaryDataFault_         
00011850  _coreGetAuxiliaryInstructionFault_  
000117fc  _coreGetDataFaultAddress_           
000117c4  _coreGetDataFault_                  
00011818  _coreGetInstructionFaultAddress_    
000117e0  _coreGetInstructionFault_           
00011580  _coreInitRegisters_                 
0001168c  _coreInitStackPointer_              
0001341c  _ctypes_                            
00012bb8  _dabort                             
00011874  _disable_FIQ_interrupt_             
0001187c  _disable_IRQ_interrupt_             
0001186c  _disable_interrupt_                 
00011884  _enable_interrupt_                  
00011914  _errata_CORTEXR4_57_                
0001192c  _errata_CORTEXR4_66_                
0001188c  _esmCcmErrorsClear_                 
000116d8  _getCPSRValue_                      
000116e0  _gotoCPUIdle_                       
080030b4  _lock                               
0001327f  _nop                                
00012920  _pmuDisableCountersGlobal_          
00012908  _pmuEnableCountersGlobal_           
0001299c  _pmuGetCycleCount_                  
000129a4  _pmuGetEventCount_                  
000129b0  _pmuGetOverflow_                    
000128b4  _pmuInit_                           
00012968  _pmuResetCounters_                  
00012938  _pmuResetCycleCounter_              
00012950  _pmuResetEventCounters_             
00012990  _pmuSetCountEvent_                  
00012980  _pmuStartCounters_                  
00012988  _pmuStopCounters_                   
00013277  _register_lock                      
00013271  _register_unlock                    
00012f1b  _system_post_cinit                  
080030b8  _unlock                             
00013115  abort                               
08003040  absSem                              
0000ae90  absTask                             
08003044  absTaskTcb                          
0000b880  accelerationControl                 
0000b5ec  accelerationDemand                  
0000b658  accelerationDemand2                 
0000926c  adc1ParityCheck                     
00009358  adc2ParityCheck                     
000130c1  atoi                                
ffffffff  binit                               
0000b4d0  calculateEuclidianDistance          
0000bc54  calculateSteerSensitivity           
0000bcc0  calculateWheelSlip                  
0000e2cc  can1GetConfigValue                  
000129c4  can1HighLevelInterrupt              
00009410  can1ParityCheck                     
000094e8  can2ParityCheck                     
000095b0  can3ParityCheck                     
0000e16c  canDisableErrorNotification         
0000e14c  canDisableStatusChangeNotification  
0000e1c4  canDisableloopback                  
0000e10c  canEnableErrorNotification          
0000e12c  canEnableStatusChangeNotification   
0000e18c  canEnableloopback                   
00012cf8  canErrorNotification                
0000deb4  canFillMessageObjectData            
0000dbdc  canGetData                          
0000e0e8  canGetErrorLevel                    
0000dd34  canGetID                            
0000e0c4  canGetLastError                     
0000d994  canInit                             
08003048  canIntRxSem                         
0000e2b0  canIoRxGetBit                       
0000e1f4  canIoSetDirection                   
0000e244  canIoSetPort                        
0000e294  canIoTxGetBit                       
0000e068  canIsMessageBoxValid                
0000e00c  canIsRxMessageArrived               
0000dfb0  canIsTxMessagePending               
0000b474  canMessageNotification              
0000de14  canSendRemoteFrame                  
00012d0c  canStatusChangeNotification         
0000acfc  canTask                             
0800304c  canTaskTcb                          
0000dae0  canTransmit                         
0000dd9c  canUpdateID                         
00008030  ccmSelfCheck                        
0000a6fc  ccmr4GetConfigValue                 
00008938  checkB0RAMECC                       
00008b28  checkB1RAMECC                       
00009c18  checkClockMonitor                   
00008d18  checkFlashECC                       
00009cf4  checkFlashEEPROMECC                 
00009e8c  checkPLL1Slip                       
00009f8c  checkPLL2Slip                       
0000a050  checkRAMAddrParity                  
000099d0  checkRAMECC                         
0000a15c  checkRAMUERRTest                    
000087bc  checkefcSelfTest                    
00013161  copy_in                             
0001322d  copysign                            
0001322d  copysignl                           
00008234  cpuSelfTest                         
00008dfc  cpuSelfTestFail                     
00008df4  custom_dabort                       
0000ab58  disableParity                       
00012d5c  dmaGroupANotification               
00008eac  dmaParityCheck                      
00008660  efcCheck                            
0000a660  efcGetConfigValue                   
00008794  efcSelfTest                         
000086e8  efcStuckZeroTest                    
0000aad0  enableParity                        
0000a76c  errata_PBIST_4                      
080030bc  errno                               
00010718  esmActivateNormalOperation          
000107fc  esmClearStatus                      
00010848  esmClearStatusBuffer                
000106dc  esmDisableError                     
00010754  esmDisableInterrupt                 
000106b0  esmEnableError                      
00010728  esmEnableInterrupt                  
00010948  esmEnterSelfTest                    
00010694  esmError                            
00010a20  esmGetConfigValue                   
00010884  esmGetStatus                        
00010910  esmGetStatusBuffer                  
00012ca0  esmGroup1Notification               
00012cb0  esmGroup2Notification               
000127a0  esmHighInterrupt                    
0001058c  esmInit                             
000109d0  esmSelfTestStatus                   
00010864  esmSetCounterPreloadValue           
00010780  esmSetInterruptLevel                
00010708  esmTriggerErrorPinReset             
0001311d  exit                                
0000a2c4  fmcBus1ParityCheck                  
0000885c  fmcBus2Check                        
00008898  fmcECCcheck                         
00012f1d  frexp                               
00012f1d  frexpl                              
0001135c  gioDisableNotification              
000112f4  gioEnableNotification               
0001125c  gioGetBit                           
000113c4  gioGetConfigValue                   
00011284  gioGetPort                          
000110fc  gioInit                             
00012d34  gioNotification                     
000111ec  gioSetBit                           
000111cc  gioSetDirection                     
0001123c  gioSetPort                          
0001129c  gioToggleBit                        
00008f58  het1ParityCheck                     
000090c0  het2ParityCheck                     
00009004  htu1ParityCheck                     
000091bc  htu2ParityCheck                     
0000bac8  int_simpson                         
08003074  intindexreg                         
08003070  intvectreg                          
00012ac5  ldexp                               
00012ac5  ldexpl                              
0000b198  ledTask                             
0001306b  ltoa                                
08003050  mailBox                             
0000b220  main                                
0000cfa8  mapClocks                           
00013211  memccpy                             
00012d71  memcpy                              
00008174  memoryInit                          
00012cc0  memoryPort0TestFailNotification     
00012cdc  memoryPort1TestFailNotification     
00012ea9  memset                              
00009684  mibspi1ParityCheck                  
0000978c  mibspi3ParityCheck                  
000098b0  mibspi5ParityCheck                  
0000ff54  muxInit                             
0000b5a8  numericalDerivativeDist             
0000b718  numericalDerivativeKD               
0000b6c8  numericalDerivativeKP               
0000a3ec  pbistFail                           
0000a470  pbistGetConfigValue                 
000085a8  pbistIsTestCompleted                
000085d4  pbistIsTestPassed                   
00008608  pbistPortTestStatus                 
000084ac  pbistRun                            
000082cc  pbistSelfCheck                      
00008578  pbistStop                           
0000cf54  periphInit                          
00013298  phantomInterrupt                    
000102d8  pinmuxGetConfigValue                
000032a4  prvMpuDisable                       
0000328c  prvMpuEnable                        
00003274  prvMpuSetRegion                     
08003054  pubSpeed                            
000036ac  pvPortMalloc                        
08000934  pxCurrentTCB                        
000032cc  pxPortInitialiseStack               
00000000  resetEntry                          
08003030  rxMbox2                             
08003038  rx_data                             
00012ac5  scalbn                              
00012ac5  scalbnl                             
0000ea38  sciDisableLoopback                  
0000eac4  sciDisableNotification              
0000ea04  sciEnableLoopback                   
0000ea5c  sciEnableNotification               
0000eb2c  sciGetConfigValue                   
0000e4a0  sciInit                             
0000e8b4  sciIsIdleDetected                   
0000e898  sciIsRxReady                        
0000e718  sciIsTxReady                        
00012d48  sciNotification                     
0000e92c  sciReceive                          
0000e900  sciReceiveByte                      
0000e8d0  sciRxError                          
0000e764  sciSend                             
0000e734  sciSendByte                         
0000e694  sciSetBaudrate                      
0000e674  sciSetFunctional                    
0000ec84  scilinGetConfigValue                
00008020  selftestFailNotification            
0000cf14  setupFlash                          
0000ce6c  setupPLL                            
00012e0d  snprintf                            
000131e5  sqrt                                
000131e5  sqrtl                               
0000d78c  sramGetConfigValue                  
0000a5bc  stcGetConfigValue                   
000081b8  stcSelfCheck                        
00008df8  stcSelfCheckFail                    
08003058  steerSem                            
0000af48  steerTask                           
0800305c  steerTaskTcb                        
0000b794  steering                            
00013245  strchr                              
0001325b  strlen                              
000131ad  strncpy                             
0000d1cc  systemGetConfigValue                
0000d0d0  systemInit                          
0000d19c  systemPowerDown                     
0000d5e0  tcmflashGetConfigValue              
0000cecc  trimLPO                             
0000b0e0  uartAbsTask                         
08003060  uartAbsTaskTcb                      
08003064  uartAbsTxSem                        
0000b004  uartSteerTask                       
08003068  uartSteerTaskTcb                    
0800306c  uartSteerTxSem                      
08000964  ulCriticalNesting                   
0000319c  ulPortCountLeadingZeros             
08000968  ulTaskHasFPUContext                 
0000f798  ulTaskNotifyTake                    
00012560  uxListRemove                        
00002970  uxQueueMessagesWaiting              
000029f4  uxQueueMessagesWaitingFromISR       
000029a8  uxQueueSpacesAvailable              
00000f60  uxTaskGetNumberOfTasks              
00001bbc  uxTaskGetStackHighWaterMark         
00000660  uxTaskPriorityGet                   
000006a4  uxTaskPriorityGetFromISR            
00001c8c  uxTaskResetEventItemValue           
000123b4  vListInitialise                     
0001240c  vListInitialiseItem                 
0001249c  vListInsert                         
00012428  vListInsertEnd                      
00003678  vPortEndScheduler                   
0000391c  vPortFree                           
00003a34  vPortInitialiseBlocks               
00003190  vPortInitialiseFPSCR                
00003090  vPortPreemptiveTick                 
000031a4  vPortSWI                            
00002e20  vPortStartFirstTask                 
000033e0  vPortStoreTaskMPUSettings           
00002f9c  vPortYeildWithinAPI                 
00002eb0  vPortYieldProcessor                 
00002a24  vQueueDelete                        
000018b4  vTaskAllocateMPURegions             
00000594  vTaskDelay                          
000003fc  vTaskDelayUntil                     
000002bc  vTaskDelete                         
00000d50  vTaskEndScheduler                   
00001784  vTaskMissedYield                    
0000fdec  vTaskNotifyGiveFromISR              
00001298  vTaskPlaceOnEventList               
00001350  vTaskPlaceOnUnorderedEventList      
000006ec  vTaskPrioritySet                    
00000af0  vTaskResume                         
0000163c  vTaskSetTimeOutState                
00000cbc  vTaskStartScheduler                 
000008e4  vTaskSuspend                        
00000d6c  vTaskSuspendAll                     
000011b4  vTaskSwitchContext                  
0000ef48  vimChannelMap                       
0000f144  vimDisableInterrupt                 
0000efec  vimEnableInterrupt                  
0000f1c8  vimGetConfigValue                   
0000ee74  vimInit                             
00008e00  vimParityCheck                      
00011e9c  vimParityErrorHandler               
080030c0  wheelSpin                           
00003a1c  xPortGetFreeHeapSize                
00003a28  xPortGetMinimumEverFreeHeapSize     
00003654  xPortStartScheduler                 
00001e20  xQueueGenericCreate                 
00002484  xQueueGenericReceive                
00001cf8  xQueueGenericReset                  
00001f28  xQueueGenericSend                   
000021e8  xQueueGenericSendFromISR            
00002370  xQueueGiveFromISR                   
00002d40  xQueueIsQueueEmptyFromISR           
00002dcc  xQueueIsQueueFullFromISR            
0000287c  xQueuePeekFromISR                   
00002744  xQueueReceiveFromISR                
0000167c  xTaskCheckForTimeOut                
00000020  xTaskGenericCreate                  
00001c3c  xTaskGetSchedulerState              
00000f20  xTaskGetTickCount                   
00000f3c  xTaskGetTickCountFromISR            
00000f7c  xTaskIncrementTick                  
0000fa6c  xTaskNotify                         
0000fc18  xTaskNotifyFromISR                  
0000f8e8  xTaskNotifyWait                     
0000144c  xTaskRemoveFromEventList            
00001538  xTaskRemoveFromUnorderedEventList   
00000d80  xTaskResumeAll                      
00000bd4  xTaskResumeFromISR                  


GLOBAL SYMBOLS: SORTED BY Symbol Address 

address   name                                
-------   ----                                
00000000  __TI_static_base__                  
00000000  resetEntry                          
00000020  xTaskGenericCreate                  
000002bc  vTaskDelete                         
000003fc  vTaskDelayUntil                     
00000594  vTaskDelay                          
00000660  uxTaskPriorityGet                   
000006a4  uxTaskPriorityGetFromISR            
000006ec  vTaskPrioritySet                    
000008e4  vTaskSuspend                        
00000af0  vTaskResume                         
00000bd4  xTaskResumeFromISR                  
00000cbc  vTaskStartScheduler                 
00000d50  vTaskEndScheduler                   
00000d6c  vTaskSuspendAll                     
00000d80  xTaskResumeAll                      
00000f20  xTaskGetTickCount                   
00000f3c  xTaskGetTickCountFromISR            
00000f60  uxTaskGetNumberOfTasks              
00000f7c  xTaskIncrementTick                  
000011b4  vTaskSwitchContext                  
00001298  vTaskPlaceOnEventList               
00001350  vTaskPlaceOnUnorderedEventList      
0000144c  xTaskRemoveFromEventList            
00001538  xTaskRemoveFromUnorderedEventList   
0000163c  vTaskSetTimeOutState                
0000167c  xTaskCheckForTimeOut                
00001784  vTaskMissedYield                    
000018b4  vTaskAllocateMPURegions             
00001bbc  uxTaskGetStackHighWaterMark         
00001c3c  xTaskGetSchedulerState              
00001c8c  uxTaskResetEventItemValue           
00001cf8  xQueueGenericReset                  
00001e20  xQueueGenericCreate                 
00001f28  xQueueGenericSend                   
000021e8  xQueueGenericSendFromISR            
00002370  xQueueGiveFromISR                   
00002484  xQueueGenericReceive                
00002744  xQueueReceiveFromISR                
0000287c  xQueuePeekFromISR                   
00002970  uxQueueMessagesWaiting              
000029a8  uxQueueSpacesAvailable              
000029f4  uxQueueMessagesWaitingFromISR       
00002a24  vQueueDelete                        
00002d40  xQueueIsQueueEmptyFromISR           
00002dcc  xQueueIsQueueFullFromISR            
00002e20  vPortStartFirstTask                 
00002eb0  vPortYieldProcessor                 
00002f9c  vPortYeildWithinAPI                 
00003090  vPortPreemptiveTick                 
00003190  vPortInitialiseFPSCR                
0000319c  ulPortCountLeadingZeros             
000031a4  vPortSWI                            
00003274  prvMpuSetRegion                     
0000328c  prvMpuEnable                        
000032a4  prvMpuDisable                       
000032cc  pxPortInitialiseStack               
000033e0  vPortStoreTaskMPUSettings           
00003654  xPortStartScheduler                 
00003678  vPortEndScheduler                   
000036ac  pvPortMalloc                        
0000391c  vPortFree                           
00003a1c  xPortGetFreeHeapSize                
00003a28  xPortGetMinimumEverFreeHeapSize     
00003a34  vPortInitialiseBlocks               
00003aa4  __TI_Handler_Table_Base             
00003aac  __TI_CINIT_Base                     
00003aac  __TI_Handler_Table_Limit            
00003acc  __TI_CINIT_Limit                    
00008020  selftestFailNotification            
00008030  ccmSelfCheck                        
00008174  memoryInit                          
000081b8  stcSelfCheck                        
00008234  cpuSelfTest                         
000082cc  pbistSelfCheck                      
000084ac  pbistRun                            
00008578  pbistStop                           
000085a8  pbistIsTestCompleted                
000085d4  pbistIsTestPassed                   
00008608  pbistPortTestStatus                 
00008660  efcCheck                            
000086e8  efcStuckZeroTest                    
00008794  efcSelfTest                         
000087bc  checkefcSelfTest                    
0000885c  fmcBus2Check                        
00008898  fmcECCcheck                         
00008938  checkB0RAMECC                       
00008b28  checkB1RAMECC                       
00008d18  checkFlashECC                       
00008df4  custom_dabort                       
00008df8  stcSelfCheckFail                    
00008dfc  cpuSelfTestFail                     
00008e00  vimParityCheck                      
00008eac  dmaParityCheck                      
00008f58  het1ParityCheck                     
00009004  htu1ParityCheck                     
000090c0  het2ParityCheck                     
000091bc  htu2ParityCheck                     
0000926c  adc1ParityCheck                     
00009358  adc2ParityCheck                     
00009410  can1ParityCheck                     
000094e8  can2ParityCheck                     
000095b0  can3ParityCheck                     
00009684  mibspi1ParityCheck                  
0000978c  mibspi3ParityCheck                  
000098b0  mibspi5ParityCheck                  
000099d0  checkRAMECC                         
00009c18  checkClockMonitor                   
00009cf4  checkFlashEEPROMECC                 
00009e8c  checkPLL1Slip                       
00009f8c  checkPLL2Slip                       
0000a050  checkRAMAddrParity                  
0000a15c  checkRAMUERRTest                    
0000a2c4  fmcBus1ParityCheck                  
0000a3ec  pbistFail                           
0000a470  pbistGetConfigValue                 
0000a5bc  stcGetConfigValue                   
0000a660  efcGetConfigValue                   
0000a6fc  ccmr4GetConfigValue                 
0000a76c  errata_PBIST_4                      
0000aad0  enableParity                        
0000ab58  disableParity                       
0000acfc  canTask                             
0000ae90  absTask                             
0000af48  steerTask                           
0000b004  uartSteerTask                       
0000b0e0  uartAbsTask                         
0000b198  ledTask                             
0000b220  main                                
0000b474  canMessageNotification              
0000b4d0  calculateEuclidianDistance          
0000b5a8  numericalDerivativeDist             
0000b5ec  accelerationDemand                  
0000b658  accelerationDemand2                 
0000b6c8  numericalDerivativeKP               
0000b718  numericalDerivativeKD               
0000b794  steering                            
0000b880  accelerationControl                 
0000bac8  int_simpson                         
0000bc54  calculateSteerSensitivity           
0000bcc0  calculateWheelSlip                  
0000cb67  __TI_printfi                        
0000ce6c  setupPLL                            
0000cecc  trimLPO                             
0000cf14  setupFlash                          
0000cf54  periphInit                          
0000cfa8  mapClocks                           
0000d0d0  systemInit                          
0000d19c  systemPowerDown                     
0000d1cc  systemGetConfigValue                
0000d5e0  tcmflashGetConfigValue              
0000d78c  sramGetConfigValue                  
0000d994  canInit                             
0000dae0  canTransmit                         
0000dbdc  canGetData                          
0000dd34  canGetID                            
0000dd9c  canUpdateID                         
0000de14  canSendRemoteFrame                  
0000deb4  canFillMessageObjectData            
0000dfb0  canIsTxMessagePending               
0000e00c  canIsRxMessageArrived               
0000e068  canIsMessageBoxValid                
0000e0c4  canGetLastError                     
0000e0e8  canGetErrorLevel                    
0000e10c  canEnableErrorNotification          
0000e12c  canEnableStatusChangeNotification   
0000e14c  canDisableStatusChangeNotification  
0000e16c  canDisableErrorNotification         
0000e18c  canEnableloopback                   
0000e1c4  canDisableloopback                  
0000e1f4  canIoSetDirection                   
0000e244  canIoSetPort                        
0000e294  canIoTxGetBit                       
0000e2b0  canIoRxGetBit                       
0000e2cc  can1GetConfigValue                  
0000e4a0  sciInit                             
0000e674  sciSetFunctional                    
0000e694  sciSetBaudrate                      
0000e718  sciIsTxReady                        
0000e734  sciSendByte                         
0000e764  sciSend                             
0000e898  sciIsRxReady                        
0000e8b4  sciIsIdleDetected                   
0000e8d0  sciRxError                          
0000e900  sciReceiveByte                      
0000e92c  sciReceive                          
0000ea04  sciEnableLoopback                   
0000ea38  sciDisableLoopback                  
0000ea5c  sciEnableNotification               
0000eac4  sciDisableNotification              
0000eb2c  sciGetConfigValue                   
0000ec84  scilinGetConfigValue                
0000ee74  vimInit                             
0000ef48  vimChannelMap                       
0000efec  vimEnableInterrupt                  
0000f144  vimDisableInterrupt                 
0000f1c8  vimGetConfigValue                   
0000f798  ulTaskNotifyTake                    
0000f8e8  xTaskNotifyWait                     
0000fa6c  xTaskNotify                         
0000fc18  xTaskNotifyFromISR                  
0000fdec  vTaskNotifyGiveFromISR              
0000ff54  muxInit                             
000102d8  pinmuxGetConfigValue                
0001058c  esmInit                             
00010694  esmError                            
000106b0  esmEnableError                      
000106dc  esmDisableError                     
00010708  esmTriggerErrorPinReset             
00010718  esmActivateNormalOperation          
00010728  esmEnableInterrupt                  
00010754  esmDisableInterrupt                 
00010780  esmSetInterruptLevel                
000107fc  esmClearStatus                      
00010848  esmClearStatusBuffer                
00010864  esmSetCounterPreloadValue           
00010884  esmGetStatus                        
00010910  esmGetStatusBuffer                  
00010948  esmEnterSelfTest                    
000109d0  esmSelfTestStatus                   
00010a20  esmGetConfigValue                   
00010b74  MPU_xTaskGenericCreate              
00010be8  MPU_vTaskAllocateMPURegions         
00010c1c  MPU_vTaskDelete                     
00010c48  MPU_vTaskDelayUntil                 
00010c7c  MPU_vTaskDelay                      
00010ca8  MPU_uxTaskPriorityGet               
00010cdc  MPU_vTaskPrioritySet                
00010d10  MPU_vTaskSuspend                    
00010d3c  MPU_vTaskResume                     
00010d68  MPU_vTaskSuspendAll                 
00010d8c  MPU_xTaskResumeAll                  
00010db8  MPU_xTaskGetTickCount               
00010de4  MPU_uxTaskGetNumberOfTasks          
00010e10  MPU_uxTaskGetStackHighWaterMark     
00010e44  MPU_xTaskGetSchedulerState          
00010e70  MPU_xQueueGenericCreate             
00010ebc  MPU_xQueueGenericSend               
00010f10  MPU_uxQueueMessagesWaiting          
00010f44  MPU_xQueueGenericReceive            
00010f98  MPU_vQueueDelete                    
00010fc4  MPU_xQueueGenericReset              
00011008  MPU_xQueuePeekFromISR               
0001104c  MPU_pvPortMalloc                    
00011080  MPU_vPortFree                       
000110ac  MPU_vPortInitialiseBlocks           
000110d0  MPU_xPortGetFreeHeapSize            
000110fc  gioInit                             
000111cc  gioSetDirection                     
000111ec  gioSetBit                           
0001123c  gioSetPort                          
0001125c  gioGetBit                           
00011284  gioGetPort                          
0001129c  gioToggleBit                        
000112f4  gioEnableNotification               
0001135c  gioDisableNotification              
000113c4  gioGetConfigValue                   
00011580  _coreInitRegisters_                 
0001168c  _coreInitStackPointer_              
000116d8  _getCPSRValue_                      
000116e0  _gotoCPUIdle_                       
000116f8  _coreEnableVfp_                     
00011718  _coreEnableEventBusExport_          
00011730  _coreDisableEventBusExport_         
00011748  _coreEnableRamEcc_                  
00011760  _coreDisableRamEcc_                 
00011778  _coreEnableFlashEcc_                
00011794  _coreDisableFlashEcc_               
000117ac  _coreEnableIrqVicOffset_            
000117c4  _coreGetDataFault_                  
000117cc  _coreClearDataFault_                
000117e0  _coreGetInstructionFault_           
000117e8  _coreClearInstructionFault_         
000117fc  _coreGetDataFaultAddress_           
00011804  _coreClearDataFaultAddress_         
00011818  _coreGetInstructionFaultAddress_    
00011820  _coreClearInstructionFaultAddress_  
00011834  _coreGetAuxiliaryDataFault_         
0001183c  _coreClearAuxiliaryDataFault_       
00011850  _coreGetAuxiliaryInstructionFault_  
00011858  _coreClearAuxiliaryInstructionFault_
0001186c  _disable_interrupt_                 
00011874  _disable_FIQ_interrupt_             
0001187c  _disable_IRQ_interrupt_             
00011884  _enable_interrupt_                  
0001188c  _esmCcmErrorsClear_                 
00011914  _errata_CORTEXR4_57_                
0001192c  _errata_CORTEXR4_66_                
00011944  __TI_PINIT_Base                     
00011948  __TI_PINIT_Limit                    
0001194c  __aeabi_uldivmod                    
00011c04  _c_int00                            
00011e9c  vimParityErrorHandler               
000123b4  vListInitialise                     
0001240c  vListInitialiseItem                 
00012428  vListInsertEnd                      
0001249c  vListInsert                         
00012560  uxListRemove                        
000127a0  esmHighInterrupt                    
000128b4  _pmuInit_                           
00012908  _pmuEnableCountersGlobal_           
00012920  _pmuDisableCountersGlobal_          
00012938  _pmuResetCycleCounter_              
00012950  _pmuResetEventCounters_             
00012968  _pmuResetCounters_                  
00012980  _pmuStartCounters_                  
00012988  _pmuStopCounters_                   
00012990  _pmuSetCountEvent_                  
0001299c  _pmuGetCycleCount_                  
000129a4  _pmuGetEventCount_                  
000129b0  _pmuGetOverflow_                    
000129c4  can1HighLevelInterrupt              
00012ac5  ldexp                               
00012ac5  ldexpl                              
00012ac5  scalbn                              
00012ac5  scalbnl                             
00012bb8  _dabort                             
00012ca0  esmGroup1Notification               
00012cb0  esmGroup2Notification               
00012cc0  memoryPort0TestFailNotification     
00012cdc  memoryPort1TestFailNotification     
00012cf8  canErrorNotification                
00012d0c  canStatusChangeNotification         
00012d34  gioNotification                     
00012d48  sciNotification                     
00012d5c  dmaGroupANotification               
00012d71  __aeabi_memcpy                      
00012d71  __aeabi_memcpy4                     
00012d71  __aeabi_memcpy8                     
00012d71  memcpy                              
00012e0d  snprintf                            
00012ea1  __aeabi_memclr                      
00012ea1  __aeabi_memclr4                     
00012ea1  __aeabi_memclr8                     
00012ea3  __aeabi_memset                      
00012ea3  __aeabi_memset4                     
00012ea3  __aeabi_memset8                     
00012ea9  memset                              
00012f1b  _system_post_cinit                  
00012f1d  frexp                               
00012f1d  frexpl                              
00012f91  __TI_auto_init                      
0001306b  ltoa                                
000130c1  atoi                                
00013111  C$$EXIT                             
00013115  abort                               
0001311d  exit                                
00013161  copy_in                             
000131ad  strncpy                             
000131e5  sqrt                                
000131e5  sqrtl                               
00013211  memccpy                             
0001322d  copysign                            
0001322d  copysignl                           
00013245  strchr                              
0001325b  strlen                              
00013271  _register_unlock                    
00013277  _register_lock                      
0001327f  _nop                                
00013285  __TI_decompress_none                
00013293  __TI_decompress_rle24               
00013298  phantomInterrupt                    
0001341c  _ctypes_                            
08000934  pxCurrentTCB                        
08000964  ulCriticalNesting                   
08000968  ulTaskHasFPUContext                 
08003030  rxMbox2                             
08003038  rx_data                             
08003040  absSem                              
08003044  absTaskTcb                          
08003048  canIntRxSem                         
0800304c  canTaskTcb                          
08003050  mailBox                             
08003054  pubSpeed                            
08003058  steerSem                            
0800305c  steerTaskTcb                        
08003060  uartAbsTaskTcb                      
08003064  uartAbsTxSem                        
08003068  uartSteerTaskTcb                    
0800306c  uartSteerTxSem                      
08003070  intvectreg                          
08003074  intindexreg                         
080030a8  __TI_cleanup_ptr                    
080030ac  __TI_dtors_ptr                      
080030b0  __TI_enable_exit_profile_output     
080030b4  _lock                               
080030b8  _unlock                             
080030bc  errno                               
080030c0  wheelSpin                           
ffffffff  __TI_pprof_out_hndl                 
ffffffff  __TI_prof_data_size                 
ffffffff  __TI_prof_data_start                
ffffffff  __binit__                           
ffffffff  __c_args__                          
ffffffff  binit                               
UNDEFED   SHT$$INIT_ARRAY$$Base               
UNDEFED   SHT$$INIT_ARRAY$$Limit              

[397 symbols]
