<?xml version="1.0"?>
<link_info>
   <banner>TI ARM Linker PC v15.12.3.LTS</banner>
   <copyright>Copyright (c) 1996-2015 Texas Instruments Incorporated</copyright>
   <link_time>0x5b740ce4</link_time>
   <link_errors>0x0</link_errors>
   <output_file>free_rtos_matlab.out</output_file>
   <entry_point>
      <name>_c_int00</name>
      <address>0x131cc</address>
   </entry_point>
   <input_file_list>
      <input_file id="fl-2">
         <path>.\source\</path>
         <kind>object</kind>
         <file>can.obj</file>
         <name>can.obj</name>
      </input_file>
      <input_file id="fl-3">
         <path>.\source\</path>
         <kind>object</kind>
         <file>dabort.obj</file>
         <name>dabort.obj</name>
      </input_file>
      <input_file id="fl-4">
         <path>.\source\</path>
         <kind>object</kind>
         <file>esm.obj</file>
         <name>esm.obj</name>
      </input_file>
      <input_file id="fl-5">
         <path>.\source\</path>
         <kind>object</kind>
         <file>gio.obj</file>
         <name>gio.obj</name>
      </input_file>
      <input_file id="fl-6">
         <path>.\source\</path>
         <kind>object</kind>
         <file>notification.obj</file>
         <name>notification.obj</name>
      </input_file>
      <input_file id="fl-7">
         <path>.\source\</path>
         <kind>object</kind>
         <file>os_croutine.obj</file>
         <name>os_croutine.obj</name>
      </input_file>
      <input_file id="fl-8">
         <path>.\source\</path>
         <kind>object</kind>
         <file>os_event_groups.obj</file>
         <name>os_event_groups.obj</name>
      </input_file>
      <input_file id="fl-9">
         <path>.\source\</path>
         <kind>object</kind>
         <file>os_heap.obj</file>
         <name>os_heap.obj</name>
      </input_file>
      <input_file id="fl-a">
         <path>.\source\</path>
         <kind>object</kind>
         <file>os_list.obj</file>
         <name>os_list.obj</name>
      </input_file>
      <input_file id="fl-b">
         <path>.\source\</path>
         <kind>object</kind>
         <file>os_mpu_wrappers.obj</file>
         <name>os_mpu_wrappers.obj</name>
      </input_file>
      <input_file id="fl-c">
         <path>.\source\</path>
         <kind>object</kind>
         <file>os_port.obj</file>
         <name>os_port.obj</name>
      </input_file>
      <input_file id="fl-d">
         <path>.\source\</path>
         <kind>object</kind>
         <file>os_portasm.obj</file>
         <name>os_portasm.obj</name>
      </input_file>
      <input_file id="fl-e">
         <path>.\source\</path>
         <kind>object</kind>
         <file>os_queue.obj</file>
         <name>os_queue.obj</name>
      </input_file>
      <input_file id="fl-f">
         <path>.\source\</path>
         <kind>object</kind>
         <file>os_tasks.obj</file>
         <name>os_tasks.obj</name>
      </input_file>
      <input_file id="fl-10">
         <path>.\source\</path>
         <kind>object</kind>
         <file>os_timer.obj</file>
         <name>os_timer.obj</name>
      </input_file>
      <input_file id="fl-11">
         <path>.\source\</path>
         <kind>object</kind>
         <file>pinmux.obj</file>
         <name>pinmux.obj</name>
      </input_file>
      <input_file id="fl-12">
         <path>.\source\</path>
         <kind>object</kind>
         <file>runTimeStatsTimer.obj</file>
         <name>runTimeStatsTimer.obj</name>
      </input_file>
      <input_file id="fl-13">
         <path>.\source\</path>
         <kind>object</kind>
         <file>sci.obj</file>
         <name>sci.obj</name>
      </input_file>
      <input_file id="fl-14">
         <path>.\source\</path>
         <kind>object</kind>
         <file>sys_core.obj</file>
         <name>sys_core.obj</name>
      </input_file>
      <input_file id="fl-15">
         <path>.\source\</path>
         <kind>object</kind>
         <file>sys_dma.obj</file>
         <name>sys_dma.obj</name>
      </input_file>
      <input_file id="fl-16">
         <path>.\source\</path>
         <kind>object</kind>
         <file>sys_intvecs.obj</file>
         <name>sys_intvecs.obj</name>
      </input_file>
      <input_file id="fl-17">
         <path>.\source\</path>
         <kind>object</kind>
         <file>sys_main.obj</file>
         <name>sys_main.obj</name>
      </input_file>
      <input_file id="fl-18">
         <path>.\source\</path>
         <kind>object</kind>
         <file>sys_mpu.obj</file>
         <name>sys_mpu.obj</name>
      </input_file>
      <input_file id="fl-19">
         <path>.\source\</path>
         <kind>object</kind>
         <file>sys_pcr.obj</file>
         <name>sys_pcr.obj</name>
      </input_file>
      <input_file id="fl-1a">
         <path>.\source\</path>
         <kind>object</kind>
         <file>sys_phantom.obj</file>
         <name>sys_phantom.obj</name>
      </input_file>
      <input_file id="fl-1b">
         <path>.\source\</path>
         <kind>object</kind>
         <file>sys_pmm.obj</file>
         <name>sys_pmm.obj</name>
      </input_file>
      <input_file id="fl-1c">
         <path>.\source\</path>
         <kind>object</kind>
         <file>sys_pmu.obj</file>
         <name>sys_pmu.obj</name>
      </input_file>
      <input_file id="fl-1d">
         <path>.\source\</path>
         <kind>object</kind>
         <file>sys_selftest.obj</file>
         <name>sys_selftest.obj</name>
      </input_file>
      <input_file id="fl-1e">
         <path>.\source\</path>
         <kind>object</kind>
         <file>sys_startup.obj</file>
         <name>sys_startup.obj</name>
      </input_file>
      <input_file id="fl-1f">
         <path>.\source\</path>
         <kind>object</kind>
         <file>sys_vim.obj</file>
         <name>sys_vim.obj</name>
      </input_file>
      <input_file id="fl-20">
         <path>.\source\</path>
         <kind>object</kind>
         <file>system.obj</file>
         <name>system.obj</name>
      </input_file>
      <input_file id="fl-25">
         <path>C:\ti\ccsv6\tools\compiler\arm_15.12.3.LTS\lib\</path>
         <kind>archive</kind>
         <file>rtsv7R4_T_be_v3D16_eabi.lib</file>
         <name>autoinit.obj</name>
      </input_file>
      <input_file id="fl-26">
         <path>C:\ti\ccsv6\tools\compiler\arm_15.12.3.LTS\lib\</path>
         <kind>archive</kind>
         <file>rtsv7R4_T_be_v3D16_eabi.lib</file>
         <name>copy_decompress_none.obj</name>
      </input_file>
      <input_file id="fl-27">
         <path>C:\ti\ccsv6\tools\compiler\arm_15.12.3.LTS\lib\</path>
         <kind>archive</kind>
         <file>rtsv7R4_T_be_v3D16_eabi.lib</file>
         <name>copy_decompress_rle.obj</name>
      </input_file>
      <input_file id="fl-28">
         <path>C:\ti\ccsv6\tools\compiler\arm_15.12.3.LTS\lib\</path>
         <kind>archive</kind>
         <file>rtsv7R4_T_be_v3D16_eabi.lib</file>
         <name>copy_zero_init.obj</name>
      </input_file>
      <input_file id="fl-29">
         <path>C:\ti\ccsv6\tools\compiler\arm_15.12.3.LTS\lib\</path>
         <kind>archive</kind>
         <file>rtsv7R4_T_be_v3D16_eabi.lib</file>
         <name>cpy_tbl.obj</name>
      </input_file>
      <input_file id="fl-2a">
         <path>C:\ti\ccsv6\tools\compiler\arm_15.12.3.LTS\lib\</path>
         <kind>archive</kind>
         <file>rtsv7R4_T_be_v3D16_eabi.lib</file>
         <name>e_sqrt.obj</name>
      </input_file>
      <input_file id="fl-2b">
         <path>C:\ti\ccsv6\tools\compiler\arm_15.12.3.LTS\lib\</path>
         <kind>archive</kind>
         <file>rtsv7R4_T_be_v3D16_eabi.lib</file>
         <name>errno.obj</name>
      </input_file>
      <input_file id="fl-2c">
         <path>C:\ti\ccsv6\tools\compiler\arm_15.12.3.LTS\lib\</path>
         <kind>archive</kind>
         <file>rtsv7R4_T_be_v3D16_eabi.lib</file>
         <name>exit.obj</name>
      </input_file>
      <input_file id="fl-2d">
         <path>C:\ti\ccsv6\tools\compiler\arm_15.12.3.LTS\lib\</path>
         <kind>archive</kind>
         <file>rtsv7R4_T_be_v3D16_eabi.lib</file>
         <name>memcpy_t2.obj</name>
      </input_file>
      <input_file id="fl-2e">
         <path>C:\ti\ccsv6\tools\compiler\arm_15.12.3.LTS\lib\</path>
         <kind>archive</kind>
         <file>rtsv7R4_T_be_v3D16_eabi.lib</file>
         <name>memset_t2.obj</name>
      </input_file>
      <input_file id="fl-2f">
         <path>C:\ti\ccsv6\tools\compiler\arm_15.12.3.LTS\lib\</path>
         <kind>archive</kind>
         <file>rtsv7R4_T_be_v3D16_eabi.lib</file>
         <name>sprintf.obj</name>
      </input_file>
      <input_file id="fl-30">
         <path>C:\ti\ccsv6\tools\compiler\arm_15.12.3.LTS\lib\</path>
         <kind>archive</kind>
         <file>rtsv7R4_T_be_v3D16_eabi.lib</file>
         <name>startup.obj</name>
      </input_file>
      <input_file id="fl-31">
         <path>C:\ti\ccsv6\tools\compiler\arm_15.12.3.LTS\lib\</path>
         <kind>archive</kind>
         <file>rtsv7R4_T_be_v3D16_eabi.lib</file>
         <name>strcpy.obj</name>
      </input_file>
      <input_file id="fl-32">
         <path>C:\ti\ccsv6\tools\compiler\arm_15.12.3.LTS\lib\</path>
         <kind>archive</kind>
         <file>rtsv7R4_T_be_v3D16_eabi.lib</file>
         <name>strlen.obj</name>
      </input_file>
      <input_file id="fl-33">
         <path>C:\ti\ccsv6\tools\compiler\arm_15.12.3.LTS\lib\</path>
         <kind>archive</kind>
         <file>rtsv7R4_T_be_v3D16_eabi.lib</file>
         <name>u_div32.obj</name>
      </input_file>
      <input_file id="fl-34">
         <path>C:\ti\ccsv6\tools\compiler\arm_15.12.3.LTS\lib\</path>
         <kind>archive</kind>
         <file>rtsv7R4_T_be_v3D16_eabi.lib</file>
         <name>_lock.obj</name>
      </input_file>
      <input_file id="fl-35">
         <path>C:\ti\ccsv6\tools\compiler\arm_15.12.3.LTS\lib\</path>
         <kind>archive</kind>
         <file>rtsv7R4_T_be_v3D16_eabi.lib</file>
         <name>_printfi.obj</name>
      </input_file>
      <input_file id="fl-36">
         <path>C:\ti\ccsv6\tools\compiler\arm_15.12.3.LTS\lib\</path>
         <kind>archive</kind>
         <file>rtsv7R4_T_be_v3D16_eabi.lib</file>
         <name>atoi.obj</name>
      </input_file>
      <input_file id="fl-37">
         <path>C:\ti\ccsv6\tools\compiler\arm_15.12.3.LTS\lib\</path>
         <kind>archive</kind>
         <file>rtsv7R4_T_be_v3D16_eabi.lib</file>
         <name>ctype.obj</name>
      </input_file>
      <input_file id="fl-38">
         <path>C:\ti\ccsv6\tools\compiler\arm_15.12.3.LTS\lib\</path>
         <kind>archive</kind>
         <file>rtsv7R4_T_be_v3D16_eabi.lib</file>
         <name>i_div0.obj</name>
      </input_file>
      <input_file id="fl-39">
         <path>C:\ti\ccsv6\tools\compiler\arm_15.12.3.LTS\lib\</path>
         <kind>archive</kind>
         <file>rtsv7R4_T_be_v3D16_eabi.lib</file>
         <name>ltoa.obj</name>
      </input_file>
      <input_file id="fl-3a">
         <path>C:\ti\ccsv6\tools\compiler\arm_15.12.3.LTS\lib\</path>
         <kind>archive</kind>
         <file>rtsv7R4_T_be_v3D16_eabi.lib</file>
         <name>memccpy.obj</name>
      </input_file>
      <input_file id="fl-3b">
         <path>C:\ti\ccsv6\tools\compiler\arm_15.12.3.LTS\lib\</path>
         <kind>archive</kind>
         <file>rtsv7R4_T_be_v3D16_eabi.lib</file>
         <name>s_frexp.obj</name>
      </input_file>
      <input_file id="fl-3c">
         <path>C:\ti\ccsv6\tools\compiler\arm_15.12.3.LTS\lib\</path>
         <kind>archive</kind>
         <file>rtsv7R4_T_be_v3D16_eabi.lib</file>
         <name>s_scalbn.obj</name>
      </input_file>
      <input_file id="fl-3d">
         <path>C:\ti\ccsv6\tools\compiler\arm_15.12.3.LTS\lib\</path>
         <kind>archive</kind>
         <file>rtsv7R4_T_be_v3D16_eabi.lib</file>
         <name>strchr.obj</name>
      </input_file>
      <input_file id="fl-3e">
         <path>C:\ti\ccsv6\tools\compiler\arm_15.12.3.LTS\lib\</path>
         <kind>archive</kind>
         <file>rtsv7R4_T_be_v3D16_eabi.lib</file>
         <name>ull_div32.obj</name>
      </input_file>
      <input_file id="fl-3f">
         <path>C:\ti\ccsv6\tools\compiler\arm_15.12.3.LTS\lib\</path>
         <kind>archive</kind>
         <file>rtsv7R4_T_be_v3D16_eabi.lib</file>
         <name>s_copysign.obj</name>
      </input_file>
   </input_file_list>
   <object_component_list>
      <object_component id="oc-35">
         <name>.intvecs</name>
         <load_address>0x0</load_address>
         <run_address>0x0</run_address>
         <size>0x20</size>
         <input_file_ref idref="fl-16"/>
      </object_component>
      <object_component id="oc-118">
         <name>.kernelTEXT</name>
         <load_address>0x20</load_address>
         <run_address>0x20</run_address>
         <size>0x20f4</size>
         <input_file_ref idref="fl-f"/>
      </object_component>
      <object_component id="oc-11e">
         <name>.kernelTEXT</name>
         <load_address>0x2114</load_address>
         <run_address>0x2114</run_address>
         <size>0x1180</size>
         <input_file_ref idref="fl-e"/>
      </object_component>
      <object_component id="oc-a7">
         <name>.kernelTEXT</name>
         <load_address>0x3294</load_address>
         <run_address>0x3294</run_address>
         <size>0x4b0</size>
         <input_file_ref idref="fl-d"/>
      </object_component>
      <object_component id="oc-212">
         <name>.kernelTEXT</name>
         <load_address>0x3744</load_address>
         <run_address>0x3744</run_address>
         <size>0x3e0</size>
         <input_file_ref idref="fl-c"/>
      </object_component>
      <object_component id="oc-1e6">
         <name>.kernelTEXT</name>
         <load_address>0x3b24</load_address>
         <run_address>0x3b24</run_address>
         <size>0x3a4</size>
         <input_file_ref idref="fl-9"/>
      </object_component>
      <object_component id="oc-3c9">
         <name>.cinit..data.load</name>
         <load_address>0x3ec8</load_address>
         <run_address>0x3ec8</run_address>
         <size>0x28</size>
      </object_component>
      <object_component id="oc-3c6">
         <name>.cinit..kernelBSS.load</name>
         <load_address>0x3ef0</load_address>
         <run_address>0x3ef0</run_address>
         <size>0x16</size>
      </object_component>
      <object_component id="oc-3c7">
         <name>.cinit..kernelHEAP.load</name>
         <load_address>0x3f08</load_address>
         <run_address>0x3f08</run_address>
         <size>0xb</size>
      </object_component>
      <object_component id="oc-3c8">
         <name>.cinit..bss.load</name>
         <load_address>0x3f18</load_address>
         <run_address>0x3f18</run_address>
         <size>0x9</size>
      </object_component>
      <object_component id="oc-3c4">
         <name>__TI_handler_table</name>
         <load_address>0x3f24</load_address>
         <run_address>0x3f24</run_address>
         <size>0x8</size>
      </object_component>
      <object_component id="oc-3c5">
         <name>__TI_cinit_table</name>
         <load_address>0x3f2c</load_address>
         <run_address>0x3f2c</run_address>
         <size>0x20</size>
      </object_component>
      <object_component id="oc-7c">
         <name>.text</name>
         <load_address>0x8020</load_address>
         <run_address>0x8020</run_address>
         <size>0x2cdc</size>
         <input_file_ref idref="fl-1d"/>
      </object_component>
      <object_component id="oc-8e">
         <name>.text</name>
         <load_address>0xacfc</load_address>
         <run_address>0xacfc</run_address>
         <size>0x19fc</size>
         <input_file_ref idref="fl-17"/>
      </object_component>
      <object_component id="oc-106">
         <name>.text</name>
         <load_address>0xc6f8</load_address>
         <run_address>0xc6f8</run_address>
         <size>0x11c0</size>
         <input_file_ref idref="fl-2"/>
      </object_component>
      <object_component id="oc-2d1">
         <name>.text</name>
         <load_address>0xd8b8</load_address>
         <run_address>0xd8b8</run_address>
         <size>0x1098</size>
         <input_file_ref idref="fl-35"/>
      </object_component>
      <object_component id="oc-76">
         <name>.text</name>
         <load_address>0xe950</load_address>
         <run_address>0xe950</run_address>
         <size>0xb28</size>
         <input_file_ref idref="fl-20"/>
      </object_component>
      <object_component id="oc-21e">
         <name>.text</name>
         <load_address>0xf478</load_address>
         <run_address>0xf478</run_address>
         <size>0xad0</size>
         <input_file_ref idref="fl-f"/>
      </object_component>
      <object_component id="oc-112">
         <name>.text</name>
         <load_address>0xff48</load_address>
         <run_address>0xff48</run_address>
         <size>0x9d4</size>
         <input_file_ref idref="fl-13"/>
      </object_component>
      <object_component id="oc-41">
         <name>.text</name>
         <load_address>0x1091c</load_address>
         <run_address>0x1091c</run_address>
         <size>0x89c</size>
         <input_file_ref idref="fl-1f"/>
      </object_component>
      <object_component id="oc-dc">
         <name>.text</name>
         <load_address>0x111b8</load_address>
         <run_address>0x111b8</run_address>
         <size>0x638</size>
         <input_file_ref idref="fl-11"/>
      </object_component>
      <object_component id="oc-82">
         <name>.text</name>
         <load_address>0x117f0</load_address>
         <run_address>0x117f0</run_address>
         <size>0x5e8</size>
         <input_file_ref idref="fl-4"/>
      </object_component>
      <object_component id="oc-100">
         <name>.text</name>
         <load_address>0x11dd8</load_address>
         <run_address>0x11dd8</run_address>
         <size>0x5b4</size>
         <input_file_ref idref="fl-b"/>
      </object_component>
      <object_component id="oc-10c">
         <name>.text</name>
         <load_address>0x1238c</load_address>
         <run_address>0x1238c</run_address>
         <size>0x484</size>
         <input_file_ref idref="fl-5"/>
      </object_component>
      <object_component id="oc-71">
         <name>.text</name>
         <load_address>0x12810</load_address>
         <run_address>0x12810</run_address>
         <size>0x3cc</size>
         <input_file_ref idref="fl-14"/>
      </object_component>
      <object_component id="oc-26">
         <name>.text:retain</name>
         <load_address>0x12bdc</load_address>
         <run_address>0x12bdc</run_address>
         <size>0x338</size>
         <input_file_ref idref="fl-2"/>
      </object_component>
      <object_component id="oc-323">
         <name>.text</name>
         <load_address>0x12f14</load_address>
         <run_address>0x12f14</run_address>
         <size>0x2b8</size>
         <input_file_ref idref="fl-3e"/>
      </object_component>
      <object_component id="oc-20">
         <name>.text:retain</name>
         <load_address>0x131cc</load_address>
         <run_address>0x131cc</run_address>
         <size>0x298</size>
         <input_file_ref idref="fl-1e"/>
      </object_component>
      <object_component id="oc-40">
         <name>.text:retain</name>
         <load_address>0x13464</load_address>
         <run_address>0x13464</run_address>
         <size>0x294</size>
         <input_file_ref idref="fl-1f"/>
      </object_component>
      <object_component id="oc-28a">
         <name>.text</name>
         <load_address>0x136f8</load_address>
         <run_address>0x136f8</run_address>
         <size>0x284</size>
         <input_file_ref idref="fl-9"/>
      </object_component>
      <object_component id="oc-218">
         <name>.text</name>
         <load_address>0x1397c</load_address>
         <run_address>0x1397c</run_address>
         <size>0x238</size>
         <input_file_ref idref="fl-a"/>
      </object_component>
      <object_component id="oc-2b4">
         <name>.text</name>
         <load_address>0x13bb4</load_address>
         <run_address>0x13bb4</run_address>
         <size>0x1b4</size>
         <input_file_ref idref="fl-c"/>
      </object_component>
      <object_component id="oc-2f">
         <name>.text:retain</name>
         <load_address>0x13d68</load_address>
         <run_address>0x13d68</run_address>
         <size>0x114</size>
         <input_file_ref idref="fl-4"/>
      </object_component>
      <object_component id="oc-e4">
         <name>.text</name>
         <load_address>0x13e7c</load_address>
         <run_address>0x13e7c</run_address>
         <size>0x110</size>
         <input_file_ref idref="fl-1c"/>
      </object_component>
      <object_component id="oc-334">
         <name>.text</name>
         <load_address>0x13f8c</load_address>
         <run_address>0x13f8c</run_address>
         <size>0xf4</size>
         <input_file_ref idref="fl-3c"/>
      </object_component>
      <object_component id="oc-b0">
         <name>.text</name>
         <load_address>0x14080</load_address>
         <run_address>0x14080</run_address>
         <size>0xe8</size>
         <input_file_ref idref="fl-3"/>
      </object_component>
      <object_component id="oc-9b">
         <name>.text</name>
         <load_address>0x14168</load_address>
         <run_address>0x14168</run_address>
         <size>0xd0</size>
         <input_file_ref idref="fl-6"/>
      </object_component>
      <object_component id="oc-4c">
         <name>.text</name>
         <load_address>0x14238</load_address>
         <run_address>0x14238</run_address>
         <size>0x9c</size>
         <input_file_ref idref="fl-2d"/>
      </object_component>
      <object_component id="oc-65">
         <name>.text</name>
         <load_address>0x142d4</load_address>
         <run_address>0x142d4</run_address>
         <size>0x7a</size>
         <input_file_ref idref="fl-2e"/>
      </object_component>
      <object_component id="oc-31c">
         <name>.text</name>
         <load_address>0x1434e</load_address>
         <run_address>0x1434e</run_address>
         <size>0x2</size>
         <input_file_ref idref="fl-38"/>
      </object_component>
      <object_component id="oc-32e">
         <name>.text</name>
         <load_address>0x14350</load_address>
         <run_address>0x14350</run_address>
         <size>0x74</size>
         <input_file_ref idref="fl-3b"/>
      </object_component>
      <object_component id="oc-88">
         <name>.text</name>
         <load_address>0x143c4</load_address>
         <run_address>0x143c4</run_address>
         <size>0x70</size>
         <input_file_ref idref="fl-25"/>
      </object_component>
      <object_component id="oc-58">
         <name>.text</name>
         <load_address>0x14434</load_address>
         <run_address>0x14434</run_address>
         <size>0x6a</size>
         <input_file_ref idref="fl-27"/>
      </object_component>
      <object_component id="oc-f8">
         <name>.text</name>
         <load_address>0x1449e</load_address>
         <run_address>0x1449e</run_address>
         <size>0x2</size>
         <input_file_ref idref="fl-30"/>
      </object_component>
      <object_component id="oc-227">
         <name>.text</name>
         <load_address>0x144a0</load_address>
         <run_address>0x144a0</run_address>
         <size>0x64</size>
         <input_file_ref idref="fl-2f"/>
      </object_component>
      <object_component id="oc-328">
         <name>.text</name>
         <load_address>0x14504</load_address>
         <run_address>0x14504</run_address>
         <size>0x56</size>
         <input_file_ref idref="fl-39"/>
      </object_component>
      <object_component id="oc-346">
         <name>.text</name>
         <load_address>0x1455c</load_address>
         <run_address>0x1455c</run_address>
         <size>0x50</size>
         <input_file_ref idref="fl-36"/>
      </object_component>
      <object_component id="oc-94">
         <name>.text</name>
         <load_address>0x145ac</load_address>
         <run_address>0x145ac</run_address>
         <size>0x50</size>
         <input_file_ref idref="fl-2c"/>
      </object_component>
      <object_component id="oc-2c4">
         <name>.text</name>
         <load_address>0x145fc</load_address>
         <run_address>0x145fc</run_address>
         <size>0x50</size>
         <input_file_ref idref="fl-33"/>
      </object_component>
      <object_component id="oc-f2">
         <name>.text</name>
         <load_address>0x1464c</load_address>
         <run_address>0x1464c</run_address>
         <size>0x4c</size>
         <input_file_ref idref="fl-29"/>
      </object_component>
      <object_component id="oc-124">
         <name>.text</name>
         <load_address>0x14698</load_address>
         <run_address>0x14698</run_address>
         <size>0x2c</size>
         <input_file_ref idref="fl-2a"/>
      </object_component>
      <object_component id="oc-340">
         <name>.text</name>
         <load_address>0x146c4</load_address>
         <run_address>0x146c4</run_address>
         <size>0x1c</size>
         <input_file_ref idref="fl-3a"/>
      </object_component>
      <object_component id="oc-37c">
         <name>.text</name>
         <load_address>0x146e0</load_address>
         <run_address>0x146e0</run_address>
         <size>0x18</size>
         <input_file_ref idref="fl-3f"/>
      </object_component>
      <object_component id="oc-33a">
         <name>.text</name>
         <load_address>0x146f8</load_address>
         <run_address>0x146f8</run_address>
         <size>0x16</size>
         <input_file_ref idref="fl-3d"/>
      </object_component>
      <object_component id="oc-22d">
         <name>.text</name>
         <load_address>0x1470e</load_address>
         <run_address>0x1470e</run_address>
         <size>0x16</size>
         <input_file_ref idref="fl-32"/>
      </object_component>
      <object_component id="oc-262">
         <name>.text</name>
         <load_address>0x14724</load_address>
         <run_address>0x14724</run_address>
         <size>0x14</size>
         <input_file_ref idref="fl-34"/>
      </object_component>
      <object_component id="oc-2be">
         <name>.text</name>
         <load_address>0x14738</load_address>
         <run_address>0x14738</run_address>
         <size>0x14</size>
         <input_file_ref idref="fl-31"/>
      </object_component>
      <object_component id="oc-e">
         <name>.text:decompress:none</name>
         <load_address>0x1474c</load_address>
         <run_address>0x1474c</run_address>
         <size>0xe</size>
         <input_file_ref idref="fl-26"/>
      </object_component>
      <object_component id="oc-14">
         <name>.text:decompress:rle24</name>
         <load_address>0x1475a</load_address>
         <run_address>0x1475a</run_address>
         <size>0x6</size>
         <input_file_ref idref="fl-27"/>
      </object_component>
      <object_component id="oc-3a">
         <name>.text:retain</name>
         <load_address>0x14760</load_address>
         <run_address>0x14760</run_address>
         <size>0x4</size>
         <input_file_ref idref="fl-1a"/>
      </object_component>
      <object_component id="oc-2c">
         <name>.const:s_vim_init</name>
         <load_address>0x14764</load_address>
         <run_address>0x14764</run_address>
         <size>0x180</size>
         <input_file_ref idref="fl-1f"/>
      </object_component>
      <object_component id="oc-388">
         <name>.const:.string:_ctypes_</name>
         <load_address>0x148e4</load_address>
         <run_address>0x148e4</run_address>
         <size>0x101</size>
         <input_file_ref idref="fl-37"/>
      </object_component>
      <object_component id="oc-202">
         <name>.const:s_canByteOrder</name>
         <load_address>0x149e8</load_address>
         <run_address>0x149e8</run_address>
         <size>0x20</size>
         <input_file_ref idref="fl-2"/>
      </object_component>
      <object_component id="oc-293">
         <name>.const</name>
         <load_address>0x14a08</load_address>
         <run_address>0x14a08</run_address>
         <size>0x4</size>
         <input_file_ref idref="fl-9"/>
      </object_component>
      <object_component id="oc-167">
         <name>.kernelBSS</name>
         <load_address>0x8000964</load_address>
         <run_address>0x8000964</run_address>
         <size>0x8</size>
         <input_file_ref idref="fl-c"/>
      </object_component>
      <object_component id="oc-164">
         <name>.kernelBSS:init</name>
         <load_address>0x8000934</load_address>
         <run_address>0x8000934</run_address>
         <size>0x30</size>
         <input_file_ref idref="fl-f"/>
      </object_component>
      <object_component id="oc-224">
         <name>.kernelBSS:uninit</name>
         <load_address>0x8000800</load_address>
         <run_address>0x8000800</run_address>
         <size>0x134</size>
         <input_file_ref idref="fl-f"/>
      </object_component>
      <object_component id="oc-304">
         <name>.kernelHEAP</name>
         <uninitialized>true</uninitialized>
         <run_address>0x8001000</run_address>
         <size>0x2000</size>
         <input_file_ref idref="fl-9"/>
      </object_component>
      <object_component id="oc-296">
         <name>.bss:xStart</name>
         <uninitialized>true</uninitialized>
         <run_address>0x800306c</run_address>
         <size>0x8</size>
         <input_file_ref idref="fl-9"/>
      </object_component>
      <object_component id="oc-20d">
         <name>.bss:g_sciTransfer_t</name>
         <uninitialized>true</uninitialized>
         <run_address>0x8003038</run_address>
         <size>0x28</size>
         <input_file_ref idref="fl-13"/>
      </object_component>
      <object_component id="oc-136">
         <name>.bss:lead_pos</name>
         <uninitialized>true</uninitialized>
         <run_address>0x8003060</run_address>
         <size>0xc</size>
         <input_file_ref idref="fl-17"/>
      </object_component>
      <object_component id="oc-12f">
         <name>.bss</name>
         <uninitialized>true</uninitialized>
         <run_address>0x8003000</run_address>
         <size>0x38</size>
         <input_file_ref idref="fl-17"/>
      </object_component>
      <object_component id="oc-140">
         <name>.common:canTaskTcb</name>
         <uninitialized>true</uninitialized>
         <run_address>0x8003088</run_address>
         <size>0x4</size>
      </object_component>
      <object_component id="oc-143">
         <name>.common:CATcb</name>
         <uninitialized>true</uninitialized>
         <run_address>0x800307c</run_address>
         <size>0x4</size>
      </object_component>
      <object_component id="oc-141">
         <name>.common:steerTaskTcb</name>
         <uninitialized>true</uninitialized>
         <run_address>0x80030a0</run_address>
         <size>0x4</size>
      </object_component>
      <object_component id="oc-142">
         <name>.common:cruiseControlTaskTcb</name>
         <uninitialized>true</uninitialized>
         <run_address>0x8003090</run_address>
         <size>0x4</size>
      </object_component>
      <object_component id="oc-12e">
         <name>.common:rx_data</name>
         <uninitialized>true</uninitialized>
         <run_address>0x8003074</run_address>
         <size>0x8</size>
      </object_component>
      <object_component id="oc-12a">
         <name>.common:canIntRxSem</name>
         <uninitialized>true</uninitialized>
         <run_address>0x8003084</run_address>
         <size>0x4</size>
      </object_component>
      <object_component id="oc-13f">
         <name>.common:accSem</name>
         <uninitialized>true</uninitialized>
         <run_address>0x8003080</run_address>
         <size>0x4</size>
      </object_component>
      <object_component id="oc-135">
         <name>.common:cruiseControlSem</name>
         <uninitialized>true</uninitialized>
         <run_address>0x800308c</run_address>
         <size>0x4</size>
      </object_component>
      <object_component id="oc-12d">
         <name>.common:mailBox</name>
         <uninitialized>true</uninitialized>
         <run_address>0x8003098</run_address>
         <size>0x4</size>
      </object_component>
      <object_component id="oc-13e">
         <name>.common:prevTime</name>
         <uninitialized>true</uninitialized>
         <run_address>0x800309c</run_address>
         <size>0x4</size>
      </object_component>
      <object_component id="oc-13c">
         <name>.common:currentTime</name>
         <uninitialized>true</uninitialized>
         <run_address>0x8003094</run_address>
         <size>0x4</size>
      </object_component>
      <object_component id="oc-13d">
         <name>.common:timeStep</name>
         <uninitialized>true</uninitialized>
         <run_address>0x80030a4</run_address>
         <size>0x4</size>
      </object_component>
      <object_component id="oc-290">
         <name>.data</name>
         <load_address>0x80030e0</load_address>
         <run_address>0x80030e0</run_address>
         <size>0x10</size>
         <input_file_ref idref="fl-9"/>
      </object_component>
      <object_component id="oc-139">
         <name>.data</name>
         <load_address>0x80030a8</load_address>
         <run_address>0x80030a8</run_address>
         <size>0x38</size>
         <input_file_ref idref="fl-17"/>
      </object_component>
      <object_component id="oc-132">
         <name>.data:fol_pos</name>
         <load_address>0x80030fc</load_address>
         <run_address>0x80030fc</run_address>
         <size>0xc</size>
         <input_file_ref idref="fl-17"/>
      </object_component>
      <object_component id="oc-23c">
         <name>.data</name>
         <load_address>0x8003110</load_address>
         <run_address>0x8003110</run_address>
         <size>0x4</size>
         <input_file_ref idref="fl-2b"/>
      </object_component>
      <object_component id="oc-154">
         <name>.data:$O1$$</name>
         <load_address>0x80030f0</load_address>
         <run_address>0x80030f0</run_address>
         <size>0xc</size>
         <input_file_ref idref="fl-2c"/>
      </object_component>
      <object_component id="oc-157">
         <name>.data:$O1$$</name>
         <load_address>0x8003108</load_address>
         <run_address>0x8003108</run_address>
         <size>0x8</size>
         <input_file_ref idref="fl-34"/>
      </object_component>
      <object_component id="oc-191">
         <name>.debug_info</name>
         <load_address>0x0</load_address>
         <run_address>0x0</run_address>
         <size>0x22d</size>
         <input_file_ref idref="fl-2"/>
      </object_component>
      <object_component id="oc-203">
         <name>.debug_info</name>
         <load_address>0x22d</load_address>
         <run_address>0x22d</run_address>
         <size>0xec</size>
         <input_file_ref idref="fl-2"/>
      </object_component>
      <object_component id="oc-107">
         <name>.debug_info</name>
         <load_address>0x319</load_address>
         <run_address>0x319</run_address>
         <size>0x146f</size>
         <input_file_ref idref="fl-2"/>
      </object_component>
      <object_component id="oc-27">
         <name>.debug_info</name>
         <load_address>0x1788</load_address>
         <run_address>0x1788</run_address>
         <size>0x406</size>
         <input_file_ref idref="fl-2"/>
      </object_component>
      <object_component id="oc-a2">
         <name>.debug_info</name>
         <load_address>0x1b8e</load_address>
         <run_address>0x1b8e</run_address>
         <size>0x157</size>
         <input_file_ref idref="fl-2"/>
      </object_component>
      <object_component id="oc-14f">
         <name>.debug_info</name>
         <load_address>0x1ce5</load_address>
         <run_address>0x1ce5</run_address>
         <size>0x8b</size>
         <input_file_ref idref="fl-2"/>
      </object_component>
      <object_component id="oc-b8">
         <name>.debug_info</name>
         <load_address>0x1d70</load_address>
         <run_address>0x1d70</run_address>
         <size>0x18c</size>
         <input_file_ref idref="fl-2"/>
      </object_component>
      <object_component id="oc-145">
         <name>.debug_info</name>
         <load_address>0x1efc</load_address>
         <run_address>0x1efc</run_address>
         <size>0x18b</size>
         <input_file_ref idref="fl-2"/>
      </object_component>
      <object_component id="oc-bd">
         <name>.debug_info</name>
         <load_address>0x2087</load_address>
         <run_address>0x2087</run_address>
         <size>0x86</size>
         <input_file_ref idref="fl-2"/>
      </object_component>
      <object_component id="oc-1a5">
         <name>.debug_info</name>
         <load_address>0x210d</load_address>
         <run_address>0x210d</run_address>
         <size>0x437</size>
         <input_file_ref idref="fl-2"/>
      </object_component>
      <object_component id="oc-206">
         <name>.debug_info</name>
         <load_address>0x2544</load_address>
         <run_address>0x2544</run_address>
         <size>0x15f</size>
         <input_file_ref idref="fl-2"/>
      </object_component>
      <object_component id="oc-186">
         <name>.debug_info</name>
         <load_address>0x26a3</load_address>
         <run_address>0x26a3</run_address>
         <size>0x2cf</size>
         <input_file_ref idref="fl-2"/>
      </object_component>
      <object_component id="oc-b2">
         <name>.debug_info</name>
         <load_address>0x2972</load_address>
         <run_address>0x2972</run_address>
         <size>0x106</size>
         <input_file_ref idref="fl-3"/>
      </object_component>
      <object_component id="oc-f1">
         <name>.debug_info</name>
         <load_address>0x2a78</load_address>
         <run_address>0x2a78</run_address>
         <size>0x16e</size>
         <input_file_ref idref="fl-4"/>
      </object_component>
      <object_component id="oc-85">
         <name>.debug_info</name>
         <load_address>0x2be6</load_address>
         <run_address>0x2be6</run_address>
         <size>0xb2f</size>
         <input_file_ref idref="fl-4"/>
      </object_component>
      <object_component id="oc-33">
         <name>.debug_info</name>
         <load_address>0x3715</load_address>
         <run_address>0x3715</run_address>
         <size>0x18f</size>
         <input_file_ref idref="fl-4"/>
      </object_component>
      <object_component id="oc-16d">
         <name>.debug_info</name>
         <load_address>0x38a4</load_address>
         <run_address>0x38a4</run_address>
         <size>0x1de</size>
         <input_file_ref idref="fl-4"/>
      </object_component>
      <object_component id="oc-ec">
         <name>.debug_info</name>
         <load_address>0x3a82</load_address>
         <run_address>0x3a82</run_address>
         <size>0x129</size>
         <input_file_ref idref="fl-4"/>
      </object_component>
      <object_component id="oc-20c">
         <name>.debug_info</name>
         <load_address>0x3bab</load_address>
         <run_address>0x3bab</run_address>
         <size>0xf1</size>
         <input_file_ref idref="fl-5"/>
      </object_component>
      <object_component id="oc-10d">
         <name>.debug_info</name>
         <load_address>0x3c9c</load_address>
         <run_address>0x3c9c</run_address>
         <size>0x6e7</size>
         <input_file_ref idref="fl-5"/>
      </object_component>
      <object_component id="oc-177">
         <name>.debug_info</name>
         <load_address>0x4383</load_address>
         <run_address>0x4383</run_address>
         <size>0x1f9</size>
         <input_file_ref idref="fl-5"/>
      </object_component>
      <object_component id="oc-2a1">
         <name>.debug_info</name>
         <load_address>0x457c</load_address>
         <run_address>0x457c</run_address>
         <size>0x12a</size>
         <input_file_ref idref="fl-5"/>
      </object_component>
      <object_component id="oc-15e">
         <name>.debug_info</name>
         <load_address>0x46a6</load_address>
         <run_address>0x46a6</run_address>
         <size>0x2e5</size>
         <input_file_ref idref="fl-6"/>
      </object_component>
      <object_component id="oc-9c">
         <name>.debug_info</name>
         <load_address>0x498b</load_address>
         <run_address>0x498b</run_address>
         <size>0x9c1</size>
         <input_file_ref idref="fl-6"/>
      </object_component>
      <object_component id="oc-196">
         <name>.debug_info</name>
         <load_address>0x534c</load_address>
         <run_address>0x534c</run_address>
         <size>0x60e</size>
         <input_file_ref idref="fl-6"/>
      </object_component>
      <object_component id="oc-19b">
         <name>.debug_info</name>
         <load_address>0x595a</load_address>
         <run_address>0x595a</run_address>
         <size>0x4de</size>
         <input_file_ref idref="fl-6"/>
      </object_component>
      <object_component id="oc-1a0">
         <name>.debug_info</name>
         <load_address>0x5e38</load_address>
         <run_address>0x5e38</run_address>
         <size>0x3ce</size>
         <input_file_ref idref="fl-6"/>
      </object_component>
      <object_component id="oc-270">
         <name>.debug_info</name>
         <load_address>0x6206</load_address>
         <run_address>0x6206</run_address>
         <size>0x7cd</size>
         <input_file_ref idref="fl-6"/>
      </object_component>
      <object_component id="oc-15f">
         <name>.debug_info</name>
         <load_address>0x69d3</load_address>
         <run_address>0x69d3</run_address>
         <size>0x673</size>
         <input_file_ref idref="fl-6"/>
      </object_component>
      <object_component id="oc-d3">
         <name>.debug_info</name>
         <load_address>0x7046</load_address>
         <run_address>0x7046</run_address>
         <size>0x2c</size>
         <input_file_ref idref="fl-6"/>
      </object_component>
      <object_component id="oc-1d0">
         <name>.debug_info</name>
         <load_address>0x7072</load_address>
         <run_address>0x7072</run_address>
         <size>0x37b</size>
         <input_file_ref idref="fl-6"/>
      </object_component>
      <object_component id="oc-1aa">
         <name>.debug_info</name>
         <load_address>0x73ed</load_address>
         <run_address>0x73ed</run_address>
         <size>0x1ca</size>
         <input_file_ref idref="fl-6"/>
      </object_component>
      <object_component id="oc-172">
         <name>.debug_info</name>
         <load_address>0x75b7</load_address>
         <run_address>0x75b7</run_address>
         <size>0x435</size>
         <input_file_ref idref="fl-6"/>
      </object_component>
      <object_component id="oc-1c3">
         <name>.debug_info</name>
         <load_address>0x79ec</load_address>
         <run_address>0x79ec</run_address>
         <size>0x551</size>
         <input_file_ref idref="fl-6"/>
      </object_component>
      <object_component id="oc-1af">
         <name>.debug_info</name>
         <load_address>0x7f3d</load_address>
         <run_address>0x7f3d</run_address>
         <size>0x3d3</size>
         <input_file_ref idref="fl-6"/>
      </object_component>
      <object_component id="oc-1b9">
         <name>.debug_info</name>
         <load_address>0x8310</load_address>
         <run_address>0x8310</run_address>
         <size>0x1de</size>
         <input_file_ref idref="fl-6"/>
      </object_component>
      <object_component id="oc-243">
         <name>.debug_info</name>
         <load_address>0x84ee</load_address>
         <run_address>0x84ee</run_address>
         <size>0x243</size>
         <input_file_ref idref="fl-6"/>
      </object_component>
      <object_component id="oc-2af">
         <name>.debug_info</name>
         <load_address>0x8731</load_address>
         <run_address>0x8731</run_address>
         <size>0x18e</size>
         <input_file_ref idref="fl-6"/>
      </object_component>
      <object_component id="oc-1c8">
         <name>.debug_info</name>
         <load_address>0x88bf</load_address>
         <run_address>0x88bf</run_address>
         <size>0x17a</size>
         <input_file_ref idref="fl-6"/>
      </object_component>
      <object_component id="oc-17c">
         <name>.debug_info</name>
         <load_address>0x8a39</load_address>
         <run_address>0x8a39</run_address>
         <size>0x6a6</size>
         <input_file_ref idref="fl-6"/>
      </object_component>
      <object_component id="oc-181">
         <name>.debug_info</name>
         <load_address>0x90df</load_address>
         <run_address>0x90df</run_address>
         <size>0x13e</size>
         <input_file_ref idref="fl-6"/>
      </object_component>
      <object_component id="oc-25f">
         <name>.debug_info</name>
         <load_address>0x921d</load_address>
         <run_address>0x921d</run_address>
         <size>0x34e</size>
         <input_file_ref idref="fl-7"/>
      </object_component>
      <object_component id="oc-1f3">
         <name>.debug_info</name>
         <load_address>0x956b</load_address>
         <run_address>0x956b</run_address>
         <size>0x2ef</size>
         <input_file_ref idref="fl-7"/>
      </object_component>
      <object_component id="oc-14a">
         <name>.debug_info</name>
         <load_address>0x985a</load_address>
         <run_address>0x985a</run_address>
         <size>0xe1</size>
         <input_file_ref idref="fl-7"/>
      </object_component>
      <object_component id="oc-cb">
         <name>.debug_info</name>
         <load_address>0x993b</load_address>
         <run_address>0x993b</run_address>
         <size>0x84</size>
         <input_file_ref idref="fl-7"/>
      </object_component>
      <object_component id="oc-2f5">
         <name>.debug_info</name>
         <load_address>0x99bf</load_address>
         <run_address>0x99bf</run_address>
         <size>0xcc</size>
         <input_file_ref idref="fl-7"/>
      </object_component>
      <object_component id="oc-1ed">
         <name>.debug_info</name>
         <load_address>0x9a8b</load_address>
         <run_address>0x9a8b</run_address>
         <size>0x2c</size>
         <input_file_ref idref="fl-7"/>
      </object_component>
      <object_component id="oc-1fd">
         <name>.debug_info</name>
         <load_address>0x9ab7</load_address>
         <run_address>0x9ab7</run_address>
         <size>0x46</size>
         <input_file_ref idref="fl-7"/>
      </object_component>
      <object_component id="oc-248">
         <name>.debug_info</name>
         <load_address>0x9afd</load_address>
         <run_address>0x9afd</run_address>
         <size>0x14c</size>
         <input_file_ref idref="fl-7"/>
      </object_component>
      <object_component id="oc-2ee">
         <name>.debug_info</name>
         <load_address>0x9c49</load_address>
         <run_address>0x9c49</run_address>
         <size>0x45c</size>
         <input_file_ref idref="fl-8"/>
      </object_component>
      <object_component id="oc-237">
         <name>.debug_info</name>
         <load_address>0xa0a5</load_address>
         <run_address>0xa0a5</run_address>
         <size>0x110</size>
         <input_file_ref idref="fl-8"/>
      </object_component>
      <object_component id="oc-363">
         <name>.debug_info</name>
         <load_address>0xa1b5</load_address>
         <run_address>0xa1b5</run_address>
         <size>0x39</size>
         <input_file_ref idref="fl-8"/>
      </object_component>
      <object_component id="oc-2e2">
         <name>.debug_info</name>
         <load_address>0xa1ee</load_address>
         <run_address>0xa1ee</run_address>
         <size>0x46</size>
         <input_file_ref idref="fl-8"/>
      </object_component>
      <object_component id="oc-368">
         <name>.debug_info</name>
         <load_address>0xa234</load_address>
         <run_address>0xa234</run_address>
         <size>0x76</size>
         <input_file_ref idref="fl-8"/>
      </object_component>
      <object_component id="oc-29a">
         <name>.debug_info</name>
         <load_address>0xa2aa</load_address>
         <run_address>0xa2aa</run_address>
         <size>0x209</size>
         <input_file_ref idref="fl-9"/>
      </object_component>
      <object_component id="oc-305">
         <name>.debug_info</name>
         <load_address>0xa4b3</load_address>
         <run_address>0xa4b3</run_address>
         <size>0xe0</size>
         <input_file_ref idref="fl-9"/>
      </object_component>
      <object_component id="oc-294">
         <name>.debug_info</name>
         <load_address>0xa593</load_address>
         <run_address>0xa593</run_address>
         <size>0xf2</size>
         <input_file_ref idref="fl-9"/>
      </object_component>
      <object_component id="oc-297">
         <name>.debug_info</name>
         <load_address>0xa685</load_address>
         <run_address>0xa685</run_address>
         <size>0xe0</size>
         <input_file_ref idref="fl-9"/>
      </object_component>
      <object_component id="oc-291">
         <name>.debug_info</name>
         <load_address>0xa765</load_address>
         <run_address>0xa765</run_address>
         <size>0x194</size>
         <input_file_ref idref="fl-9"/>
      </object_component>
      <object_component id="oc-1e8">
         <name>.debug_info</name>
         <load_address>0xa8f9</load_address>
         <run_address>0xa8f9</run_address>
         <size>0x53d</size>
         <input_file_ref idref="fl-9"/>
      </object_component>
      <object_component id="oc-28c">
         <name>.debug_info</name>
         <load_address>0xae36</load_address>
         <run_address>0xae36</run_address>
         <size>0x2b7</size>
         <input_file_ref idref="fl-9"/>
      </object_component>
      <object_component id="oc-30e">
         <name>.debug_info</name>
         <load_address>0xb0ed</load_address>
         <run_address>0xb0ed</run_address>
         <size>0x62</size>
         <input_file_ref idref="fl-9"/>
      </object_component>
      <object_component id="oc-2bd">
         <name>.debug_info</name>
         <load_address>0xb14f</load_address>
         <run_address>0xb14f</run_address>
         <size>0x13f</size>
         <input_file_ref idref="fl-a"/>
      </object_component>
      <object_component id="oc-21b">
         <name>.debug_info</name>
         <load_address>0xb28e</load_address>
         <run_address>0xb28e</run_address>
         <size>0x4be</size>
         <input_file_ref idref="fl-a"/>
      </object_component>
      <object_component id="oc-1f2">
         <name>.debug_info</name>
         <load_address>0xb74c</load_address>
         <run_address>0xb74c</run_address>
         <size>0x7a3</size>
         <input_file_ref idref="fl-b"/>
      </object_component>
      <object_component id="oc-103">
         <name>.debug_info</name>
         <load_address>0xbeef</load_address>
         <run_address>0xbeef</run_address>
         <size>0x22a1</size>
         <input_file_ref idref="fl-b"/>
      </object_component>
      <object_component id="oc-1f8">
         <name>.debug_info</name>
         <load_address>0xe190</load_address>
         <run_address>0xe190</run_address>
         <size>0x46</size>
         <input_file_ref idref="fl-b"/>
      </object_component>
      <object_component id="oc-2bb">
         <name>.debug_info</name>
         <load_address>0xe1d6</load_address>
         <run_address>0xe1d6</run_address>
         <size>0x25d</size>
         <input_file_ref idref="fl-c"/>
      </object_component>
      <object_component id="oc-168">
         <name>.debug_info</name>
         <load_address>0xe433</load_address>
         <run_address>0xe433</run_address>
         <size>0x12e</size>
         <input_file_ref idref="fl-c"/>
      </object_component>
      <object_component id="oc-213">
         <name>.debug_info</name>
         <load_address>0xe561</load_address>
         <run_address>0xe561</run_address>
         <size>0x5c0</size>
         <input_file_ref idref="fl-c"/>
      </object_component>
      <object_component id="oc-2b5">
         <name>.debug_info</name>
         <load_address>0xeb21</load_address>
         <run_address>0xeb21</run_address>
         <size>0x366</size>
         <input_file_ref idref="fl-c"/>
      </object_component>
      <object_component id="oc-aa">
         <name>.debug_info</name>
         <load_address>0xee87</load_address>
         <run_address>0xee87</run_address>
         <size>0x4e7</size>
         <input_file_ref idref="fl-d"/>
      </object_component>
      <object_component id="oc-236">
         <name>.debug_info</name>
         <load_address>0xf36e</load_address>
         <run_address>0xf36e</run_address>
         <size>0x4dd</size>
         <input_file_ref idref="fl-e"/>
      </object_component>
      <object_component id="oc-11f">
         <name>.debug_info</name>
         <load_address>0xf84b</load_address>
         <run_address>0xf84b</run_address>
         <size>0x22c3</size>
         <input_file_ref idref="fl-e"/>
      </object_component>
      <object_component id="oc-2e9">
         <name>.debug_info</name>
         <load_address>0x11b0e</load_address>
         <run_address>0x11b0e</run_address>
         <size>0x17d</size>
         <input_file_ref idref="fl-e"/>
      </object_component>
      <object_component id="oc-234">
         <name>.debug_info</name>
         <load_address>0x11c8b</load_address>
         <run_address>0x11c8b</run_address>
         <size>0x6a1</size>
         <input_file_ref idref="fl-f"/>
      </object_component>
      <object_component id="oc-165">
         <name>.debug_info</name>
         <load_address>0x1232c</load_address>
         <run_address>0x1232c</run_address>
         <size>0x2fb</size>
         <input_file_ref idref="fl-f"/>
      </object_component>
      <object_component id="oc-225">
         <name>.debug_info</name>
         <load_address>0x12627</load_address>
         <run_address>0x12627</run_address>
         <size>0x275</size>
         <input_file_ref idref="fl-f"/>
      </object_component>
      <object_component id="oc-11b">
         <name>.debug_info</name>
         <load_address>0x1289c</load_address>
         <run_address>0x1289c</run_address>
         <size>0x35b9</size>
         <input_file_ref idref="fl-f"/>
      </object_component>
      <object_component id="oc-220">
         <name>.debug_info</name>
         <load_address>0x15e55</load_address>
         <run_address>0x15e55</run_address>
         <size>0x1283</size>
         <input_file_ref idref="fl-f"/>
      </object_component>
      <object_component id="oc-2ca">
         <name>.debug_info</name>
         <load_address>0x170d8</load_address>
         <run_address>0x170d8</run_address>
         <size>0x185</size>
         <input_file_ref idref="fl-f"/>
      </object_component>
      <object_component id="oc-2d9">
         <name>.debug_info</name>
         <load_address>0x1725d</load_address>
         <run_address>0x1725d</run_address>
         <size>0x4e</size>
         <input_file_ref idref="fl-f"/>
      </object_component>
      <object_component id="oc-193">
         <name>.debug_info</name>
         <load_address>0x172ab</load_address>
         <run_address>0x172ab</run_address>
         <size>0x124</size>
         <input_file_ref idref="fl-11"/>
      </object_component>
      <object_component id="oc-df">
         <name>.debug_info</name>
         <load_address>0x173cf</load_address>
         <run_address>0x173cf</run_address>
         <size>0x1e9</size>
         <input_file_ref idref="fl-11"/>
      </object_component>
      <object_component id="oc-1b4">
         <name>.debug_info</name>
         <load_address>0x175b8</load_address>
         <run_address>0x175b8</run_address>
         <size>0x3a4</size>
         <input_file_ref idref="fl-11"/>
      </object_component>
      <object_component id="oc-27d">
         <name>.debug_info</name>
         <load_address>0x1795c</load_address>
         <run_address>0x1795c</run_address>
         <size>0x2c7</size>
         <input_file_ref idref="fl-11"/>
      </object_component>
      <object_component id="oc-211">
         <name>.debug_info</name>
         <load_address>0x17c23</load_address>
         <run_address>0x17c23</run_address>
         <size>0x11d</size>
         <input_file_ref idref="fl-13"/>
      </object_component>
      <object_component id="oc-20e">
         <name>.debug_info</name>
         <load_address>0x17d40</load_address>
         <run_address>0x17d40</run_address>
         <size>0xee</size>
         <input_file_ref idref="fl-13"/>
      </object_component>
      <object_component id="oc-113">
         <name>.debug_info</name>
         <load_address>0x17e2e</load_address>
         <run_address>0x17e2e</run_address>
         <size>0xbf5</size>
         <input_file_ref idref="fl-13"/>
      </object_component>
      <object_component id="oc-2aa">
         <name>.debug_info</name>
         <load_address>0x18a23</load_address>
         <run_address>0x18a23</run_address>
         <size>0x91</size>
         <input_file_ref idref="fl-13"/>
      </object_component>
      <object_component id="oc-73">
         <name>.debug_info</name>
         <load_address>0x18ab4</load_address>
         <run_address>0x18ab4</run_address>
         <size>0x7fb</size>
         <input_file_ref idref="fl-14"/>
      </object_component>
      <object_component id="oc-36">
         <name>.debug_info</name>
         <load_address>0x192af</load_address>
         <run_address>0x192af</run_address>
         <size>0x10e</size>
         <input_file_ref idref="fl-16"/>
      </object_component>
      <object_component id="oc-12b">
         <name>.debug_info</name>
         <load_address>0x193bd</load_address>
         <run_address>0x193bd</run_address>
         <size>0xb86</size>
         <input_file_ref idref="fl-17"/>
      </object_component>
      <object_component id="oc-13a">
         <name>.debug_info</name>
         <load_address>0x19f43</load_address>
         <run_address>0x19f43</run_address>
         <size>0x193</size>
         <input_file_ref idref="fl-17"/>
      </object_component>
      <object_component id="oc-137">
         <name>.debug_info</name>
         <load_address>0x1a0d6</load_address>
         <run_address>0x1a0d6</run_address>
         <size>0xe5</size>
         <input_file_ref idref="fl-17"/>
      </object_component>
      <object_component id="oc-133">
         <name>.debug_info</name>
         <load_address>0x1a1bb</load_address>
         <run_address>0x1a1bb</run_address>
         <size>0xe3</size>
         <input_file_ref idref="fl-17"/>
      </object_component>
      <object_component id="oc-130">
         <name>.debug_info</name>
         <load_address>0x1a29e</load_address>
         <run_address>0x1a29e</run_address>
         <size>0x28b</size>
         <input_file_ref idref="fl-17"/>
      </object_component>
      <object_component id="oc-91">
         <name>.debug_info</name>
         <load_address>0x1a529</load_address>
         <run_address>0x1a529</run_address>
         <size>0x1b89</size>
         <input_file_ref idref="fl-17"/>
      </object_component>
      <object_component id="oc-252">
         <name>.debug_info</name>
         <load_address>0x1c0b2</load_address>
         <run_address>0x1c0b2</run_address>
         <size>0xc8</size>
         <input_file_ref idref="fl-17"/>
      </object_component>
      <object_component id="oc-24d">
         <name>.debug_info</name>
         <load_address>0x1c17a</load_address>
         <run_address>0x1c17a</run_address>
         <size>0x2c</size>
         <input_file_ref idref="fl-17"/>
      </object_component>
      <object_component id="oc-282">
         <name>.debug_info</name>
         <load_address>0x1c1a6</load_address>
         <run_address>0x1c1a6</run_address>
         <size>0xf7</size>
         <input_file_ref idref="fl-19"/>
      </object_component>
      <object_component id="oc-2ff">
         <name>.debug_info</name>
         <load_address>0x1c29d</load_address>
         <run_address>0x1c29d</run_address>
         <size>0x242</size>
         <input_file_ref idref="fl-19"/>
      </object_component>
      <object_component id="oc-1be">
         <name>.debug_info</name>
         <load_address>0x1c4df</load_address>
         <run_address>0x1c4df</run_address>
         <size>0x2af</size>
         <input_file_ref idref="fl-19"/>
      </object_component>
      <object_component id="oc-3c">
         <name>.debug_info</name>
         <load_address>0x1c78e</load_address>
         <run_address>0x1c78e</run_address>
         <size>0x140</size>
         <input_file_ref idref="fl-1a"/>
      </object_component>
      <object_component id="oc-e5">
         <name>.debug_info</name>
         <load_address>0x1c8ce</load_address>
         <run_address>0x1c8ce</run_address>
         <size>0x36e</size>
         <input_file_ref idref="fl-1c"/>
      </object_component>
      <object_component id="oc-ea">
         <name>.debug_info</name>
         <load_address>0x1cc3c</load_address>
         <run_address>0x1cc3c</run_address>
         <size>0x4b4</size>
         <input_file_ref idref="fl-1d"/>
      </object_component>
      <object_component id="oc-7d">
         <name>.debug_info</name>
         <load_address>0x1d0f0</load_address>
         <run_address>0x1d0f0</run_address>
         <size>0x2e92</size>
         <input_file_ref idref="fl-1d"/>
      </object_component>
      <object_component id="oc-21">
         <name>.debug_info</name>
         <load_address>0x1ff82</load_address>
         <run_address>0x1ff82</run_address>
         <size>0x5c5</size>
         <input_file_ref idref="fl-1e"/>
      </object_component>
      <object_component id="oc-ae">
         <name>.debug_info</name>
         <load_address>0x20547</load_address>
         <run_address>0x20547</run_address>
         <size>0x333</size>
         <input_file_ref idref="fl-1f"/>
      </object_component>
      <object_component id="oc-2d">
         <name>.debug_info</name>
         <load_address>0x2087a</load_address>
         <run_address>0x2087a</run_address>
         <size>0xe8</size>
         <input_file_ref idref="fl-1f"/>
      </object_component>
      <object_component id="oc-42">
         <name>.debug_info</name>
         <load_address>0x20962</load_address>
         <run_address>0x20962</run_address>
         <size>0x47a</size>
         <input_file_ref idref="fl-1f"/>
      </object_component>
      <object_component id="oc-47">
         <name>.debug_info</name>
         <load_address>0x20ddc</load_address>
         <run_address>0x20ddc</run_address>
         <size>0x203</size>
         <input_file_ref idref="fl-1f"/>
      </object_component>
      <object_component id="oc-18b">
         <name>.debug_info</name>
         <load_address>0x20fdf</load_address>
         <run_address>0x20fdf</run_address>
         <size>0x4f</size>
         <input_file_ref idref="fl-1f"/>
      </object_component>
      <object_component id="oc-e3">
         <name>.debug_info</name>
         <load_address>0x2102e</load_address>
         <run_address>0x2102e</run_address>
         <size>0x361</size>
         <input_file_ref idref="fl-20"/>
      </object_component>
      <object_component id="oc-78">
         <name>.debug_info</name>
         <load_address>0x2138f</load_address>
         <run_address>0x2138f</run_address>
         <size>0x739</size>
         <input_file_ref idref="fl-20"/>
      </object_component>
      <object_component id="oc-ff">
         <name>.debug_info</name>
         <load_address>0x21ac8</load_address>
         <run_address>0x21ac8</run_address>
         <size>0x2ea</size>
         <input_file_ref idref="fl-25"/>
      </object_component>
      <object_component id="oc-8c">
         <name>.debug_info</name>
         <load_address>0x21db2</load_address>
         <run_address>0x21db2</run_address>
         <size>0x191</size>
         <input_file_ref idref="fl-25"/>
      </object_component>
      <object_component id="oc-1dc">
         <name>.debug_info</name>
         <load_address>0x21f43</load_address>
         <run_address>0x21f43</run_address>
         <size>0x39</size>
         <input_file_ref idref="fl-25"/>
      </object_component>
      <object_component id="oc-1e1">
         <name>.debug_info</name>
         <load_address>0x21f7c</load_address>
         <run_address>0x21f7c</run_address>
         <size>0xcd</size>
         <input_file_ref idref="fl-25"/>
      </object_component>
      <object_component id="oc-57">
         <name>.debug_info</name>
         <load_address>0x22049</load_address>
         <run_address>0x22049</run_address>
         <size>0x13c</size>
         <input_file_ref idref="fl-26"/>
      </object_component>
      <object_component id="oc-11">
         <name>.debug_info</name>
         <load_address>0x22185</load_address>
         <run_address>0x22185</run_address>
         <size>0x1cb</size>
         <input_file_ref idref="fl-26"/>
      </object_component>
      <object_component id="oc-52">
         <name>.debug_info</name>
         <load_address>0x22350</load_address>
         <run_address>0x22350</run_address>
         <size>0x46</size>
         <input_file_ref idref="fl-26"/>
      </object_component>
      <object_component id="oc-c4">
         <name>.debug_info</name>
         <load_address>0x22396</load_address>
         <run_address>0x22396</run_address>
         <size>0x2c</size>
         <input_file_ref idref="fl-26"/>
      </object_component>
      <object_component id="oc-5f">
         <name>.debug_info</name>
         <load_address>0x223c2</load_address>
         <run_address>0x223c2</run_address>
         <size>0x135</size>
         <input_file_ref idref="fl-27"/>
      </object_component>
      <object_component id="oc-5c">
         <name>.debug_info</name>
         <load_address>0x224f7</load_address>
         <run_address>0x224f7</run_address>
         <size>0x248</size>
         <input_file_ref idref="fl-27"/>
      </object_component>
      <object_component id="oc-18">
         <name>.debug_info</name>
         <load_address>0x2273f</load_address>
         <run_address>0x2273f</run_address>
         <size>0x1b2</size>
         <input_file_ref idref="fl-27"/>
      </object_component>
      <object_component id="oc-60">
         <name>.debug_info</name>
         <load_address>0x228f1</load_address>
         <run_address>0x228f1</run_address>
         <size>0x39</size>
         <input_file_ref idref="fl-27"/>
      </object_component>
      <object_component id="oc-1d8">
         <name>.debug_info</name>
         <load_address>0x2292a</load_address>
         <run_address>0x2292a</run_address>
         <size>0x1e1</size>
         <input_file_ref idref="fl-29"/>
      </object_component>
      <object_component id="oc-f3">
         <name>.debug_info</name>
         <load_address>0x22b0b</load_address>
         <run_address>0x22b0b</run_address>
         <size>0x184</size>
         <input_file_ref idref="fl-29"/>
      </object_component>
      <object_component id="oc-285">
         <name>.debug_info</name>
         <load_address>0x22c8f</load_address>
         <run_address>0x22c8f</run_address>
         <size>0x2c</size>
         <input_file_ref idref="fl-29"/>
      </object_component>
      <object_component id="oc-240">
         <name>.debug_info</name>
         <load_address>0x22cbb</load_address>
         <run_address>0x22cbb</run_address>
         <size>0x115</size>
         <input_file_ref idref="fl-2a"/>
      </object_component>
      <object_component id="oc-127">
         <name>.debug_info</name>
         <load_address>0x22dd0</load_address>
         <run_address>0x22dd0</run_address>
         <size>0x149</size>
         <input_file_ref idref="fl-2a"/>
      </object_component>
      <object_component id="oc-23d">
         <name>.debug_info</name>
         <load_address>0x22f19</load_address>
         <run_address>0x22f19</run_address>
         <size>0xf4</size>
         <input_file_ref idref="fl-2b"/>
      </object_component>
      <object_component id="oc-15b">
         <name>.debug_info</name>
         <load_address>0x2300d</load_address>
         <run_address>0x2300d</run_address>
         <size>0x235</size>
         <input_file_ref idref="fl-2c"/>
      </object_component>
      <object_component id="oc-155">
         <name>.debug_info</name>
         <load_address>0x23242</load_address>
         <run_address>0x23242</run_address>
         <size>0x186</size>
         <input_file_ref idref="fl-2c"/>
      </object_component>
      <object_component id="oc-95">
         <name>.debug_info</name>
         <load_address>0x233c8</load_address>
         <run_address>0x233c8</run_address>
         <size>0x215</size>
         <input_file_ref idref="fl-2c"/>
      </object_component>
      <object_component id="oc-4e">
         <name>.debug_info</name>
         <load_address>0x235dd</load_address>
         <run_address>0x235dd</run_address>
         <size>0x112</size>
         <input_file_ref idref="fl-2d"/>
      </object_component>
      <object_component id="oc-67">
         <name>.debug_info</name>
         <load_address>0x236ef</load_address>
         <run_address>0x236ef</run_address>
         <size>0x140</size>
         <input_file_ref idref="fl-2e"/>
      </object_component>
      <object_component id="oc-2d8">
         <name>.debug_info</name>
         <load_address>0x2382f</load_address>
         <run_address>0x2382f</run_address>
         <size>0x1bc</size>
         <input_file_ref idref="fl-2f"/>
      </object_component>
      <object_component id="oc-229">
         <name>.debug_info</name>
         <load_address>0x239eb</load_address>
         <run_address>0x239eb</run_address>
         <size>0x2f0</size>
         <input_file_ref idref="fl-2f"/>
      </object_component>
      <object_component id="oc-353">
         <name>.debug_info</name>
         <load_address>0x23cdb</load_address>
         <run_address>0x23cdb</run_address>
         <size>0x2c</size>
         <input_file_ref idref="fl-2f"/>
      </object_component>
      <object_component id="oc-f9">
         <name>.debug_info</name>
         <load_address>0x23d07</load_address>
         <run_address>0x23d07</run_address>
         <size>0x146</size>
         <input_file_ref idref="fl-30"/>
      </object_component>
      <object_component id="oc-31b">
         <name>.debug_info</name>
         <load_address>0x23e4d</load_address>
         <run_address>0x23e4d</run_address>
         <size>0xf1</size>
         <input_file_ref idref="fl-31"/>
      </object_component>
      <object_component id="oc-2bf">
         <name>.debug_info</name>
         <load_address>0x23f3e</load_address>
         <run_address>0x23f3e</run_address>
         <size>0x232</size>
         <input_file_ref idref="fl-31"/>
      </object_component>
      <object_component id="oc-2df">
         <name>.debug_info</name>
         <load_address>0x24170</load_address>
         <run_address>0x24170</run_address>
         <size>0xeb</size>
         <input_file_ref idref="fl-32"/>
      </object_component>
      <object_component id="oc-22e">
         <name>.debug_info</name>
         <load_address>0x2425b</load_address>
         <run_address>0x2425b</run_address>
         <size>0x22b</size>
         <input_file_ref idref="fl-32"/>
      </object_component>
      <object_component id="oc-2c5">
         <name>.debug_info</name>
         <load_address>0x24486</load_address>
         <run_address>0x24486</run_address>
         <size>0x14a</size>
         <input_file_ref idref="fl-33"/>
      </object_component>
      <object_component id="oc-26a">
         <name>.debug_info</name>
         <load_address>0x245d0</load_address>
         <run_address>0x245d0</run_address>
         <size>0x125</size>
         <input_file_ref idref="fl-34"/>
      </object_component>
      <object_component id="oc-158">
         <name>.debug_info</name>
         <load_address>0x246f5</load_address>
         <run_address>0x246f5</run_address>
         <size>0x114</size>
         <input_file_ref idref="fl-34"/>
      </object_component>
      <object_component id="oc-265">
         <name>.debug_info</name>
         <load_address>0x24809</load_address>
         <run_address>0x24809</run_address>
         <size>0x220</size>
         <input_file_ref idref="fl-34"/>
      </object_component>
      <object_component id="oc-34d">
         <name>.debug_info</name>
         <load_address>0x24a29</load_address>
         <run_address>0x24a29</run_address>
         <size>0x3ec</size>
         <input_file_ref idref="fl-35"/>
      </object_component>
      <object_component id="oc-2d4">
         <name>.debug_info</name>
         <load_address>0x24e15</load_address>
         <run_address>0x24e15</run_address>
         <size>0x140c</size>
         <input_file_ref idref="fl-35"/>
      </object_component>
      <object_component id="oc-34e">
         <name>.debug_info</name>
         <load_address>0x26221</load_address>
         <run_address>0x26221</run_address>
         <size>0x86</size>
         <input_file_ref idref="fl-35"/>
      </object_component>
      <object_component id="oc-38f">
         <name>.debug_info</name>
         <load_address>0x262a7</load_address>
         <run_address>0x262a7</run_address>
         <size>0x46</size>
         <input_file_ref idref="fl-35"/>
      </object_component>
      <object_component id="oc-358">
         <name>.debug_info</name>
         <load_address>0x262ed</load_address>
         <run_address>0x262ed</run_address>
         <size>0x39</size>
         <input_file_ref idref="fl-35"/>
      </object_component>
      <object_component id="oc-38c">
         <name>.debug_info</name>
         <load_address>0x26326</load_address>
         <run_address>0x26326</run_address>
         <size>0x115</size>
         <input_file_ref idref="fl-36"/>
      </object_component>
      <object_component id="oc-347">
         <name>.debug_info</name>
         <load_address>0x2643b</load_address>
         <run_address>0x2643b</run_address>
         <size>0x172</size>
         <input_file_ref idref="fl-36"/>
      </object_component>
      <object_component id="oc-3a1">
         <name>.debug_info</name>
         <load_address>0x265ad</load_address>
         <run_address>0x265ad</run_address>
         <size>0xef</size>
         <input_file_ref idref="fl-37"/>
      </object_component>
      <object_component id="oc-389">
         <name>.debug_info</name>
         <load_address>0x2669c</load_address>
         <run_address>0x2669c</run_address>
         <size>0xfb</size>
         <input_file_ref idref="fl-37"/>
      </object_component>
      <object_component id="oc-31f">
         <name>.debug_info</name>
         <load_address>0x26797</load_address>
         <run_address>0x26797</run_address>
         <size>0x148</size>
         <input_file_ref idref="fl-38"/>
      </object_component>
      <object_component id="oc-374">
         <name>.debug_info</name>
         <load_address>0x268df</load_address>
         <run_address>0x268df</run_address>
         <size>0x14d</size>
         <input_file_ref idref="fl-39"/>
      </object_component>
      <object_component id="oc-329">
         <name>.debug_info</name>
         <load_address>0x26a2c</load_address>
         <run_address>0x26a2c</run_address>
         <size>0x1c3</size>
         <input_file_ref idref="fl-39"/>
      </object_component>
      <object_component id="oc-387">
         <name>.debug_info</name>
         <load_address>0x26bef</load_address>
         <run_address>0x26bef</run_address>
         <size>0xf2</size>
         <input_file_ref idref="fl-3a"/>
      </object_component>
      <object_component id="oc-341">
         <name>.debug_info</name>
         <load_address>0x26ce1</load_address>
         <run_address>0x26ce1</run_address>
         <size>0x1ac</size>
         <input_file_ref idref="fl-3a"/>
      </object_component>
      <object_component id="oc-376">
         <name>.debug_info</name>
         <load_address>0x26e8d</load_address>
         <run_address>0x26e8d</run_address>
         <size>0x19b</size>
         <input_file_ref idref="fl-3b"/>
      </object_component>
      <object_component id="oc-330">
         <name>.debug_info</name>
         <load_address>0x27028</load_address>
         <run_address>0x27028</run_address>
         <size>0x184</size>
         <input_file_ref idref="fl-3b"/>
      </object_component>
      <object_component id="oc-377">
         <name>.debug_info</name>
         <load_address>0x271ac</load_address>
         <run_address>0x271ac</run_address>
         <size>0x2c</size>
         <input_file_ref idref="fl-3b"/>
      </object_component>
      <object_component id="oc-383">
         <name>.debug_info</name>
         <load_address>0x271d8</load_address>
         <run_address>0x271d8</run_address>
         <size>0x1d8</size>
         <input_file_ref idref="fl-3c"/>
      </object_component>
      <object_component id="oc-335">
         <name>.debug_info</name>
         <load_address>0x273b0</load_address>
         <run_address>0x273b0</run_address>
         <size>0x1a5</size>
         <input_file_ref idref="fl-3c"/>
      </object_component>
      <object_component id="oc-385">
         <name>.debug_info</name>
         <load_address>0x27555</load_address>
         <run_address>0x27555</run_address>
         <size>0xf6</size>
         <input_file_ref idref="fl-3d"/>
      </object_component>
      <object_component id="oc-33d">
         <name>.debug_info</name>
         <load_address>0x2764b</load_address>
         <run_address>0x2764b</run_address>
         <size>0x245</size>
         <input_file_ref idref="fl-3d"/>
      </object_component>
      <object_component id="oc-326">
         <name>.debug_info</name>
         <load_address>0x27890</load_address>
         <run_address>0x27890</run_address>
         <size>0x183</size>
         <input_file_ref idref="fl-3e"/>
      </object_component>
      <object_component id="oc-37d">
         <name>.debug_info</name>
         <load_address>0x27a13</load_address>
         <run_address>0x27a13</run_address>
         <size>0x157</size>
         <input_file_ref idref="fl-3f"/>
      </object_component>
      <object_component id="oc-3ca">
         <name>.debug_info</name>
         <load_address>0x27b6a</load_address>
         <run_address>0x27b6a</run_address>
         <size>0xad</size>
      </object_component>
      <object_component id="oc-27a">
         <name>.debug_line</name>
         <load_address>0x0</load_address>
         <run_address>0x0</run_address>
         <size>0x69</size>
         <input_file_ref idref="fl-2"/>
      </object_component>
      <object_component id="oc-29e">
         <name>.debug_line</name>
         <load_address>0x69</load_address>
         <run_address>0x69</run_address>
         <size>0x33</size>
         <input_file_ref idref="fl-2"/>
      </object_component>
      <object_component id="oc-10b">
         <name>.debug_line</name>
         <load_address>0x9c</load_address>
         <run_address>0x9c</run_address>
         <size>0x4d5</size>
         <input_file_ref idref="fl-2"/>
      </object_component>
      <object_component id="oc-2b">
         <name>.debug_line</name>
         <load_address>0x571</load_address>
         <run_address>0x571</run_address>
         <size>0x104</size>
         <input_file_ref idref="fl-2"/>
      </object_component>
      <object_component id="oc-a5">
         <name>.debug_line</name>
         <load_address>0x675</load_address>
         <run_address>0x675</run_address>
         <size>0x72</size>
         <input_file_ref idref="fl-2"/>
      </object_component>
      <object_component id="oc-152">
[...]
      </symbol>
      <symbol id="sm-91f">
         <name>_pmuEnableCountersGlobal_</name>
         <value>0x13ed0</value>
         <object_component_ref idref="oc-e4"/>
      </symbol>
      <symbol id="sm-920">
         <name>_pmuDisableCountersGlobal_</name>
         <value>0x13ee8</value>
         <object_component_ref idref="oc-e4"/>
      </symbol>
      <symbol id="sm-921">
         <name>_pmuStartCounters_</name>
         <value>0x13f48</value>
         <object_component_ref idref="oc-e4"/>
      </symbol>
      <symbol id="sm-ae1">
         <name>pbistSelfCheck</name>
         <value>0x82cc</value>
         <object_component_ref idref="oc-7c"/>
      </symbol>
      <symbol id="sm-ae2">
         <name>fmcBus1ParityCheck</name>
         <value>0xa2c4</value>
         <object_component_ref idref="oc-7c"/>
      </symbol>
      <symbol id="sm-ae3">
         <name>can1ParityCheck</name>
         <value>0x9410</value>
         <object_component_ref idref="oc-7c"/>
      </symbol>
      <symbol id="sm-ae4">
         <name>enableParity</name>
         <value>0xaad0</value>
         <object_component_ref idref="oc-7c"/>
      </symbol>
      <symbol id="sm-ae5">
         <name>dmaParityCheck</name>
         <value>0x8eac</value>
         <object_component_ref idref="oc-7c"/>
      </symbol>
      <symbol id="sm-ae6">
         <name>custom_dabort</name>
         <value>0x8df4</value>
         <object_component_ref idref="oc-7c"/>
      </symbol>
      <symbol id="sm-ae7">
         <name>memoryInit</name>
         <value>0x8174</value>
         <object_component_ref idref="oc-7c"/>
      </symbol>
      <symbol id="sm-ae8">
         <name>stcSelfCheck</name>
         <value>0x81b8</value>
         <object_component_ref idref="oc-7c"/>
      </symbol>
      <symbol id="sm-ae9">
         <name>efcGetConfigValue</name>
         <value>0xa660</value>
         <object_component_ref idref="oc-7c"/>
      </symbol>
      <symbol id="sm-aea">
         <name>can2ParityCheck</name>
         <value>0x94e8</value>
         <object_component_ref idref="oc-7c"/>
      </symbol>
      <symbol id="sm-aeb">
         <name>het1ParityCheck</name>
         <value>0x8f58</value>
         <object_component_ref idref="oc-7c"/>
      </symbol>
      <symbol id="sm-aec">
         <name>adc1ParityCheck</name>
         <value>0x926c</value>
         <object_component_ref idref="oc-7c"/>
      </symbol>
      <symbol id="sm-aed">
         <name>checkefcSelfTest</name>
         <value>0x87bc</value>
         <object_component_ref idref="oc-7c"/>
      </symbol>
      <symbol id="sm-aee">
         <name>checkRAMECC</name>
         <value>0x99d0</value>
         <object_component_ref idref="oc-7c"/>
      </symbol>
      <symbol id="sm-aef">
         <name>stcSelfCheckFail</name>
         <value>0x8df8</value>
         <object_component_ref idref="oc-7c"/>
      </symbol>
      <symbol id="sm-af0">
         <name>ccmSelfCheck</name>
         <value>0x8030</value>
         <object_component_ref idref="oc-7c"/>
      </symbol>
      <symbol id="sm-af1">
         <name>efcCheck</name>
         <value>0x8660</value>
         <object_component_ref idref="oc-7c"/>
      </symbol>
      <symbol id="sm-af2">
         <name>het2ParityCheck</name>
         <value>0x90c0</value>
         <object_component_ref idref="oc-7c"/>
      </symbol>
      <symbol id="sm-af3">
         <name>adc2ParityCheck</name>
         <value>0x9358</value>
         <object_component_ref idref="oc-7c"/>
      </symbol>
      <symbol id="sm-af4">
         <name>cpuSelfTest</name>
         <value>0x8234</value>
         <object_component_ref idref="oc-7c"/>
      </symbol>
      <symbol id="sm-af5">
         <name>htu1ParityCheck</name>
         <value>0x9004</value>
         <object_component_ref idref="oc-7c"/>
      </symbol>
      <symbol id="sm-af6">
         <name>checkFlashECC</name>
         <value>0x8d18</value>
         <object_component_ref idref="oc-7c"/>
      </symbol>
      <symbol id="sm-af7">
         <name>cpuSelfTestFail</name>
         <value>0x8dfc</value>
         <object_component_ref idref="oc-7c"/>
      </symbol>
      <symbol id="sm-af8">
         <name>checkPLL1Slip</name>
         <value>0x9e8c</value>
         <object_component_ref idref="oc-7c"/>
      </symbol>
      <symbol id="sm-af9">
         <name>mibspi1ParityCheck</name>
         <value>0x9684</value>
         <object_component_ref idref="oc-7c"/>
      </symbol>
      <symbol id="sm-afa">
         <name>ccmr4GetConfigValue</name>
         <value>0xa6fc</value>
         <object_component_ref idref="oc-7c"/>
      </symbol>
      <symbol id="sm-afb">
         <name>htu2ParityCheck</name>
         <value>0x91bc</value>
         <object_component_ref idref="oc-7c"/>
      </symbol>
      <symbol id="sm-afc">
         <name>pbistPortTestStatus</name>
         <value>0x8608</value>
         <object_component_ref idref="oc-7c"/>
      </symbol>
      <symbol id="sm-afd">
         <name>checkFlashEEPROMECC</name>
         <value>0x9cf4</value>
         <object_component_ref idref="oc-7c"/>
      </symbol>
      <symbol id="sm-afe">
         <name>pbistGetConfigValue</name>
         <value>0xa470</value>
         <object_component_ref idref="oc-7c"/>
      </symbol>
      <symbol id="sm-aff">
         <name>vimParityCheck</name>
         <value>0x8e00</value>
         <object_component_ref idref="oc-7c"/>
      </symbol>
      <symbol id="sm-b00">
         <name>pbistIsTestCompleted</name>
         <value>0x85a8</value>
         <object_component_ref idref="oc-7c"/>
      </symbol>
      <symbol id="sm-b01">
         <name>disableParity</name>
         <value>0xab58</value>
         <object_component_ref idref="oc-7c"/>
      </symbol>
      <symbol id="sm-b02">
         <name>pbistRun</name>
         <value>0x84ac</value>
         <object_component_ref idref="oc-7c"/>
      </symbol>
      <symbol id="sm-b03">
         <name>pbistFail</name>
         <value>0xa3ec</value>
         <object_component_ref idref="oc-7c"/>
      </symbol>
      <symbol id="sm-b04">
         <name>selftestFailNotification</name>
         <value>0x8020</value>
         <object_component_ref idref="oc-7c"/>
      </symbol>
      <symbol id="sm-b05">
         <name>errata_PBIST_4</name>
         <value>0xa76c</value>
         <object_component_ref idref="oc-7c"/>
      </symbol>
      <symbol id="sm-b06">
         <name>mibspi3ParityCheck</name>
         <value>0x978c</value>
         <object_component_ref idref="oc-7c"/>
      </symbol>
      <symbol id="sm-b07">
         <name>efcSelfTest</name>
         <value>0x8794</value>
         <object_component_ref idref="oc-7c"/>
      </symbol>
      <symbol id="sm-b08">
         <name>checkB1RAMECC</name>
         <value>0x8b28</value>
         <object_component_ref idref="oc-7c"/>
      </symbol>
      <symbol id="sm-b09">
         <name>pbistStop</name>
         <value>0x8578</value>
         <object_component_ref idref="oc-7c"/>
      </symbol>
      <symbol id="sm-b0a">
         <name>can3ParityCheck</name>
         <value>0x95b0</value>
         <object_component_ref idref="oc-7c"/>
      </symbol>
      <symbol id="sm-b0b">
         <name>checkRAMAddrParity</name>
         <value>0xa050</value>
         <object_component_ref idref="oc-7c"/>
      </symbol>
      <symbol id="sm-b0c">
         <name>mibspi5ParityCheck</name>
         <value>0x98b0</value>
         <object_component_ref idref="oc-7c"/>
      </symbol>
      <symbol id="sm-b0d">
         <name>checkB0RAMECC</name>
         <value>0x8938</value>
         <object_component_ref idref="oc-7c"/>
      </symbol>
      <symbol id="sm-b0e">
         <name>stcGetConfigValue</name>
         <value>0xa5bc</value>
         <object_component_ref idref="oc-7c"/>
      </symbol>
      <symbol id="sm-b0f">
         <name>pbistIsTestPassed</name>
         <value>0x85d4</value>
         <object_component_ref idref="oc-7c"/>
      </symbol>
      <symbol id="sm-b10">
         <name>checkClockMonitor</name>
         <value>0x9c18</value>
         <object_component_ref idref="oc-7c"/>
      </symbol>
      <symbol id="sm-b11">
         <name>fmcECCcheck</name>
         <value>0x8898</value>
         <object_component_ref idref="oc-7c"/>
      </symbol>
      <symbol id="sm-b12">
         <name>fmcBus2Check</name>
         <value>0x885c</value>
         <object_component_ref idref="oc-7c"/>
      </symbol>
      <symbol id="sm-b13">
         <name>checkRAMUERRTest</name>
         <value>0xa15c</value>
         <object_component_ref idref="oc-7c"/>
      </symbol>
      <symbol id="sm-b14">
         <name>efcStuckZeroTest</name>
         <value>0x86e8</value>
         <object_component_ref idref="oc-7c"/>
      </symbol>
      <symbol id="sm-b15">
         <name>checkPLL2Slip</name>
         <value>0x9f8c</value>
         <object_component_ref idref="oc-7c"/>
      </symbol>
      <symbol id="sm-b3f">
         <name>_c_int00</name>
         <value>0x131cc</value>
         <object_component_ref idref="oc-20"/>
      </symbol>
      <symbol id="sm-bd6">
         <name>vimChannelMap</name>
         <value>0x109f0</value>
         <object_component_ref idref="oc-41"/>
      </symbol>
      <symbol id="sm-bd7">
         <name>vimInit</name>
         <value>0x1091c</value>
         <object_component_ref idref="oc-41"/>
      </symbol>
      <symbol id="sm-bd8">
         <name>vimEnableInterrupt</name>
         <value>0x10a94</value>
         <object_component_ref idref="oc-41"/>
      </symbol>
      <symbol id="sm-bd9">
         <name>vimDisableInterrupt</name>
         <value>0x10bec</value>
         <object_component_ref idref="oc-41"/>
      </symbol>
      <symbol id="sm-bda">
         <name>vimGetConfigValue</name>
         <value>0x10c70</value>
         <object_component_ref idref="oc-41"/>
      </symbol>
      <symbol id="sm-bdb">
         <name>vimParityErrorHandler</name>
         <value>0x13464</value>
         <object_component_ref idref="oc-40"/>
      </symbol>
      <symbol id="sm-c35">
         <name>systemGetConfigValue</name>
         <value>0xecb0</value>
         <object_component_ref idref="oc-76"/>
      </symbol>
      <symbol id="sm-c36">
         <name>trimLPO</name>
         <value>0xe9b0</value>
         <object_component_ref idref="oc-76"/>
      </symbol>
      <symbol id="sm-c37">
         <name>systemInit</name>
         <value>0xebb4</value>
         <object_component_ref idref="oc-76"/>
      </symbol>
      <symbol id="sm-c38">
         <name>tcmflashGetConfigValue</name>
         <value>0xf0c4</value>
         <object_component_ref idref="oc-76"/>
      </symbol>
      <symbol id="sm-c39">
         <name>sramGetConfigValue</name>
         <value>0xf270</value>
         <object_component_ref idref="oc-76"/>
      </symbol>
      <symbol id="sm-c3a">
         <name>periphInit</name>
         <value>0xea38</value>
         <object_component_ref idref="oc-76"/>
      </symbol>
      <symbol id="sm-c3b">
         <name>setupFlash</name>
         <value>0xe9f8</value>
         <object_component_ref idref="oc-76"/>
      </symbol>
      <symbol id="sm-c3c">
         <name>setupPLL</name>
         <value>0xe950</value>
         <object_component_ref idref="oc-76"/>
      </symbol>
      <symbol id="sm-c3d">
         <name>mapClocks</name>
         <value>0xea8c</value>
         <object_component_ref idref="oc-76"/>
      </symbol>
      <symbol id="sm-c3e">
         <name>systemPowerDown</name>
         <value>0xec80</value>
         <object_component_ref idref="oc-76"/>
      </symbol>
      <symbol id="sm-c63">
         <name>__TI_auto_init</name>
         <value>0x143c5</value>
         <object_component_ref idref="oc-88"/>
      </symbol>
      <symbol id="sm-c7a">
         <name>__TI_decompress_none</name>
         <value>0x1474d</value>
         <object_component_ref idref="oc-e"/>
      </symbol>
      <symbol id="sm-c9c">
         <name>__TI_decompress_rle24</name>
         <value>0x1475b</value>
         <object_component_ref idref="oc-14"/>
      </symbol>
      <symbol id="sm-cb7">
         <name>copy_in</name>
         <value>0x1464d</value>
         <object_component_ref idref="oc-f2"/>
      </symbol>
      <symbol id="sm-cc9">
         <name>sqrtl</name>
         <value>0x14699</value>
         <object_component_ref idref="oc-124"/>
      </symbol>
      <symbol id="sm-cca">
         <name>sqrt</name>
         <value>0x14699</value>
         <object_component_ref idref="oc-124"/>
      </symbol>
      <symbol id="sm-cd2">
         <name>errno</name>
         <value>0x8003110</value>
         <object_component_ref idref="oc-23c"/>
      </symbol>
      <symbol id="sm-cf3">
         <name>C$$EXIT</name>
         <value>0x145ad</value>
         <object_component_ref idref="oc-94"/>
      </symbol>
      <symbol id="sm-cf4">
         <name>abort</name>
         <value>0x145b1</value>
         <object_component_ref idref="oc-94"/>
      </symbol>
      <symbol id="sm-cf5">
         <name>exit</name>
         <value>0x145b9</value>
         <object_component_ref idref="oc-94"/>
      </symbol>
      <symbol id="sm-cf6">
         <name>__TI_dtors_ptr</name>
         <value>0x80030f4</value>
         <object_component_ref idref="oc-154"/>
      </symbol>
      <symbol id="sm-cf7">
         <name>__TI_cleanup_ptr</name>
         <value>0x80030f0</value>
         <object_component_ref idref="oc-154"/>
      </symbol>
      <symbol id="sm-cf8">
         <name>__TI_enable_exit_profile_output</name>
         <value>0x80030f8</value>
         <object_component_ref idref="oc-154"/>
      </symbol>
      <symbol id="sm-d13">
         <name>memcpy</name>
         <value>0x14239</value>
         <object_component_ref idref="oc-4c"/>
      </symbol>
      <symbol id="sm-d14">
         <name>__aeabi_memcpy</name>
         <value>0x14239</value>
         <object_component_ref idref="oc-4c"/>
      </symbol>
      <symbol id="sm-d15">
         <name>__aeabi_memcpy8</name>
         <value>0x14239</value>
         <object_component_ref idref="oc-4c"/>
      </symbol>
      <symbol id="sm-d16">
         <name>__aeabi_memcpy4</name>
         <value>0x14239</value>
         <object_component_ref idref="oc-4c"/>
      </symbol>
      <symbol id="sm-d25">
         <name>__aeabi_memset</name>
         <value>0x142d7</value>
         <object_component_ref idref="oc-65"/>
      </symbol>
      <symbol id="sm-d26">
         <name>memset</name>
         <value>0x142dd</value>
         <object_component_ref idref="oc-65"/>
      </symbol>
      <symbol id="sm-d27">
         <name>__aeabi_memset8</name>
         <value>0x142d7</value>
         <object_component_ref idref="oc-65"/>
      </symbol>
      <symbol id="sm-d28">
         <name>__aeabi_memset4</name>
         <value>0x142d7</value>
         <object_component_ref idref="oc-65"/>
      </symbol>
      <symbol id="sm-d29">
         <name>__aeabi_memclr8</name>
         <value>0x142d5</value>
         <object_component_ref idref="oc-65"/>
      </symbol>
      <symbol id="sm-d2a">
         <name>__aeabi_memclr4</name>
         <value>0x142d5</value>
         <object_component_ref idref="oc-65"/>
      </symbol>
      <symbol id="sm-d2b">
         <name>__aeabi_memclr</name>
         <value>0x142d5</value>
         <object_component_ref idref="oc-65"/>
      </symbol>
      <symbol id="sm-d44">
         <name>sprintf</name>
         <value>0x144a1</value>
         <object_component_ref idref="oc-227"/>
      </symbol>
      <symbol id="sm-d4e">
         <name>_system_post_cinit</name>
         <value>0x1449f</value>
         <object_component_ref idref="oc-f8"/>
      </symbol>
      <symbol id="sm-d5c">
         <name>strcpy</name>
         <value>0x14739</value>
         <object_component_ref idref="oc-2be"/>
      </symbol>
      <symbol id="sm-d6a">
         <name>strlen</name>
         <value>0x1470f</value>
         <object_component_ref idref="oc-22d"/>
      </symbol>
      <symbol id="sm-d76">
         <name>__aeabi_uidivmod</name>
         <value>0x145fc</value>
         <object_component_ref idref="oc-2c4"/>
      </symbol>
      <symbol id="sm-d77">
         <name>__aeabi_uidiv</name>
         <value>0x145fc</value>
         <object_component_ref idref="oc-2c4"/>
      </symbol>
      <symbol id="sm-d90">
         <name>_nop</name>
         <value>0x14733</value>
         <object_component_ref idref="oc-262"/>
      </symbol>
      <symbol id="sm-d91">
         <name>_lock</name>
         <value>0x8003108</value>
         <object_component_ref idref="oc-157"/>
      </symbol>
      <symbol id="sm-d92">
         <name>_unlock</name>
         <value>0x800310c</value>
         <object_component_ref idref="oc-157"/>
      </symbol>
      <symbol id="sm-d93">
         <name>_register_lock</name>
         <value>0x1472b</value>
         <object_component_ref idref="oc-262"/>
      </symbol>
      <symbol id="sm-d94">
         <name>_register_unlock</name>
         <value>0x14725</value>
         <object_component_ref idref="oc-262"/>
      </symbol>
      <symbol id="sm-e8f">
         <name>__TI_printfi</name>
         <value>0xe64b</value>
         <object_component_ref idref="oc-2d1"/>
      </symbol>
      <symbol id="sm-ea4">
         <name>atoi</name>
         <value>0x1455d</value>
         <object_component_ref idref="oc-346"/>
      </symbol>
      <symbol id="sm-eaf">
         <name>_ctypes_</name>
         <value>0x148e4</value>
         <object_component_ref idref="oc-388"/>
      </symbol>
      <symbol id="sm-eb9">
         <name>__aeabi_idiv0</name>
         <value>0x1434f</value>
         <object_component_ref idref="oc-31c"/>
      </symbol>
      <symbol id="sm-ec8">
         <name>ltoa</name>
         <value>0x14505</value>
         <object_component_ref idref="oc-328"/>
      </symbol>
      <symbol id="sm-ed8">
         <name>memccpy</name>
         <value>0x146c5</value>
         <object_component_ref idref="oc-340"/>
      </symbol>
      <symbol id="sm-ef1">
         <name>frexpl</name>
         <value>0x14351</value>
         <object_component_ref idref="oc-32e"/>
      </symbol>
      <symbol id="sm-ef2">
         <name>frexp</name>
         <value>0x14351</value>
         <object_component_ref idref="oc-32e"/>
      </symbol>
      <symbol id="sm-f10">
         <name>scalbn</name>
         <value>0x13f8d</value>
         <object_component_ref idref="oc-334"/>
      </symbol>
      <symbol id="sm-f11">
         <name>scalbnl</name>
         <value>0x13f8d</value>
         <object_component_ref idref="oc-334"/>
      </symbol>
      <symbol id="sm-f12">
         <name>ldexpl</name>
         <value>0x13f8d</value>
         <object_component_ref idref="oc-334"/>
      </symbol>
      <symbol id="sm-f13">
         <name>ldexp</name>
         <value>0x13f8d</value>
         <object_component_ref idref="oc-334"/>
      </symbol>
      <symbol id="sm-f23">
         <name>strchr</name>
         <value>0x146f9</value>
         <object_component_ref idref="oc-33a"/>
      </symbol>
      <symbol id="sm-f3f">
         <name>__aeabi_uldivmod</name>
         <value>0x12f14</value>
         <object_component_ref idref="oc-323"/>
      </symbol>
      <symbol id="sm-f49">
         <name>copysign</name>
         <value>0x146e1</value>
         <object_component_ref idref="oc-37c"/>
      </symbol>
      <symbol id="sm-f4a">
         <name>copysignl</name>
         <value>0x146e1</value>
         <object_component_ref idref="oc-37c"/>
      </symbol>
      <symbol id="sm-f4b">
         <name>__TI_static_base__</name>
         <value>0x0</value>
      </symbol>
      <symbol id="sm-f4f">
         <name>SHT$$INIT_ARRAY$$Base</name>
         <value>0x0</value>
      </symbol>
      <symbol id="sm-f50">
         <name>SHT$$INIT_ARRAY$$Limit</name>
         <value>0x0</value>
      </symbol>
   </symbol_table>
   <title>Link successful</title>
</link_info>
