<?xml version="1.0"?>
<link_info>
   <banner>TI ARM Linker PC v5.2.5</banner>
   <copyright>Copyright (c) 1996-2015 Texas Instruments Incorporated</copyright>
   <link_time>0x56f11a4f</link_time>
   <link_errors>0x0</link_errors>
   <output_file>free_rtos.out</output_file>
   <entry_point>
      <name>_c_int00</name>
      <address>0x10e6c</address>
   </entry_point>
   <input_file_list>
      <input_file id="fl-2">
         <path>.\source\</path>
         <kind>object</kind>
         <file>can.obj</file>
         <name>can.obj</name>
      </input_file>
      <input_file id="fl-3">
         <path>.\source\</path>
         <kind>object</kind>
         <file>dabort.obj</file>
         <name>dabort.obj</name>
      </input_file>
      <input_file id="fl-4">
         <path>.\source\</path>
         <kind>object</kind>
         <file>esm.obj</file>
         <name>esm.obj</name>
      </input_file>
      <input_file id="fl-5">
         <path>.\source\</path>
         <kind>object</kind>
         <file>gio.obj</file>
         <name>gio.obj</name>
      </input_file>
      <input_file id="fl-6">
         <path>.\source\</path>
         <kind>object</kind>
         <file>notification.obj</file>
         <name>notification.obj</name>
      </input_file>
      <input_file id="fl-7">
         <path>.\source\</path>
         <kind>object</kind>
         <file>os_croutine.obj</file>
         <name>os_croutine.obj</name>
      </input_file>
      <input_file id="fl-8">
         <path>.\source\</path>
         <kind>object</kind>
         <file>os_event_groups.obj</file>
         <name>os_event_groups.obj</name>
      </input_file>
      <input_file id="fl-9">
         <path>.\source\</path>
         <kind>object</kind>
         <file>os_heap.obj</file>
         <name>os_heap.obj</name>
      </input_file>
      <input_file id="fl-a">
         <path>.\source\</path>
         <kind>object</kind>
         <file>os_list.obj</file>
         <name>os_list.obj</name>
      </input_file>
      <input_file id="fl-b">
         <path>.\source\</path>
         <kind>object</kind>
         <file>os_mpu_wrappers.obj</file>
         <name>os_mpu_wrappers.obj</name>
      </input_file>
      <input_file id="fl-c">
         <path>.\source\</path>
         <kind>object</kind>
         <file>os_port.obj</file>
         <name>os_port.obj</name>
      </input_file>
      <input_file id="fl-d">
         <path>.\source\</path>
         <kind>object</kind>
         <file>os_portasm.obj</file>
         <name>os_portasm.obj</name>
      </input_file>
      <input_file id="fl-e">
         <path>.\source\</path>
         <kind>object</kind>
         <file>os_queue.obj</file>
         <name>os_queue.obj</name>
      </input_file>
      <input_file id="fl-f">
         <path>.\source\</path>
         <kind>object</kind>
         <file>os_tasks.obj</file>
         <name>os_tasks.obj</name>
      </input_file>
      <input_file id="fl-10">
         <path>.\source\</path>
         <kind>object</kind>
         <file>os_timer.obj</file>
         <name>os_timer.obj</name>
      </input_file>
      <input_file id="fl-11">
         <path>.\source\</path>
         <kind>object</kind>
         <file>pinmux.obj</file>
         <name>pinmux.obj</name>
      </input_file>
      <input_file id="fl-12">
         <path>.\source\</path>
         <kind>object</kind>
         <file>sci.obj</file>
         <name>sci.obj</name>
      </input_file>
      <input_file id="fl-13">
         <path>.\source\</path>
         <kind>object</kind>
         <file>sys_core.obj</file>
         <name>sys_core.obj</name>
      </input_file>
      <input_file id="fl-14">
         <path>.\source\</path>
         <kind>object</kind>
         <file>sys_dma.obj</file>
         <name>sys_dma.obj</name>
      </input_file>
      <input_file id="fl-15">
         <path>.\source\</path>
         <kind>object</kind>
         <file>sys_intvecs.obj</file>
         <name>sys_intvecs.obj</name>
      </input_file>
      <input_file id="fl-16">
         <path>.\source\</path>
         <kind>object</kind>
         <file>sys_main.obj</file>
         <name>sys_main.obj</name>
      </input_file>
      <input_file id="fl-17">
         <path>.\source\</path>
         <kind>object</kind>
         <file>sys_mpu.obj</file>
         <name>sys_mpu.obj</name>
      </input_file>
      <input_file id="fl-18">
         <path>.\source\</path>
         <kind>object</kind>
         <file>sys_pcr.obj</file>
         <name>sys_pcr.obj</name>
      </input_file>
      <input_file id="fl-19">
         <path>.\source\</path>
         <kind>object</kind>
         <file>sys_phantom.obj</file>
         <name>sys_phantom.obj</name>
      </input_file>
      <input_file id="fl-1a">
         <path>.\source\</path>
         <kind>object</kind>
         <file>sys_pmm.obj</file>
         <name>sys_pmm.obj</name>
      </input_file>
      <input_file id="fl-1b">
         <path>.\source\</path>
         <kind>object</kind>
         <file>sys_pmu.obj</file>
         <name>sys_pmu.obj</name>
      </input_file>
      <input_file id="fl-1c">
         <path>.\source\</path>
         <kind>object</kind>
         <file>sys_selftest.obj</file>
         <name>sys_selftest.obj</name>
      </input_file>
      <input_file id="fl-1d">
         <path>.\source\</path>
         <kind>object</kind>
         <file>sys_startup.obj</file>
         <name>sys_startup.obj</name>
      </input_file>
      <input_file id="fl-1e">
         <path>.\source\</path>
         <kind>object</kind>
         <file>sys_vim.obj</file>
         <name>sys_vim.obj</name>
      </input_file>
      <input_file id="fl-1f">
         <path>.\source\</path>
         <kind>object</kind>
         <file>system.obj</file>
         <name>system.obj</name>
      </input_file>
      <input_file id="fl-24">
         <path>C:\ti\ccsv6\tools\compiler\ti-cgt-arm_5.2.5\lib\</path>
         <kind>archive</kind>
         <file>rtsv7R4_T_be_v3D16_eabi.lib</file>
         <name>atoi.obj</name>
      </input_file>
      <input_file id="fl-25">
         <path>C:\ti\ccsv6\tools\compiler\ti-cgt-arm_5.2.5\lib\</path>
         <kind>archive</kind>
         <file>rtsv7R4_T_be_v3D16_eabi.lib</file>
         <name>autoinit.obj</name>
      </input_file>
      <input_file id="fl-26">
         <path>C:\ti\ccsv6\tools\compiler\ti-cgt-arm_5.2.5\lib\</path>
         <kind>archive</kind>
         <file>rtsv7R4_T_be_v3D16_eabi.lib</file>
         <name>copy_decompress_none.obj</name>
      </input_file>
      <input_file id="fl-27">
         <path>C:\ti\ccsv6\tools\compiler\ti-cgt-arm_5.2.5\lib\</path>
         <kind>archive</kind>
         <file>rtsv7R4_T_be_v3D16_eabi.lib</file>
         <name>copy_decompress_rle.obj</name>
      </input_file>
      <input_file id="fl-28">
         <path>C:\ti\ccsv6\tools\compiler\ti-cgt-arm_5.2.5\lib\</path>
         <kind>archive</kind>
         <file>rtsv7R4_T_be_v3D16_eabi.lib</file>
         <name>copy_zero_init.obj</name>
      </input_file>
      <input_file id="fl-29">
         <path>C:\ti\ccsv6\tools\compiler\ti-cgt-arm_5.2.5\lib\</path>
         <kind>archive</kind>
         <file>rtsv7R4_T_be_v3D16_eabi.lib</file>
         <name>cpy_tbl.obj</name>
      </input_file>
      <input_file id="fl-2a">
         <path>C:\ti\ccsv6\tools\compiler\ti-cgt-arm_5.2.5\lib\</path>
         <kind>archive</kind>
         <file>rtsv7R4_T_be_v3D16_eabi.lib</file>
         <name>ctype.obj</name>
      </input_file>
      <input_file id="fl-2b">
         <path>C:\ti\ccsv6\tools\compiler\ti-cgt-arm_5.2.5\lib\</path>
         <kind>archive</kind>
         <file>rtsv7R4_T_be_v3D16_eabi.lib</file>
         <name>exit.obj</name>
      </input_file>
      <input_file id="fl-2c">
         <path>C:\ti\ccsv6\tools\compiler\ti-cgt-arm_5.2.5\lib\</path>
         <kind>archive</kind>
         <file>rtsv7R4_T_be_v3D16_eabi.lib</file>
         <name>memcpy_t2.obj</name>
      </input_file>
      <input_file id="fl-2d">
         <path>C:\ti\ccsv6\tools\compiler\ti-cgt-arm_5.2.5\lib\</path>
         <kind>archive</kind>
         <file>rtsv7R4_T_be_v3D16_eabi.lib</file>
         <name>memset_t2.obj</name>
      </input_file>
      <input_file id="fl-2e">
         <path>C:\ti\ccsv6\tools\compiler\ti-cgt-arm_5.2.5\lib\</path>
         <kind>archive</kind>
         <file>rtsv7R4_T_be_v3D16_eabi.lib</file>
         <name>snprintf.obj</name>
      </input_file>
      <input_file id="fl-2f">
         <path>C:\ti\ccsv6\tools\compiler\ti-cgt-arm_5.2.5\lib\</path>
         <kind>archive</kind>
         <file>rtsv7R4_T_be_v3D16_eabi.lib</file>
         <name>strncpy.obj</name>
      </input_file>
      <input_file id="fl-30">
         <path>C:\ti\ccsv6\tools\compiler\ti-cgt-arm_5.2.5\lib\</path>
         <kind>archive</kind>
         <file>rtsv7R4_T_be_v3D16_eabi.lib</file>
         <name>_lock.obj</name>
      </input_file>
      <input_file id="fl-31">
         <path>C:\ti\ccsv6\tools\compiler\ti-cgt-arm_5.2.5\lib\</path>
         <kind>archive</kind>
         <file>rtsv7R4_T_be_v3D16_eabi.lib</file>
         <name>_printfi.obj</name>
      </input_file>
      <input_file id="fl-32">
         <path>C:\ti\ccsv6\tools\compiler\ti-cgt-arm_5.2.5\lib\</path>
         <kind>archive</kind>
         <file>rtsv7R4_T_be_v3D16_eabi.lib</file>
         <name>frexp.obj</name>
      </input_file>
      <input_file id="fl-33">
         <path>C:\ti\ccsv6\tools\compiler\ti-cgt-arm_5.2.5\lib\</path>
         <kind>archive</kind>
         <file>rtsv7R4_T_be_v3D16_eabi.lib</file>
         <name>ldexp.obj</name>
      </input_file>
      <input_file id="fl-34">
         <path>C:\ti\ccsv6\tools\compiler\ti-cgt-arm_5.2.5\lib\</path>
         <kind>archive</kind>
         <file>rtsv7R4_T_be_v3D16_eabi.lib</file>
         <name>ltoa.obj</name>
      </input_file>
      <input_file id="fl-35">
         <path>C:\ti\ccsv6\tools\compiler\ti-cgt-arm_5.2.5\lib\</path>
         <kind>archive</kind>
         <file>rtsv7R4_T_be_v3D16_eabi.lib</file>
         <name>memccpy.obj</name>
      </input_file>
      <input_file id="fl-36">
         <path>C:\ti\ccsv6\tools\compiler\ti-cgt-arm_5.2.5\lib\</path>
         <kind>archive</kind>
         <file>rtsv7R4_T_be_v3D16_eabi.lib</file>
         <name>strchr.obj</name>
      </input_file>
      <input_file id="fl-37">
         <path>C:\ti\ccsv6\tools\compiler\ti-cgt-arm_5.2.5\lib\</path>
         <kind>archive</kind>
         <file>rtsv7R4_T_be_v3D16_eabi.lib</file>
         <name>strlen.obj</name>
      </input_file>
      <input_file id="fl-38">
         <path>C:\ti\ccsv6\tools\compiler\ti-cgt-arm_5.2.5\lib\</path>
         <kind>archive</kind>
         <file>rtsv7R4_T_be_v3D16_eabi.lib</file>
         <name>ull_div32.obj</name>
      </input_file>
      <input_file id="fl-39">
         <path>C:\ti\ccsv6\tools\compiler\ti-cgt-arm_5.2.5\lib\</path>
         <kind>archive</kind>
         <file>rtsv7R4_T_be_v3D16_eabi.lib</file>
         <name>xdclass.obj</name>
      </input_file>
      <input_file id="fl-3a">
         <path>C:\ti\ccsv6\tools\compiler\ti-cgt-arm_5.2.5\lib\</path>
         <kind>archive</kind>
         <file>rtsv7R4_T_be_v3D16_eabi.lib</file>
         <name>xdscale.obj</name>
      </input_file>
      <input_file id="fl-3b">
         <path>C:\ti\ccsv6\tools\compiler\ti-cgt-arm_5.2.5\lib\</path>
         <kind>archive</kind>
         <file>rtsv7R4_T_be_v3D16_eabi.lib</file>
         <name>xdunscal.obj</name>
      </input_file>
      <input_file id="fl-3c">
         <path>C:\ti\ccsv6\tools\compiler\ti-cgt-arm_5.2.5\lib\</path>
         <kind>archive</kind>
         <file>rtsv7R4_T_be_v3D16_eabi.lib</file>
         <name>xferaise.obj</name>
      </input_file>
      <input_file id="fl-3d">
         <path>C:\ti\ccsv6\tools\compiler\ti-cgt-arm_5.2.5\lib\</path>
         <kind>archive</kind>
         <file>rtsv7R4_T_be_v3D16_eabi.lib</file>
         <name>xvalues.obj</name>
      </input_file>
      <input_file id="fl-3e">
         <path>C:\ti\ccsv6\tools\compiler\ti-cgt-arm_5.2.5\lib\</path>
         <kind>archive</kind>
         <file>rtsv7R4_T_be_v3D16_eabi.lib</file>
         <name>errno.obj</name>
      </input_file>
      <input_file id="fl-3f">
         <path>C:\ti\ccsv6\tools\compiler\ti-cgt-arm_5.2.5\lib\</path>
         <kind>archive</kind>
         <file>rtsv7R4_T_be_v3D16_eabi.lib</file>
         <name>feraiseexcept.obj</name>
      </input_file>
      <input_file id="fl-40">
         <path>C:\ti\ccsv6\tools\compiler\ti-cgt-arm_5.2.5\lib\</path>
         <kind>archive</kind>
         <file>rtsv7R4_T_be_v3D16_eabi.lib</file>
         <name>raise.obj</name>
      </input_file>
      <input_file id="fl-41">
         <path>C:\ti\ccsv6\tools\compiler\ti-cgt-arm_5.2.5\lib\</path>
         <kind>archive</kind>
         <file>rtsv7R4_T_be_v3D16_eabi.lib</file>
         <name>signal.obj</name>
      </input_file>
      <input_file id="fl-42">
         <path>C:\ti\ccsv6\tools\compiler\ti-cgt-arm_5.2.5\lib\</path>
         <kind>archive</kind>
         <file>rtsv7R4_T_be_v3D16_eabi.lib</file>
         <name>xdnorm.obj</name>
      </input_file>
   </input_file_list>
   <object_component_list>
      <object_component id="oc-35">
         <name>.intvecs</name>
         <load_address>0x0</load_address>
         <run_address>0x0</run_address>
         <size>0x20</size>
         <input_file_ref idref="fl-15"/>
      </object_component>
      <object_component id="oc-112">
         <name>.kernelTEXT</name>
         <load_address>0x20</load_address>
         <run_address>0x20</run_address>
         <size>0x1cd8</size>
         <input_file_ref idref="fl-f"/>
      </object_component>
      <object_component id="oc-1e5">
         <name>.kernelTEXT</name>
         <load_address>0x1cf8</load_address>
         <run_address>0x1cf8</run_address>
         <size>0x1124</size>
         <input_file_ref idref="fl-e"/>
      </object_component>
      <object_component id="oc-a7">
         <name>.kernelTEXT</name>
         <load_address>0x2e1c</load_address>
         <run_address>0x2e1c</run_address>
         <size>0x4b0</size>
         <input_file_ref idref="fl-d"/>
      </object_component>
      <object_component id="oc-20c">
         <name>.kernelTEXT</name>
         <load_address>0x32cc</load_address>
         <run_address>0x32cc</run_address>
         <size>0x3e0</size>
         <input_file_ref idref="fl-c"/>
      </object_component>
      <object_component id="oc-1eb">
         <name>.kernelTEXT</name>
         <load_address>0x36ac</load_address>
         <run_address>0x36ac</run_address>
         <size>0x3a4</size>
         <input_file_ref idref="fl-9"/>
      </object_component>
      <object_component id="oc-3fa">
         <name>.cinit..data.load</name>
         <load_address>0x3a50</load_address>
         <run_address>0x3a50</run_address>
         <size>0x42</size>
      </object_component>
      <object_component id="oc-3f7">
         <name>.cinit..kernelBSS.load</name>
         <load_address>0x3a98</load_address>
         <run_address>0x3a98</run_address>
         <size>0x14</size>
      </object_component>
      <object_component id="oc-3f5">
         <name>__TI_handler_table</name>
         <load_address>0x3aac</load_address>
         <run_address>0x3aac</run_address>
         <size>0xc</size>
      </object_component>
      <object_component id="oc-3f9">
         <name>.cinit..bss.load</name>
         <load_address>0x3ab8</load_address>
         <run_address>0x3ab8</run_address>
         <size>0x8</size>
      </object_component>
      <object_component id="oc-3f8">
         <name>.cinit..kernelHEAP.load</name>
         <load_address>0x3ac0</load_address>
         <run_address>0x3ac0</run_address>
         <size>0x8</size>
      </object_component>
      <object_component id="oc-3f6">
         <name>__TI_cinit_table</name>
         <load_address>0x3ac8</load_address>
         <run_address>0x3ac8</run_address>
         <size>0x20</size>
      </object_component>
      <object_component id="oc-7c">
         <name>.text</name>
         <load_address>0x8020</load_address>
         <run_address>0x8020</run_address>
         <size>0x2cdc</size>
         <input_file_ref idref="fl-1c"/>
      </object_component>
      <object_component id="oc-22a">
         <name>.text</name>
         <load_address>0xacfc</load_address>
         <run_address>0xacfc</run_address>
         <size>0x1060</size>
         <input_file_ref idref="fl-31"/>
      </object_component>
      <object_component id="oc-76">
         <name>.text</name>
         <load_address>0xbd5c</load_address>
         <run_address>0xbd5c</run_address>
         <size>0xb28</size>
         <input_file_ref idref="fl-1f"/>
      </object_component>
      <object_component id="oc-106">
         <name>.text</name>
         <load_address>0xc884</load_address>
         <run_address>0xc884</run_address>
         <size>0xb0c</size>
         <input_file_ref idref="fl-2"/>
      </object_component>
      <object_component id="oc-100">
         <name>.text</name>
         <load_address>0xd390</load_address>
         <run_address>0xd390</run_address>
         <size>0x9d4</size>
         <input_file_ref idref="fl-12"/>
      </object_component>
      <object_component id="oc-41">
         <name>.text</name>
         <load_address>0xdd64</load_address>
         <run_address>0xdd64</run_address>
         <size>0x89c</size>
         <input_file_ref idref="fl-1e"/>
      </object_component>
      <object_component id="oc-218">
         <name>.text</name>
         <load_address>0xe600</load_address>
         <run_address>0xe600</run_address>
         <size>0x844</size>
         <input_file_ref idref="fl-f"/>
      </object_component>
      <object_component id="oc-dc">
         <name>.text</name>
         <load_address>0xee44</load_address>
         <run_address>0xee44</run_address>
         <size>0x638</size>
         <input_file_ref idref="fl-11"/>
      </object_component>
      <object_component id="oc-82">
         <name>.text</name>
         <load_address>0xf47c</load_address>
         <run_address>0xf47c</run_address>
         <size>0x5e8</size>
         <input_file_ref idref="fl-4"/>
      </object_component>
      <object_component id="oc-10c">
         <name>.text</name>
         <load_address>0xfa64</load_address>
         <run_address>0xfa64</run_address>
         <size>0x588</size>
         <input_file_ref idref="fl-b"/>
      </object_component>
      <object_component id="oc-fa">
         <name>.text</name>
         <load_address>0xffec</load_address>
         <run_address>0xffec</run_address>
         <size>0x484</size>
         <input_file_ref idref="fl-5"/>
      </object_component>
      <object_component id="oc-71">
         <name>.text</name>
         <load_address>0x10470</load_address>
         <run_address>0x10470</run_address>
         <size>0x3cc</size>
         <input_file_ref idref="fl-13"/>
      </object_component>
      <object_component id="oc-8e">
         <name>.text</name>
         <load_address>0x1083c</load_address>
         <run_address>0x1083c</run_address>
         <size>0x378</size>
         <input_file_ref idref="fl-16"/>
      </object_component>
      <object_component id="oc-2d0">
         <name>.text</name>
         <load_address>0x10bb4</load_address>
         <run_address>0x10bb4</run_address>
         <size>0x2b8</size>
         <input_file_ref idref="fl-38"/>
      </object_component>
      <object_component id="oc-20">
         <name>.text:retain</name>
         <load_address>0x10e6c</load_address>
         <run_address>0x10e6c</run_address>
         <size>0x298</size>
         <input_file_ref idref="fl-1d"/>
      </object_component>
      <object_component id="oc-40">
         <name>.text:retain</name>
         <load_address>0x11104</load_address>
         <run_address>0x11104</run_address>
         <size>0x294</size>
         <input_file_ref idref="fl-1e"/>
      </object_component>
      <object_component id="oc-29c">
         <name>.text</name>
         <load_address>0x11398</load_address>
         <run_address>0x11398</run_address>
         <size>0x284</size>
         <input_file_ref idref="fl-9"/>
      </object_component>
      <object_component id="oc-212">
         <name>.text</name>
         <load_address>0x1161c</load_address>
         <run_address>0x1161c</run_address>
         <size>0x238</size>
         <input_file_ref idref="fl-a"/>
      </object_component>
      <object_component id="oc-2b0">
         <name>.text</name>
         <load_address>0x11854</load_address>
         <run_address>0x11854</run_address>
         <size>0x1b4</size>
         <input_file_ref idref="fl-c"/>
      </object_component>
      <object_component id="oc-349">
         <name>.text</name>
         <load_address>0x11a08</load_address>
         <run_address>0x11a08</run_address>
         <size>0x118</size>
         <input_file_ref idref="fl-3a"/>
      </object_component>
      <object_component id="oc-2f">
         <name>.text:retain</name>
         <load_address>0x11b20</load_address>
         <run_address>0x11b20</run_address>
         <size>0x114</size>
         <input_file_ref idref="fl-4"/>
      </object_component>
      <object_component id="oc-e4">
         <name>.text</name>
         <load_address>0x11c34</load_address>
         <run_address>0x11c34</run_address>
         <size>0x110</size>
         <input_file_ref idref="fl-1b"/>
      </object_component>
      <object_component id="oc-26">
         <name>.text:retain</name>
         <load_address>0x11d44</load_address>
         <run_address>0x11d44</run_address>
         <size>0x100</size>
         <input_file_ref idref="fl-2"/>
      </object_component>
      <object_component id="oc-b0">
         <name>.text</name>
         <load_address>0x11e44</load_address>
         <run_address>0x11e44</run_address>
         <size>0xe8</size>
         <input_file_ref idref="fl-3"/>
      </object_component>
      <object_component id="oc-9b">
         <name>.text</name>
         <load_address>0x11f2c</load_address>
         <run_address>0x11f2c</run_address>
         <size>0xd0</size>
         <input_file_ref idref="fl-6"/>
      </object_component>
      <object_component id="oc-376">
         <name>.text</name>
         <load_address>0x11ffc</load_address>
         <run_address>0x11ffc</run_address>
         <size>0xc6</size>
         <input_file_ref idref="fl-42"/>
      </object_component>
      <object_component id="oc-4c">
         <name>.text</name>
         <load_address>0x120c2</load_address>
         <run_address>0x120c2</run_address>
         <size>0x9c</size>
         <input_file_ref idref="fl-2c"/>
      </object_component>
      <object_component id="oc-124">
         <name>.text</name>
         <load_address>0x12160</load_address>
         <run_address>0x12160</run_address>
         <size>0x94</size>
         <input_file_ref idref="fl-2e"/>
      </object_component>
      <object_component id="oc-65">
         <name>.text</name>
         <load_address>0x121f4</load_address>
         <run_address>0x121f4</run_address>
         <size>0x7a</size>
         <input_file_ref idref="fl-2d"/>
      </object_component>
      <object_component id="oc-88">
         <name>.text</name>
         <load_address>0x12270</load_address>
         <run_address>0x12270</run_address>
         <size>0x6c</size>
         <input_file_ref idref="fl-25"/>
      </object_component>
      <object_component id="oc-58">
         <name>.text</name>
         <load_address>0x122dc</load_address>
         <run_address>0x122dc</run_address>
         <size>0x6a</size>
         <input_file_ref idref="fl-27"/>
      </object_component>
      <object_component id="oc-341">
         <name>.text</name>
         <load_address>0x12346</load_address>
         <run_address>0x12346</run_address>
         <size>0x64</size>
         <input_file_ref idref="fl-3b"/>
      </object_component>
      <object_component id="oc-2db">
         <name>.text</name>
         <load_address>0x123aa</load_address>
         <run_address>0x123aa</run_address>
         <size>0x56</size>
         <input_file_ref idref="fl-34"/>
      </object_component>
      <object_component id="oc-11e">
         <name>.text</name>
         <load_address>0x12400</load_address>
         <run_address>0x12400</run_address>
         <size>0x50</size>
         <input_file_ref idref="fl-24"/>
      </object_component>
      <object_component id="oc-f2">
         <name>.text</name>
         <load_address>0x12450</load_address>
         <run_address>0x12450</run_address>
         <size>0x4c</size>
         <input_file_ref idref="fl-29"/>
      </object_component>
      <object_component id="oc-2e7">
         <name>.text</name>
         <load_address>0x1249c</load_address>
         <run_address>0x1249c</run_address>
         <size>0x44</size>
         <input_file_ref idref="fl-33"/>
      </object_component>
      <object_component id="oc-94">
         <name>.text</name>
         <load_address>0x124e0</load_address>
         <run_address>0x124e0</run_address>
         <size>0x40</size>
         <input_file_ref idref="fl-2b"/>
      </object_component>
      <object_component id="oc-3b2">
         <name>.text</name>
         <load_address>0x12520</load_address>
         <run_address>0x12520</run_address>
         <size>0x40</size>
         <input_file_ref idref="fl-41"/>
      </object_component>
      <object_component id="oc-2f3">
         <name>.text</name>
         <load_address>0x12560</load_address>
         <run_address>0x12560</run_address>
         <size>0x3c</size>
         <input_file_ref idref="fl-39"/>
      </object_component>
      <object_component id="oc-118">
         <name>.text</name>
         <load_address>0x1259c</load_address>
         <run_address>0x1259c</run_address>
         <size>0x36</size>
         <input_file_ref idref="fl-2f"/>
      </object_component>
      <object_component id="oc-385">
         <name>.text</name>
         <load_address>0x125d4</load_address>
         <run_address>0x125d4</run_address>
         <size>0x34</size>
         <input_file_ref idref="fl-3f"/>
      </object_component>
      <object_component id="oc-34f">
         <name>.text</name>
         <load_address>0x12608</load_address>
         <run_address>0x12608</run_address>
         <size>0x34</size>
         <input_file_ref idref="fl-3c"/>
      </object_component>
      <object_component id="oc-3a4">
         <name>.text</name>
         <load_address>0x1263c</load_address>
         <run_address>0x1263c</run_address>
         <size>0x2e</size>
         <input_file_ref idref="fl-40"/>
      </object_component>
      <object_component id="oc-2e1">
         <name>.text</name>
         <load_address>0x1266a</load_address>
         <run_address>0x1266a</run_address>
         <size>0x24</size>
         <input_file_ref idref="fl-32"/>
      </object_component>
      <object_component id="oc-2f9">
         <name>.text</name>
         <load_address>0x1268e</load_address>
         <run_address>0x1268e</run_address>
         <size>0x1c</size>
         <input_file_ref idref="fl-35"/>
      </object_component>
      <object_component id="oc-2ed">
         <name>.text</name>
         <load_address>0x126aa</load_address>
         <run_address>0x126aa</run_address>
         <size>0x16</size>
         <input_file_ref idref="fl-36"/>
      </object_component>
      <object_component id="oc-2d5">
         <name>.text</name>
         <load_address>0x126c0</load_address>
         <run_address>0x126c0</run_address>
         <size>0x16</size>
         <input_file_ref idref="fl-37"/>
      </object_component>
      <object_component id="oc-254">
         <name>.text</name>
         <load_address>0x126d8</load_address>
         <run_address>0x126d8</run_address>
         <size>0x14</size>
         <input_file_ref idref="fl-30"/>
      </object_component>
      <object_component id="oc-e">
         <name>.text:decompress:none</name>
         <load_address>0x126ec</load_address>
         <run_address>0x126ec</run_address>
         <size>0xe</size>
         <input_file_ref idref="fl-26"/>
      </object_component>
      <object_component id="oc-1a">
         <name>.text:decompress:ZI</name>
         <load_address>0x126fa</load_address>
         <run_address>0x126fa</run_address>
         <size>0xc</size>
         <input_file_ref idref="fl-28"/>
      </object_component>
      <object_component id="oc-14">
         <name>.text:decompress:rle24</name>
         <load_address>0x12706</load_address>
         <run_address>0x12706</run_address>
         <size>0x6</size>
         <input_file_ref idref="fl-27"/>
      </object_component>
      <object_component id="oc-3a">
         <name>.text:retain</name>
         <load_address>0x1270c</load_address>
         <run_address>0x1270c</run_address>
         <size>0x4</size>
         <input_file_ref idref="fl-19"/>
      </object_component>
      <object_component id="oc-2c">
         <name>.const:s_vim_init</name>
         <load_address>0x12710</load_address>
         <run_address>0x12710</run_address>
         <size>0x180</size>
         <input_file_ref idref="fl-1e"/>
      </object_component>
      <object_component id="oc-225">
         <name>.const:.string:_ctypes_</name>
         <load_address>0x12890</load_address>
         <run_address>0x12890</run_address>
         <size>0x101</size>
         <input_file_ref idref="fl-2a"/>
      </object_component>
      <object_component id="oc-1dc">
         <name>.const</name>
         <load_address>0x12994</load_address>
         <run_address>0x12994</run_address>
         <size>0x20</size>
         <input_file_ref idref="fl-2"/>
      </object_component>
      <object_component id="oc-136">
         <name>.const</name>
         <load_address>0x129b4</load_address>
         <run_address>0x129b4</run_address>
         <size>0x10</size>
         <input_file_ref idref="fl-16"/>
      </object_component>
      <object_component id="oc-2a5">
         <name>.const</name>
         <load_address>0x129c4</load_address>
         <run_address>0x129c4</run_address>
         <size>0x4</size>
         <input_file_ref idref="fl-9"/>
      </object_component>
      <object_component id="oc-157">
         <name>.kernelBSS</name>
         <load_address>0x8000900</load_address>
         <run_address>0x8000900</run_address>
         <size>0x8</size>
         <input_file_ref idref="fl-c"/>
      </object_component>
      <object_component id="oc-154">
         <name>.kernelBSS:init</name>
         <load_address>0x80008d0</load_address>
         <run_address>0x80008d0</run_address>
         <size>0x30</size>
         <input_file_ref idref="fl-f"/>
      </object_component>
      <object_component id="oc-21e">
         <name>.kernelBSS:uninit</name>
         <load_address>0x8000800</load_address>
         <run_address>0x8000800</run_address>
         <size>0xd0</size>
         <input_file_ref idref="fl-f"/>
      </object_component>
      <object_component id="oc-31f">
         <name>.kernelHEAP</name>
         <uninitialized>true</uninitialized>
         <run_address>0x8001000</run_address>
         <size>0x2000</size>
         <input_file_ref idref="fl-9"/>
      </object_component>
      <object_component id="oc-1d7">
         <name>.bss:g_sciTransfer_t</name>
         <uninitialized>true</uninitialized>
         <run_address>0x8003168</run_address>
         <size>0x28</size>
         <input_file_ref idref="fl-12"/>
      </object_component>
      <object_component id="oc-2a8">
         <name>.common:xStart</name>
         <uninitialized>true</uninitialized>
         <run_address>0x80031c0</run_address>
         <size>0x8</size>
      </object_component>
      <object_component id="oc-12a">
         <name>.common:xTask1Handle</name>
         <uninitialized>true</uninitialized>
         <run_address>0x80031d4</run_address>
         <size>0x4</size>
      </object_component>
      <object_component id="oc-12d">
         <name>.common:rx_data</name>
         <uninitialized>true</uninitialized>
         <run_address>0x80031b0</run_address>
         <size>0x8</size>
      </object_component>
      <object_component id="oc-132">
         <name>.common:rx_str_data</name>
         <uninitialized>true</uninitialized>
         <run_address>0x80031b8</run_address>
         <size>0x8</size>
      </object_component>
      <object_component id="oc-12e">
         <name>.common:rxMbox1</name>
         <uninitialized>true</uninitialized>
         <run_address>0x80031a0</run_address>
         <size>0x8</size>
      </object_component>
      <object_component id="oc-133">
         <name>.common:rxMbox2</name>
         <uninitialized>true</uninitialized>
         <run_address>0x80031a8</run_address>
         <size>0x8</size>
      </object_component>
      <object_component id="oc-12f">
         <name>.common:rxIntMbox1</name>
         <uninitialized>true</uninitialized>
         <run_address>0x80031cc</run_address>
         <size>0x4</size>
      </object_component>
      <object_component id="oc-134">
         <name>.common:rxIntMbox2</name>
         <uninitialized>true</uninitialized>
         <run_address>0x80031d0</run_address>
         <size>0x4</size>
      </object_component>
      <object_component id="oc-130">
         <name>.common:wheelSpin</name>
         <uninitialized>true</uninitialized>
         <run_address>0x8003190</run_address>
         <size>0x10</size>
      </object_component>
      <object_component id="oc-135">
         <name>.common:pubSpeed</name>
         <uninitialized>true</uninitialized>
         <run_address>0x80031c8</run_address>
         <size>0x4</size>
      </object_component>
      <object_component id="oc-2a2">
         <name>.data</name>
         <load_address>0x8003130</load_address>
         <run_address>0x8003130</run_address>
         <size>0x10</size>
         <input_file_ref idref="fl-9"/>
      </object_component>
      <object_component id="oc-131">
         <name>.data</name>
         <load_address>0x8003140</load_address>
         <run_address>0x8003140</run_address>
         <size>0xc</size>
         <input_file_ref idref="fl-16"/>
      </object_component>
      <object_component id="oc-142">
         <name>.data</name>
         <load_address>0x8003154</load_address>
         <run_address>0x8003154</run_address>
         <size>0x8</size>
         <input_file_ref idref="fl-2b"/>
      </object_component>
      <object_component id="oc-13f">
         <name>.data</name>
         <load_address>0x800314c</load_address>
         <run_address>0x800314c</run_address>
         <size>0x8</size>
         <input_file_ref idref="fl-30"/>
      </object_component>
      <object_component id="oc-380">
         <name>.data</name>
         <load_address>0x80030b0</load_address>
         <run_address>0x80030b0</run_address>
         <size>0x80</size>
         <input_file_ref idref="fl-3d"/>
      </object_component>
      <object_component id="oc-38b">
         <name>.data</name>
         <load_address>0x8003164</load_address>
         <run_address>0x8003164</run_address>
         <size>0x4</size>
         <input_file_ref idref="fl-3e"/>
      </object_component>
      <object_component id="oc-3aa">
         <name>.data</name>
         <load_address>0x800315c</load_address>
         <run_address>0x800315c</run_address>
         <size>0x8</size>
         <input_file_ref idref="fl-3f"/>
      </object_component>
      <object_component id="oc-3c3">
         <name>.data:sigtable</name>
         <load_address>0x8003000</load_address>
         <run_address>0x8003000</run_address>
         <size>0xb0</size>
         <input_file_ref idref="fl-41"/>
      </object_component>
      <object_component id="oc-181">
         <name>.debug_info</name>
         <load_address>0x0</load_address>
         <run_address>0x0</run_address>
         <size>0x216</size>
         <input_file_ref idref="fl-2"/>
      </object_component>
      <object_component id="oc-1dd">
         <name>.debug_info</name>
         <load_address>0x216</load_address>
         <run_address>0x216</run_address>
         <size>0xc9</size>
         <input_file_ref idref="fl-2"/>
      </object_component>
      <object_component id="oc-107">
         <name>.debug_info</name>
         <load_address>0x2df</load_address>
         <run_address>0x2df</run_address>
         <size>0x1388</size>
         <input_file_ref idref="fl-2"/>
      </object_component>
      <object_component id="oc-27">
         <name>.debug_info</name>
         <load_address>0x1667</load_address>
         <run_address>0x1667</run_address>
         <size>0x19c</size>
         <input_file_ref idref="fl-2"/>
      </object_component>
      <object_component id="oc-a2">
         <name>.debug_info</name>
         <load_address>0x1803</load_address>
         <run_address>0x1803</run_address>
         <size>0x157</size>
         <input_file_ref idref="fl-2"/>
      </object_component>
      <object_component id="oc-13a">
         <name>.debug_info</name>
         <load_address>0x195a</load_address>
         <run_address>0x195a</run_address>
         <size>0x8b</size>
         <input_file_ref idref="fl-2"/>
      </object_component>
      <object_component id="oc-b8">
         <name>.debug_info</name>
         <load_address>0x19e5</load_address>
         <run_address>0x19e5</run_address>
         <size>0x18c</size>
         <input_file_ref idref="fl-2"/>
      </object_component>
      <object_component id="oc-14f">
         <name>.debug_info</name>
         <load_address>0x1b71</load_address>
         <run_address>0x1b71</run_address>
         <size>0x18b</size>
         <input_file_ref idref="fl-2"/>
      </object_component>
      <object_component id="oc-bd">
         <name>.debug_info</name>
         <load_address>0x1cfc</load_address>
         <run_address>0x1cfc</run_address>
         <size>0x86</size>
         <input_file_ref idref="fl-2"/>
      </object_component>
      <object_component id="oc-237">
         <name>.debug_info</name>
         <load_address>0x1d82</load_address>
         <run_address>0x1d82</run_address>
         <size>0x4e</size>
         <input_file_ref idref="fl-2"/>
      </object_component>
      <object_component id="oc-195">
         <name>.debug_info</name>
         <load_address>0x1dd0</load_address>
         <run_address>0x1dd0</run_address>
         <size>0x437</size>
         <input_file_ref idref="fl-2"/>
      </object_component>
      <object_component id="oc-1e0">
         <name>.debug_info</name>
         <load_address>0x2207</load_address>
         <run_address>0x2207</run_address>
         <size>0x15f</size>
         <input_file_ref idref="fl-2"/>
      </object_component>
      <object_component id="oc-176">
         <name>.debug_info</name>
         <load_address>0x2366</load_address>
         <run_address>0x2366</run_address>
         <size>0x2cf</size>
         <input_file_ref idref="fl-2"/>
      </object_component>
      <object_component id="oc-b1">
         <name>.debug_info</name>
         <load_address>0x2635</load_address>
         <run_address>0x2635</run_address>
         <size>0xe7</size>
         <input_file_ref idref="fl-3"/>
      </object_component>
      <object_component id="oc-f1">
         <name>.debug_info</name>
         <load_address>0x271c</load_address>
         <run_address>0x271c</run_address>
         <size>0x157</size>
         <input_file_ref idref="fl-4"/>
      </object_component>
      <object_component id="oc-83">
         <name>.debug_info</name>
         <load_address>0x2873</load_address>
         <run_address>0x2873</run_address>
         <size>0xb0c</size>
         <input_file_ref idref="fl-4"/>
      </object_component>
      <object_component id="oc-30">
         <name>.debug_info</name>
         <load_address>0x337f</load_address>
         <run_address>0x337f</run_address>
         <size>0x16c</size>
         <input_file_ref idref="fl-4"/>
      </object_component>
      <object_component id="oc-15d">
         <name>.debug_info</name>
         <load_address>0x34eb</load_address>
         <run_address>0x34eb</run_address>
         <size>0x1de</size>
         <input_file_ref idref="fl-4"/>
      </object_component>
      <object_component id="oc-ec">
         <name>.debug_info</name>
         <load_address>0x36c9</load_address>
         <run_address>0x36c9</run_address>
         <size>0x129</size>
         <input_file_ref idref="fl-4"/>
      </object_component>
      <object_component id="oc-1d6">
         <name>.debug_info</name>
         <load_address>0x37f2</load_address>
         <run_address>0x37f2</run_address>
         <size>0xda</size>
         <input_file_ref idref="fl-5"/>
      </object_component>
      <object_component id="oc-fb">
         <name>.debug_info</name>
         <load_address>0x38cc</load_address>
         <run_address>0x38cc</run_address>
         <size>0x6c4</size>
         <input_file_ref idref="fl-5"/>
      </object_component>
      <object_component id="oc-167">
         <name>.debug_info</name>
         <load_address>0x3f90</load_address>
         <run_address>0x3f90</run_address>
         <size>0x1f9</size>
         <input_file_ref idref="fl-5"/>
      </object_component>
      <object_component id="oc-280">
         <name>.debug_info</name>
         <load_address>0x4189</load_address>
         <run_address>0x4189</run_address>
         <size>0x12a</size>
         <input_file_ref idref="fl-5"/>
      </object_component>
      <object_component id="oc-149">
         <name>.debug_info</name>
         <load_address>0x42b3</load_address>
         <run_address>0x42b3</run_address>
         <size>0x2ce</size>
         <input_file_ref idref="fl-6"/>
      </object_component>
      <object_component id="oc-9c">
         <name>.debug_info</name>
         <load_address>0x4581</load_address>
         <run_address>0x4581</run_address>
         <size>0x99e</size>
         <input_file_ref idref="fl-6"/>
      </object_component>
      <object_component id="oc-186">
         <name>.debug_info</name>
         <load_address>0x4f1f</load_address>
         <run_address>0x4f1f</run_address>
         <size>0x60e</size>
         <input_file_ref idref="fl-6"/>
      </object_component>
      <object_component id="oc-18b">
         <name>.debug_info</name>
         <load_address>0x552d</load_address>
         <run_address>0x552d</run_address>
         <size>0x4de</size>
         <input_file_ref idref="fl-6"/>
      </object_component>
      <object_component id="oc-190">
         <name>.debug_info</name>
         <load_address>0x5a0b</load_address>
         <run_address>0x5a0b</run_address>
         <size>0x3ce</size>
         <input_file_ref idref="fl-6"/>
      </object_component>
      <object_component id="oc-264">
         <name>.debug_info</name>
         <load_address>0x5dd9</load_address>
         <run_address>0x5dd9</run_address>
         <size>0x7cd</size>
         <input_file_ref idref="fl-6"/>
      </object_component>
      <object_component id="oc-14a">
         <name>.debug_info</name>
         <load_address>0x65a6</load_address>
         <run_address>0x65a6</run_address>
         <size>0x673</size>
         <input_file_ref idref="fl-6"/>
      </object_component>
      <object_component id="oc-d3">
         <name>.debug_info</name>
         <load_address>0x6c19</load_address>
         <run_address>0x6c19</run_address>
         <size>0x2c</size>
         <input_file_ref idref="fl-6"/>
      </object_component>
      <object_component id="oc-1c0">
         <name>.debug_info</name>
         <load_address>0x6c45</load_address>
         <run_address>0x6c45</run_address>
         <size>0x37b</size>
         <input_file_ref idref="fl-6"/>
      </object_component>
      <object_component id="oc-19a">
         <name>.debug_info</name>
         <load_address>0x6fc0</load_address>
         <run_address>0x6fc0</run_address>
         <size>0x1ca</size>
         <input_file_ref idref="fl-6"/>
      </object_component>
      <object_component id="oc-162">
         <name>.debug_info</name>
         <load_address>0x718a</load_address>
         <run_address>0x718a</run_address>
         <size>0x435</size>
         <input_file_ref idref="fl-6"/>
      </object_component>
      <object_component id="oc-1b3">
         <name>.debug_info</name>
         <load_address>0x75bf</load_address>
         <run_address>0x75bf</run_address>
         <size>0x551</size>
         <input_file_ref idref="fl-6"/>
      </object_component>
      <object_component id="oc-19f">
         <name>.debug_info</name>
         <load_address>0x7b10</load_address>
         <run_address>0x7b10</run_address>
         <size>0x3d3</size>
         <input_file_ref idref="fl-6"/>
      </object_component>
      <object_component id="oc-1a9">
         <name>.debug_info</name>
         <load_address>0x7ee3</load_address>
         <run_address>0x7ee3</run_address>
         <size>0x1de</size>
         <input_file_ref idref="fl-6"/>
      </object_component>
      <object_component id="oc-243">
         <name>.debug_info</name>
         <load_address>0x80c1</load_address>
         <run_address>0x80c1</run_address>
         <size>0x243</size>
         <input_file_ref idref="fl-6"/>
      </object_component>
      <object_component id="oc-28e">
         <name>.debug_info</name>
         <load_address>0x8304</load_address>
         <run_address>0x8304</run_address>
         <size>0x18e</size>
         <input_file_ref idref="fl-6"/>
      </object_component>
      <object_component id="oc-1b8">
         <name>.debug_info</name>
         <load_address>0x8492</load_address>
         <run_address>0x8492</run_address>
         <size>0x17a</size>
         <input_file_ref idref="fl-6"/>
      </object_component>
      <object_component id="oc-16c">
         <name>.debug_info</name>
         <load_address>0x860c</load_address>
         <run_address>0x860c</run_address>
         <size>0x6a6</size>
         <input_file_ref idref="fl-6"/>
      </object_component>
      <object_component id="oc-171">
         <name>.debug_info</name>
         <load_address>0x8cb2</load_address>
         <run_address>0x8cb2</run_address>
         <size>0x13e</size>
         <input_file_ref idref="fl-6"/>
      </object_component>
      <object_component id="oc-2ac">
         <name>.debug_info</name>
         <load_address>0x8df0</load_address>
         <run_address>0x8df0</run_address>
         <size>0x475</size>
         <input_file_ref idref="fl-7"/>
      </object_component>
      <object_component id="oc-1fd">
         <name>.debug_info</name>
         <load_address>0x9265</load_address>
         <run_address>0x9265</run_address>
         <size>0x2ef</size>
         <input_file_ref idref="fl-7"/>
      </object_component>
      <object_component id="oc-1f2">
         <name>.debug_info</name>
         <load_address>0x9554</load_address>
         <run_address>0x9554</run_address>
         <size>0xe1</size>
         <input_file_ref idref="fl-7"/>
      </object_component>
      <object_component id="oc-cb">
         <name>.debug_info</name>
         <load_address>0x9635</load_address>
         <run_address>0x9635</run_address>
         <size>0x84</size>
         <input_file_ref idref="fl-7"/>
      </object_component>
      <object_component id="oc-330">
         <name>.debug_info</name>
         <load_address>0x96b9</load_address>
         <run_address>0x96b9</run_address>
         <size>0xcc</size>
         <input_file_ref idref="fl-7"/>
      </object_component>
      <object_component id="oc-1f7">
         <name>.debug_info</name>
         <load_address>0x9785</load_address>
         <run_address>0x9785</run_address>
         <size>0x2c</size>
         <input_file_ref idref="fl-7"/>
      </object_component>
      <object_component id="oc-207">
         <name>.debug_info</name>
         <load_address>0x97b1</load_address>
         <run_address>0x97b1</run_address>
         <size>0x46</size>
         <input_file_ref idref="fl-7"/>
      </object_component>
      <object_component id="oc-248">
         <name>.debug_info</name>
         <load_address>0x97f7</load_address>
         <run_address>0x97f7</run_address>
         <size>0x14c</size>
         <input_file_ref idref="fl-7"/>
      </object_component>
      <object_component id="oc-31e">
         <name>.debug_info</name>
         <load_address>0x9943</load_address>
         <run_address>0x9943</run_address>
         <size>0x43f</size>
         <input_file_ref idref="fl-8"/>
      </object_component>
      <object_component id="oc-297">
         <name>.debug_info</name>
         <load_address>0x9d82</load_address>
         <run_address>0x9d82</run_address>
         <size>0x110</size>
         <input_file_ref idref="fl-8"/>
      </object_component>
      <object_component id="oc-366">
         <name>.debug_info</name>
         <load_address>0x9e92</load_address>
         <run_address>0x9e92</run_address>
         <size>0x39</size>
         <input_file_ref idref="fl-8"/>
      </object_component>
      <object_component id="oc-2c4">
         <name>.debug_info</name>
         <load_address>0x9ecb</load_address>
         <run_address>0x9ecb</run_address>
         <size>0x46</size>
         <input_file_ref idref="fl-8"/>
      </object_component>
      <object_component id="oc-36b">
         <name>.debug_info</name>
         <load_address>0x9f11</load_address>
         <run_address>0x9f11</run_address>
         <size>0x70</size>
         <input_file_ref idref="fl-8"/>
      </object_component>
      <object_component id="oc-2a9">
         <name>.debug_info</name>
         <load_address>0x9f81</load_address>
         <run_address>0x9f81</run_address>
         <size>0x208</size>
         <input_file_ref idref="fl-9"/>
      </object_component>
      <object_component id="oc-320">
         <name>.debug_info</name>
         <load_address>0xa189</load_address>
         <run_address>0xa189</run_address>
         <size>0xbd</size>
         <input_file_ref idref="fl-9"/>
      </object_component>
      <object_component id="oc-2a6">
         <name>.debug_info</name>
         <load_address>0xa246</load_address>
         <run_address>0xa246</run_address>
         <size>0xcf</size>
         <input_file_ref idref="fl-9"/>
      </object_component>
      <object_component id="oc-2a3">
         <name>.debug_info</name>
         <load_address>0xa315</load_address>
         <run_address>0xa315</run_address>
         <size>0x171</size>
         <input_file_ref idref="fl-9"/>
      </object_component>
      <object_component id="oc-1ec">
         <name>.debug_info</name>
         <load_address>0xa486</load_address>
         <run_address>0xa486</run_address>
         <size>0x51a</size>
         <input_file_ref idref="fl-9"/>
      </object_component>
      <object_component id="oc-29d">
         <name>.debug_info</name>
         <load_address>0xa9a0</load_address>
         <run_address>0xa9a0</run_address>
         <size>0x294</size>
         <input_file_ref idref="fl-9"/>
      </object_component>
      <object_component id="oc-329">
         <name>.debug_info</name>
         <load_address>0xac34</load_address>
         <run_address>0xac34</run_address>
         <size>0x70</size>
         <input_file_ref idref="fl-9"/>
      </object_component>
      <object_component id="oc-2b9">
         <name>.debug_info</name>
         <load_address>0xaca4</load_address>
         <run_address>0xaca4</run_address>
         <size>0x122</size>
         <input_file_ref idref="fl-a"/>
      </object_component>
      <object_component id="oc-213">
         <name>.debug_info</name>
         <load_address>0xadc6</load_address>
         <run_address>0xadc6</run_address>
         <size>0x49b</size>
         <input_file_ref idref="fl-a"/>
      </object_component>
      <object_component id="oc-1fc">
         <name>.debug_info</name>
         <load_address>0xb261</load_address>
         <run_address>0xb261</run_address>
         <size>0x75b</size>
         <input_file_ref idref="fl-b"/>
      </object_component>
      <object_component id="oc-10d">
         <name>.debug_info</name>
         <load_address>0xb9bc</load_address>
         <run_address>0xb9bc</run_address>
         <size>0x2170</size>
         <input_file_ref idref="fl-b"/>
      </object_component>
      <object_component id="oc-202">
         <name>.debug_info</name>
         <load_address>0xdb2c</load_address>
         <run_address>0xdb2c</run_address>
         <size>0x46</size>
         <input_file_ref idref="fl-b"/>
      </object_component>
      <object_component id="oc-2b7">
         <name>.debug_info</name>
         <load_address>0xdb72</load_address>
         <run_address>0xdb72</run_address>
         <size>0x240</size>
         <input_file_ref idref="fl-c"/>
      </object_component>
      <object_component id="oc-158">
         <name>.debug_info</name>
         <load_address>0xddb2</load_address>
         <run_address>0xddb2</run_address>
         <size>0x10b</size>
         <input_file_ref idref="fl-c"/>
      </object_component>
      <object_component id="oc-20d">
         <name>.debug_info</name>
         <load_address>0xdebd</load_address>
         <run_address>0xdebd</run_address>
         <size>0x59d</size>
         <input_file_ref idref="fl-c"/>
      </object_component>
      <object_component id="oc-2b1">
         <name>.debug_info</name>
         <load_address>0xe45a</load_address>
         <run_address>0xe45a</run_address>
         <size>0x343</size>
         <input_file_ref idref="fl-c"/>
      </object_component>
      <object_component id="oc-a8">
         <name>.debug_info</name>
         <load_address>0xe79d</load_address>
         <run_address>0xe79d</run_address>
         <size>0x4c8</size>
         <input_file_ref idref="fl-d"/>
      </object_component>
      <object_component id="oc-296">
         <name>.debug_info</name>
         <load_address>0xec65</load_address>
         <run_address>0xec65</run_address>
         <size>0x4c0</size>
         <input_file_ref idref="fl-e"/>
      </object_component>
      <object_component id="oc-1e6">
         <name>.debug_info</name>
         <load_address>0xf125</load_address>
         <run_address>0xf125</run_address>
         <size>0x2074</size>
         <input_file_ref idref="fl-e"/>
      </object_component>
      <object_component id="oc-319">
         <name>.debug_info</name>
         <load_address>0x11199</load_address>
         <run_address>0x11199</run_address>
         <size>0x163</size>
         <input_file_ref idref="fl-e"/>
      </object_component>
      <object_component id="oc-222">
         <name>.debug_info</name>
         <load_address>0x112fc</load_address>
         <run_address>0x112fc</run_address>
         <size>0x5ce</size>
         <input_file_ref idref="fl-f"/>
      </object_component>
      <object_component id="oc-155">
         <name>.debug_info</name>
         <load_address>0x118ca</load_address>
         <run_address>0x118ca</run_address>
         <size>0x2d8</size>
         <input_file_ref idref="fl-f"/>
      </object_component>
      <object_component id="oc-21f">
         <name>.debug_info</name>
         <load_address>0x11ba2</load_address>
         <run_address>0x11ba2</run_address>
         <size>0x252</size>
         <input_file_ref idref="fl-f"/>
      </object_component>
      <object_component id="oc-113">
         <name>.debug_info</name>
         <load_address>0x11df4</load_address>
         <run_address>0x11df4</run_address>
         <size>0x3065</size>
         <input_file_ref idref="fl-f"/>
      </object_component>
      <object_component id="oc-219">
         <name>.debug_info</name>
         <load_address>0x14e59</load_address>
         <run_address>0x14e59</run_address>
         <size>0xd84</size>
         <input_file_ref idref="fl-f"/>
      </object_component>
      <object_component id="oc-2bb">
         <name>.debug_info</name>
         <load_address>0x15bdd</load_address>
         <run_address>0x15bdd</run_address>
         <size>0x154</size>
         <input_file_ref idref="fl-f"/>
      </object_component>
      <object_component id="oc-183">
         <name>.debug_info</name>
         <load_address>0x15d31</load_address>
         <run_address>0x15d31</run_address>
         <size>0x10d</size>
         <input_file_ref idref="fl-11"/>
      </object_component>
      <object_component id="oc-dd">
         <name>.debug_info</name>
         <load_address>0x15e3e</load_address>
         <run_address>0x15e3e</run_address>
         <size>0x1c6</size>
         <input_file_ref idref="fl-11"/>
      </object_component>
      <object_component id="oc-1a4">
         <name>.debug_info</name>
         <load_address>0x16004</load_address>
         <run_address>0x16004</run_address>
         <size>0x3a4</size>
         <input_file_ref idref="fl-11"/>
      </object_component>
      <object_component id="oc-271">
         <name>.debug_info</name>
         <load_address>0x163a8</load_address>
         <run_address>0x163a8</run_address>
         <size>0x2c7</size>
         <input_file_ref idref="fl-11"/>
      </object_component>
      <object_component id="oc-1db">
         <name>.debug_info</name>
         <load_address>0x1666f</load_address>
         <run_address>0x1666f</run_address>
         <size>0x106</size>
         <input_file_ref idref="fl-12"/>
      </object_component>
      <object_component id="oc-1d8">
         <name>.debug_info</name>
         <load_address>0x16775</load_address>
         <run_address>0x16775</run_address>
         <size>0xcb</size>
         <input_file_ref idref="fl-12"/>
      </object_component>
      <object_component id="oc-101">
         <name>.debug_info</name>
         <load_address>0x16840</load_address>
         <run_address>0x16840</run_address>
         <size>0xbd2</size>
         <input_file_ref idref="fl-12"/>
      </object_component>
      <object_component id="oc-289">
         <name>.debug_info</name>
         <load_address>0x17412</load_address>
         <run_address>0x17412</run_address>
         <size>0x9f</size>
         <input_file_ref idref="fl-12"/>
      </object_component>
      <object_component id="oc-72">
         <name>.debug_info</name>
         <load_address>0x174b1</load_address>
         <run_address>0x174b1</run_address>
         <size>0x7dc</size>
         <input_file_ref idref="fl-13"/>
      </object_component>
      <object_component id="oc-36">
         <name>.debug_info</name>
         <load_address>0x17c8d</load_address>
         <run_address>0x17c8d</run_address>
         <size>0xef</size>
         <input_file_ref idref="fl-15"/>
      </object_component>
      <object_component id="oc-12b">
         <name>.debug_info</name>
         <load_address>0x17d7c</load_address>
         <run_address>0x17d7c</run_address>
         <size>0x762</size>
         <input_file_ref idref="fl-16"/>
      </object_component>
      <object_component id="oc-137">
         <name>.debug_info</name>
         <load_address>0x184de</load_address>
         <run_address>0x184de</run_address>
         <size>0xc0</size>
         <input_file_ref idref="fl-16"/>
      </object_component>
      <object_component id="oc-8f">
         <name>.debug_info</name>
         <load_address>0x1859e</load_address>
         <run_address>0x1859e</run_address>
         <size>0x6ac</size>
         <input_file_ref idref="fl-16"/>
      </object_component>
      <object_component id="oc-24d">
         <name>.debug_info</name>
         <load_address>0x18c4a</load_address>
         <run_address>0x18c4a</run_address>
         <size>0xc8</size>
         <input_file_ref idref="fl-16"/>
      </object_component>
      <object_component id="oc-276">
         <name>.debug_info</name>
         <load_address>0x18d12</load_address>
         <run_address>0x18d12</run_address>
         <size>0xe0</size>
         <input_file_ref idref="fl-18"/>
      </object_component>
      <object_component id="oc-312">
         <name>.debug_info</name>
         <load_address>0x18df2</load_address>
         <run_address>0x18df2</run_address>
         <size>0x242</size>
         <input_file_ref idref="fl-18"/>
      </object_component>
      <object_component id="oc-1ae">
         <name>.debug_info</name>
         <load_address>0x19034</load_address>
         <run_address>0x19034</run_address>
         <size>0x2af</size>
         <input_file_ref idref="fl-18"/>
      </object_component>
      <object_component id="oc-3b">
         <name>.debug_info</name>
         <load_address>0x192e3</load_address>
         <run_address>0x192e3</run_address>
         <size>0x11d</size>
         <input_file_ref idref="fl-19"/>
      </object_component>
      <object_component id="oc-e5">
         <name>.debug_info</name>
         <load_address>0x19400</load_address>
         <run_address>0x19400</run_address>
         <size>0x34f</size>
         <input_file_ref idref="fl-1b"/>
      </object_component>
      <object_component id="oc-ea">
         <name>.debug_info</name>
         <load_address>0x1974f</load_address>
         <run_address>0x1974f</run_address>
         <size>0x49d</size>
         <input_file_ref idref="fl-1c"/>
      </object_component>
      <object_component id="oc-7d">
         <name>.debug_info</name>
         <load_address>0x19bec</load_address>
         <run_address>0x19bec</run_address>
         <size>0x2e6f</size>
         <input_file_ref idref="fl-1c"/>
      </object_component>
      <object_component id="oc-21">
         <name>.debug_info</name>
         <load_address>0x1ca5b</load_address>
         <run_address>0x1ca5b</run_address>
         <size>0x5a2</size>
         <input_file_ref idref="fl-1d"/>
      </object_component>
      <object_component id="oc-ae">
         <name>.debug_info</name>
         <load_address>0x1cffd</load_address>
         <run_address>0x1cffd</run_address>
         <size>0x31c</size>
         <input_file_ref idref="fl-1e"/>
      </object_component>
      <object_component id="oc-2d">
         <name>.debug_info</name>
         <load_address>0x1d319</load_address>
         <run_address>0x1d319</run_address>
         <size>0xc5</size>
         <input_file_ref idref="fl-1e"/>
      </object_component>
      <object_component id="oc-42">
         <name>.debug_info</name>
         <load_address>0x1d3de</load_address>
         <run_address>0x1d3de</run_address>
         <size>0x457</size>
         <input_file_ref idref="fl-1e"/>
      </object_component>
      <object_component id="oc-47">
         <name>.debug_info</name>
         <load_address>0x1d835</load_address>
         <run_address>0x1d835</run_address>
         <size>0x1e0</size>
         <input_file_ref idref="fl-1e"/>
      </object_component>
      <object_component id="oc-17b">
         <name>.debug_info</name>
         <load_address>0x1da15</load_address>
         <run_address>0x1da15</run_address>
         <size>0x5d</size>
         <input_file_ref idref="fl-1e"/>
      </object_component>
      <object_component id="oc-e3">
         <name>.debug_info</name>
         <load_address>0x1da72</load_address>
         <run_address>0x1da72</run_address>
         <size>0x34a</size>
         <input_file_ref idref="fl-1f"/>
      </object_component>
      <object_component id="oc-77">
         <name>.debug_info</name>
         <load_address>0x1ddbc</load_address>
         <run_address>0x1ddbc</run_address>
         <size>0x716</size>
         <input_file_ref idref="fl-1f"/>
      </object_component>
      <object_component id="oc-229">
         <name>.debug_info</name>
         <load_address>0x1e4d2</load_address>
         <run_address>0x1e4d2</run_address>
         <size>0xf5</size>
         <input_file_ref idref="fl-24"/>
      </object_component>
      <object_component id="oc-122">
         <name>.debug_info</name>
         <load_address>0x1e5c7</load_address>
         <run_address>0x1e5c7</run_address>
         <size>0x152</size>
         <input_file_ref idref="fl-24"/>
      </object_component>
      <object_component id="oc-f9">
         <name>.debug_info</name>
         <load_address>0x1e719</load_address>
         <run_address>0x1e719</run_address>
         <size>0x29e</size>
         <input_file_ref idref="fl-25"/>
      </object_component>
      <object_component id="oc-8c">
         <name>.debug_info</name>
         <load_address>0x1e9b7</load_address>
         <run_address>0x1e9b7</run_address>
         <size>0x158</size>
         <input_file_ref idref="fl-25"/>
      </object_component>
      <object_component id="oc-1cb">
         <name>.debug_info</name>
         <load_address>0x1eb0f</load_address>
         <run_address>0x1eb0f</run_address>
         <size>0x39</size>
         <input_file_ref idref="fl-25"/>
      </object_component>
      <object_component id="oc-1d0">
         <name>.debug_info</name>
         <load_address>0x1eb48</load_address>
         <run_address>0x1eb48</run_address>
         <size>0xcd</size>
         <input_file_ref idref="fl-25"/>
      </object_component>
      <object_component id="oc-57">
         <name>.debug_info</name>
         <load_address>0x1ec15</load_address>
         <run_address>0x1ec15</run_address>
         <size>0x11c</size>
         <input_file_ref idref="fl-26"/>
      </object_component>
      <object_component id="oc-11">
         <name>.debug_info</name>
         <load_address>0x1ed31</load_address>
         <run_address>0x1ed31</run_address>
         <size>0x1ab</size>
         <input_file_ref idref="fl-26"/>
      </object_component>
      <object_component id="oc-52">
         <name>.debug_info</name>
         <load_address>0x1eedc</load_address>
         <run_address>0x1eedc</run_address>
         <size>0x46</size>
         <input_file_ref idref="fl-26"/>
      </object_component>
      <object_component id="oc-c4">
         <name>.debug_info</name>
         <load_address>0x1ef22</load_address>
         <run_address>0x1ef22</run_address>
         <size>0x2c</size>
         <input_file_ref idref="fl-26"/>
      </object_component>
      <object_component id="oc-5f">
         <name>.debug_info</name>
         <load_address>0x1ef4e</load_address>
         <run_address>0x1ef4e</run_address>
         <size>0x115</size>
         <input_file_ref idref="fl-27"/>
      </object_component>
      <object_component id="oc-5a">
         <name>.debug_info</name>
         <load_address>0x1f063</load_address>
         <run_address>0x1f063</run_address>
         <size>0x228</size>
         <input_file_ref idref="fl-27"/>
      </object_component>
      <object_component id="oc-16">
         <name>.debug_info</name>
         <load_address>0x1f28b</load_address>
         <run_address>0x1f28b</run_address>
         <size>0x192</size>
         <input_file_ref idref="fl-27"/>
      </object_component>
      <object_component id="oc-60">
         <name>.debug_info</name>
         <load_address>0x1f41d</load_address>
         <run_address>0x1f41d</run_address>
         <size>0x39</size>
         <input_file_ref idref="fl-27"/>
      </object_component>
      <object_component id="oc-70">
         <name>.debug_info</name>
         <load_address>0x1f456</load_address>
         <run_address>0x1f456</run_address>
         <size>0x110</size>
         <input_file_ref idref="fl-28"/>
      </object_component>
      <object_component id="oc-1d">
         <name>.debug_info</name>
         <load_address>0x1f566</load_address>
         <run_address>0x1f566</run_address>
         <size>0x18b</size>
         <input_file_ref idref="fl-28"/>
      </object_component>
      <object_component id="oc-6b">
         <name>.debug_info</name>
         <load_address>0x1f6f1</load_address>
         <run_address>0x1f6f1</run_address>
         <size>0x46</size>
         <input_file_ref idref="fl-28"/>
      </object_component>
      <object_component id="oc-1c8">
         <name>.debug_info</name>
         <load_address>0x1f737</load_address>
         <run_address>0x1f737</run_address>
         <size>0x1c1</size>
         <input_file_ref idref="fl-29"/>
      </object_component>
      <object_component id="oc-f4">
         <name>.debug_info</name>
         <load_address>0x1f8f8</load_address>
         <run_address>0x1f8f8</run_address>
         <size>0x164</size>
         <input_file_ref idref="fl-29"/>
      </object_component>
      <object_component id="oc-279">
         <name>.debug_info</name>
         <load_address>0x1fa5c</load_address>
         <run_address>0x1fa5c</run_address>
         <size>0x2c</size>
         <input_file_ref idref="fl-29"/>
      </object_component>
      <object_component id="oc-2cd">
         <name>.debug_info</name>
         <load_address>0x1fa88</load_address>
         <run_address>0x1fa88</run_address>
         <size>0xcf</size>
         <input_file_ref idref="fl-2a"/>
      </object_component>
      <object_component id="oc-226">
         <name>.debug_info</name>
         <load_address>0x1fb57</load_address>
         <run_address>0x1fb57</run_address>
         <size>0xdb</size>
         <input_file_ref idref="fl-2a"/>
      </object_component>
      <object_component id="oc-146">
         <name>.debug_info</name>
         <load_address>0x1fc32</load_address>
         <run_address>0x1fc32</run_address>
         <size>0x172</size>
         <input_file_ref idref="fl-2b"/>
      </object_component>
      <object_component id="oc-143">
         <name>.debug_info</name>
         <load_address>0x1fda4</load_address>
         <run_address>0x1fda4</run_address>
         <size>0x117</size>
         <input_file_ref idref="fl-2b"/>
      </object_component>
      <object_component id="oc-98">
         <name>.debug_info</name>
         <load_address>0x1febb</load_address>
         <run_address>0x1febb</run_address>
         <size>0x1ee</size>
         <input_file_ref idref="fl-2b"/>
      </object_component>
      <object_component id="oc-4f">
         <name>.debug_info</name>
         <load_address>0x200a9</load_address>
         <run_address>0x200a9</run_address>
         <size>0xf6</size>
         <input_file_ref idref="fl-2c"/>
      </object_component>
      <object_component id="oc-66">
         <name>.debug_info</name>
         <load_address>0x2019f</load_address>
         <run_address>0x2019f</run_address>
         <size>0x124</size>
         <input_file_ref idref="fl-2d"/>
      </object_component>
      <object_component id="oc-231">
         <name>.debug_info</name>
         <load_address>0x202c3</load_address>
         <run_address>0x202c3</run_address>
         <size>0x1a3</size>
         <input_file_ref idref="fl-2e"/>
      </object_component>
      <object_component id="oc-125">
         <name>.debug_info</name>
         <load_address>0x20466</load_address>
         <run_address>0x20466</run_address>
         <size>0x31f</size>
         <input_file_ref idref="fl-2e"/>
      </object_component>
      <object_component id="oc-232">
         <name>.debug_info</name>
         <load_address>0x20785</load_address>
         <run_address>0x20785</run_address>
         <size>0x2c</size>
         <input_file_ref idref="fl-2e"/>
      </object_component>
      <object_component id="oc-23c">
         <name>.debug_info</name>
         <load_address>0x207b1</load_address>
         <run_address>0x207b1</run_address>
         <size>0x69</size>
         <input_file_ref idref="fl-2e"/>
      </object_component>
      <object_component id="oc-224">
         <name>.debug_info</name>
         <load_address>0x2081a</load_address>
         <run_address>0x2081a</run_address>
         <size>0xd7</size>
         <input_file_ref idref="fl-2f"/>
      </object_component>
      <object_component id="oc-11c">
         <name>.debug_info</name>
         <load_address>0x208f1</load_address>
         <run_address>0x208f1</run_address>
         <size>0x226</size>
         <input_file_ref idref="fl-2f"/>
      </object_component>
      <object_component id="oc-25c">
         <name>.debug_info</name>
         <load_address>0x20b17</load_address>
         <run_address>0x20b17</run_address>
         <size>0x105</size>
         <input_file_ref idref="fl-30"/>
      </object_component>
      <object_component id="oc-140">
         <name>.debug_info</name>
         <load_address>0x20c1c</load_address>
         <run_address>0x20c1c</run_address>
         <size>0xf4</size>
         <input_file_ref idref="fl-30"/>
      </object_component>
      <object_component id="oc-258">
         <name>.debug_info</name>
         <load_address>0x20d10</load_address>
         <run_address>0x20d10</run_address>
         <size>0x200</size>
         <input_file_ref idref="fl-30"/>
      </object_component>
      <object_component id="oc-300">
         <name>.debug_info</name>
         <load_address>0x20f10</load_address>
         <run_address>0x20f10</run_address>
         <size>0x338</size>
         <input_file_ref idref="fl-31"/>
      </object_component>
      <object_component id="oc-22b">
         <name>.debug_info</name>
         <load_address>0x21248</load_address>
         <run_address>0x21248</run_address>
         <size>0x13ed</size>
         <input_file_ref idref="fl-31"/>
      </object_component>
      <object_component id="oc-301">
         <name>.debug_info</name>
         <load_address>0x22635</load_address>
         <run_address>0x22635</run_address>
         <size>0x86</size>
         <input_file_ref idref="fl-31"/>
      </object_component>
      <object_component id="oc-35f">
         <name>.debug_info</name>
         <load_address>0x226bb</load_address>
         <run_address>0x226bb</run_address>
         <size>0x46</size>
         <input_file_ref idref="fl-31"/>
      </object_component>
      <object_component id="oc-306">
         <name>.debug_info</name>
         <load_address>0x22701</load_address>
         <run_address>0x22701</run_address>
         <size>0x39</size>
         <input_file_ref idref="fl-31"/>
      </object_component>
      <object_component id="oc-348">
         <name>.debug_info</name>
         <load_address>0x2273a</load_address>
         <run_address>0x2273a</run_address>
         <size>0xfe</size>
         <input_file_ref idref="fl-32"/>
      </object_component>
      <object_component id="oc-2e5">
         <name>.debug_info</name>
         <load_address>0x22838</load_address>
         <run_address>0x22838</run_address>
         <size>0x16e</size>
         <input_file_ref idref="fl-32"/>
      </object_component>
      <object_component id="oc-356">
         <name>.debug_info</name>
         <load_address>0x229a6</load_address>
         <run_address>0x229a6</run_address>
         <size>0x142</size>
         <input_file_ref idref="fl-33"/>
      </object_component>
      <object_component id="oc-2e9">
         <name>.debug_info</name>
         <load_address>0x22ae8</load_address>
         <run_address>0x22ae8</run_address>
         <size>0x165</size>
         <input_file_ref idref="fl-33"/>
      </object_component>
      <object_component id="oc-340">
         <name>.debug_info</name>
         <load_address>0x22c4d</load_address>
         <run_address>0x22c4d</run_address>
         <size>0x12d</size>
         <input_file_ref idref="fl-34"/>
      </object_component>
      <object_component id="oc-2dc">
         <name>.debug_info</name>
         <load_address>0x22d7a</load_address>
         <run_address>0x22d7a</run_address>
         <size>0x1a3</size>
         <input_file_ref idref="fl-34"/>
      </object_component>
      <object_component id="oc-35c">
         <name>.debug_info</name>
         <load_address>0x22f1d</load_address>
         <run_address>0x22f1d</run_address>
         <size>0xd2</size>
         <input_file_ref idref="fl-35"/>
      </object_component>
      <object_component id="oc-2fb">
         <name>.debug_info</name>
         <load_address>0x22fef</load_address>
         <run_address>0x22fef</run_address>
         <size>0x18c</size>
         <input_file_ref idref="fl-35"/>
      </object_component>
      <object_component id="oc-358">
         <name>.debug_info</name>
         <load_address>0x2317b</load_address>
         <run_address>0x2317b</run_address>
         <size>0xd6</size>
         <input_file_ref idref="fl-36"/>
      </object_component>
      <object_component id="oc-2ee">
         <name>.debug_info</name>
         <load_address>0x23251</load_address>
         <run_address>0x23251</run_address>
         <size>0x211</size>
         <input_file_ref idref="fl-36"/>
      </object_component>
      <object_component id="oc-33e">
         <name>.debug_info</name>
         <load_address>0x23462</load_address>
         <run_address>0x23462</run_address>
         <size>0xcb</size>
         <input_file_ref idref="fl-37"/>
      </object_component>
      <object_component id="oc-2d6">
         <name>.debug_info</name>
         <load_address>0x2352d</load_address>
         <run_address>0x2352d</run_address>
         <size>0x1f7</size>
         <input_file_ref idref="fl-37"/>
      </object_component>
      <object_component id="oc-2d2">
         <name>.debug_info</name>
         <load_address>0x23724</load_address>
         <run_address>0x23724</run_address>
         <size>0x167</size>
         <input_file_ref idref="fl-38"/>
      </object_component>
      <object_component id="oc-35a">
         <name>.debug_info</name>
         <load_address>0x2388b</load_address>
         <run_address>0x2388b</run_address>
         <size>0xf3</size>
         <input_file_ref idref="fl-39"/>
      </object_component>
      <object_component id="oc-2f6">
         <name>.debug_info</name>
         <load_address>0x2397e</load_address>
         <run_address>0x2397e</run_address>
         <size>0x136</size>
         <input_file_ref idref="fl-39"/>
      </object_component>
      <object_component id="oc-384">
         <name>.debug_info</name>
         <load_address>0x23ab4</load_address>
         <run_address>0x23ab4</run_address>
         <size>0x111</size>
         <input_file_ref idref="fl-3a"/>
      </object_component>
      <object_component id="oc-34d">
         <name>.debug_info</name>
         <load_address>0x23bc5</load_address>
         <run_address>0x23bc5</run_address>
         <size>0x192</size>
         <input_file_ref idref="fl-3a"/>
      </object_component>
      <object_component id="oc-39d">
         <name>.debug_info</name>
         <load_address>0x23d57</load_address>
         <run_address>0x23d57</run_address>
         <size>0x86</size>
         <input_file_ref idref="fl-3a"/>
      </object_component>
      <object_component id="oc-37d">
         <name>.debug_info</name>
         <load_address>0x23ddd</load_address>
         <run_address>0x23ddd</run_address>
         <size>0xfb</size>
         <input_file_ref idref="fl-3b"/>
      </object_component>
      <object_component id="oc-345">
         <name>.debug_info</name>
         <load_address>0x23ed8</load_address>
         <run_address>0x23ed8</run_address>
         <size>0x173</size>
         <input_file_ref idref="fl-3b"/>
      </object_component>
      <object_component id="oc-350">
         <name>.debug_info</name>
         <load_address>0x2404b</load_address>
         <run_address>0x2404b</run_address>
         <size>0x153</size>
         <input_file_ref idref="fl-3c"/>
      </object_component>
      <object_component id="oc-381">
         <name>.debug_info</name>
         <load_address>0x2419e</load_address>
         <run_address>0x2419e</run_address>
         <size>0x1b5</size>
         <input_file_ref idref="fl-3d"/>
      </object_component>
      <object_component id="oc-38c">
         <name>.debug_info</name>
         <load_address>0x24353</load_address>
         <run_address>0x24353</run_address>
         <size>0xd6</size>
         <input_file_ref idref="fl-3e"/>
      </object_component>
[...]
         <value>0xaad0</value>
         <object_component_ref idref="oc-7c"/>
      </symbol>
      <symbol id="sm-97c">
         <name>dmaParityCheck</name>
         <value>0x8eac</value>
         <object_component_ref idref="oc-7c"/>
      </symbol>
      <symbol id="sm-97d">
         <name>custom_dabort</name>
         <value>0x8df4</value>
         <object_component_ref idref="oc-7c"/>
      </symbol>
      <symbol id="sm-97e">
         <name>memoryInit</name>
         <value>0x8174</value>
         <object_component_ref idref="oc-7c"/>
      </symbol>
      <symbol id="sm-97f">
         <name>stcSelfCheck</name>
         <value>0x81b8</value>
         <object_component_ref idref="oc-7c"/>
      </symbol>
      <symbol id="sm-980">
         <name>efcGetConfigValue</name>
         <value>0xa660</value>
         <object_component_ref idref="oc-7c"/>
      </symbol>
      <symbol id="sm-981">
         <name>can2ParityCheck</name>
         <value>0x94e8</value>
         <object_component_ref idref="oc-7c"/>
      </symbol>
      <symbol id="sm-982">
         <name>het1ParityCheck</name>
         <value>0x8f58</value>
         <object_component_ref idref="oc-7c"/>
      </symbol>
      <symbol id="sm-983">
         <name>adc1ParityCheck</name>
         <value>0x926c</value>
         <object_component_ref idref="oc-7c"/>
      </symbol>
      <symbol id="sm-984">
         <name>checkefcSelfTest</name>
         <value>0x87bc</value>
         <object_component_ref idref="oc-7c"/>
      </symbol>
      <symbol id="sm-985">
         <name>checkRAMECC</name>
         <value>0x99d0</value>
         <object_component_ref idref="oc-7c"/>
      </symbol>
      <symbol id="sm-986">
         <name>stcSelfCheckFail</name>
         <value>0x8df8</value>
         <object_component_ref idref="oc-7c"/>
      </symbol>
      <symbol id="sm-987">
         <name>ccmSelfCheck</name>
         <value>0x8030</value>
         <object_component_ref idref="oc-7c"/>
      </symbol>
      <symbol id="sm-988">
         <name>efcCheck</name>
         <value>0x8660</value>
         <object_component_ref idref="oc-7c"/>
      </symbol>
      <symbol id="sm-989">
         <name>het2ParityCheck</name>
         <value>0x90c0</value>
         <object_component_ref idref="oc-7c"/>
      </symbol>
      <symbol id="sm-98a">
         <name>adc2ParityCheck</name>
         <value>0x9358</value>
         <object_component_ref idref="oc-7c"/>
      </symbol>
      <symbol id="sm-98b">
         <name>cpuSelfTest</name>
         <value>0x8234</value>
         <object_component_ref idref="oc-7c"/>
      </symbol>
      <symbol id="sm-98c">
         <name>htu1ParityCheck</name>
         <value>0x9004</value>
         <object_component_ref idref="oc-7c"/>
      </symbol>
      <symbol id="sm-98d">
         <name>checkFlashECC</name>
         <value>0x8d18</value>
         <object_component_ref idref="oc-7c"/>
      </symbol>
      <symbol id="sm-98e">
         <name>cpuSelfTestFail</name>
         <value>0x8dfc</value>
         <object_component_ref idref="oc-7c"/>
      </symbol>
      <symbol id="sm-98f">
         <name>checkPLL1Slip</name>
         <value>0x9e8c</value>
         <object_component_ref idref="oc-7c"/>
      </symbol>
      <symbol id="sm-990">
         <name>mibspi1ParityCheck</name>
         <value>0x9684</value>
         <object_component_ref idref="oc-7c"/>
      </symbol>
      <symbol id="sm-991">
         <name>ccmr4GetConfigValue</name>
         <value>0xa6fc</value>
         <object_component_ref idref="oc-7c"/>
      </symbol>
      <symbol id="sm-992">
         <name>htu2ParityCheck</name>
         <value>0x91bc</value>
         <object_component_ref idref="oc-7c"/>
      </symbol>
      <symbol id="sm-993">
         <name>pbistPortTestStatus</name>
         <value>0x8608</value>
         <object_component_ref idref="oc-7c"/>
      </symbol>
      <symbol id="sm-994">
         <name>checkFlashEEPROMECC</name>
         <value>0x9cf4</value>
         <object_component_ref idref="oc-7c"/>
      </symbol>
      <symbol id="sm-995">
         <name>pbistGetConfigValue</name>
         <value>0xa470</value>
         <object_component_ref idref="oc-7c"/>
      </symbol>
      <symbol id="sm-996">
         <name>vimParityCheck</name>
         <value>0x8e00</value>
         <object_component_ref idref="oc-7c"/>
      </symbol>
      <symbol id="sm-997">
         <name>pbistIsTestCompleted</name>
         <value>0x85a8</value>
         <object_component_ref idref="oc-7c"/>
      </symbol>
      <symbol id="sm-998">
         <name>disableParity</name>
         <value>0xab58</value>
         <object_component_ref idref="oc-7c"/>
      </symbol>
      <symbol id="sm-999">
         <name>pbistRun</name>
         <value>0x84ac</value>
         <object_component_ref idref="oc-7c"/>
      </symbol>
      <symbol id="sm-99a">
         <name>pbistFail</name>
         <value>0xa3ec</value>
         <object_component_ref idref="oc-7c"/>
      </symbol>
      <symbol id="sm-99b">
         <name>selftestFailNotification</name>
         <value>0x8020</value>
         <object_component_ref idref="oc-7c"/>
      </symbol>
      <symbol id="sm-99c">
         <name>errata_PBIST_4</name>
         <value>0xa76c</value>
         <object_component_ref idref="oc-7c"/>
      </symbol>
      <symbol id="sm-99d">
         <name>mibspi3ParityCheck</name>
         <value>0x978c</value>
         <object_component_ref idref="oc-7c"/>
      </symbol>
      <symbol id="sm-99e">
         <name>efcSelfTest</name>
         <value>0x8794</value>
         <object_component_ref idref="oc-7c"/>
      </symbol>
      <symbol id="sm-99f">
         <name>checkB1RAMECC</name>
         <value>0x8b28</value>
         <object_component_ref idref="oc-7c"/>
      </symbol>
      <symbol id="sm-9a0">
         <name>pbistStop</name>
         <value>0x8578</value>
         <object_component_ref idref="oc-7c"/>
      </symbol>
      <symbol id="sm-9a1">
         <name>can3ParityCheck</name>
         <value>0x95b0</value>
         <object_component_ref idref="oc-7c"/>
      </symbol>
      <symbol id="sm-9a2">
         <name>checkRAMAddrParity</name>
         <value>0xa050</value>
         <object_component_ref idref="oc-7c"/>
      </symbol>
      <symbol id="sm-9a3">
         <name>mibspi5ParityCheck</name>
         <value>0x98b0</value>
         <object_component_ref idref="oc-7c"/>
      </symbol>
      <symbol id="sm-9a4">
         <name>checkB0RAMECC</name>
         <value>0x8938</value>
         <object_component_ref idref="oc-7c"/>
      </symbol>
      <symbol id="sm-9a5">
         <name>stcGetConfigValue</name>
         <value>0xa5bc</value>
         <object_component_ref idref="oc-7c"/>
      </symbol>
      <symbol id="sm-9a6">
         <name>pbistIsTestPassed</name>
         <value>0x85d4</value>
         <object_component_ref idref="oc-7c"/>
      </symbol>
      <symbol id="sm-9a7">
         <name>checkClockMonitor</name>
         <value>0x9c18</value>
         <object_component_ref idref="oc-7c"/>
      </symbol>
      <symbol id="sm-9a8">
         <name>fmcECCcheck</name>
         <value>0x8898</value>
         <object_component_ref idref="oc-7c"/>
      </symbol>
      <symbol id="sm-9a9">
         <name>fmcBus2Check</name>
         <value>0x885c</value>
         <object_component_ref idref="oc-7c"/>
      </symbol>
      <symbol id="sm-9aa">
         <name>checkRAMUERRTest</name>
         <value>0xa15c</value>
         <object_component_ref idref="oc-7c"/>
      </symbol>
      <symbol id="sm-9ab">
         <name>efcStuckZeroTest</name>
         <value>0x86e8</value>
         <object_component_ref idref="oc-7c"/>
      </symbol>
      <symbol id="sm-9ac">
         <name>checkPLL2Slip</name>
         <value>0x9f8c</value>
         <object_component_ref idref="oc-7c"/>
      </symbol>
      <symbol id="sm-9d6">
         <name>_c_int00</name>
         <value>0x10e6c</value>
         <object_component_ref idref="oc-20"/>
      </symbol>
      <symbol id="sm-a6d">
         <name>vimChannelMap</name>
         <value>0xde38</value>
         <object_component_ref idref="oc-41"/>
      </symbol>
      <symbol id="sm-a6e">
         <name>vimInit</name>
         <value>0xdd64</value>
         <object_component_ref idref="oc-41"/>
      </symbol>
      <symbol id="sm-a6f">
         <name>vimEnableInterrupt</name>
         <value>0xdedc</value>
         <object_component_ref idref="oc-41"/>
      </symbol>
      <symbol id="sm-a70">
         <name>vimDisableInterrupt</name>
         <value>0xe034</value>
         <object_component_ref idref="oc-41"/>
      </symbol>
      <symbol id="sm-a71">
         <name>vimGetConfigValue</name>
         <value>0xe0b8</value>
         <object_component_ref idref="oc-41"/>
      </symbol>
      <symbol id="sm-a72">
         <name>vimParityErrorHandler</name>
         <value>0x11104</value>
         <object_component_ref idref="oc-40"/>
      </symbol>
      <symbol id="sm-acc">
         <name>systemGetConfigValue</name>
         <value>0xc0bc</value>
         <object_component_ref idref="oc-76"/>
      </symbol>
      <symbol id="sm-acd">
         <name>trimLPO</name>
         <value>0xbdbc</value>
         <object_component_ref idref="oc-76"/>
      </symbol>
      <symbol id="sm-ace">
         <name>systemInit</name>
         <value>0xbfc0</value>
         <object_component_ref idref="oc-76"/>
      </symbol>
      <symbol id="sm-acf">
         <name>tcmflashGetConfigValue</name>
         <value>0xc4d0</value>
         <object_component_ref idref="oc-76"/>
      </symbol>
      <symbol id="sm-ad0">
         <name>sramGetConfigValue</name>
         <value>0xc67c</value>
         <object_component_ref idref="oc-76"/>
      </symbol>
      <symbol id="sm-ad1">
         <name>periphInit</name>
         <value>0xbe44</value>
         <object_component_ref idref="oc-76"/>
      </symbol>
      <symbol id="sm-ad2">
         <name>setupFlash</name>
         <value>0xbe04</value>
         <object_component_ref idref="oc-76"/>
      </symbol>
      <symbol id="sm-ad3">
         <name>setupPLL</name>
         <value>0xbd5c</value>
         <object_component_ref idref="oc-76"/>
      </symbol>
      <symbol id="sm-ad4">
         <name>mapClocks</name>
         <value>0xbe98</value>
         <object_component_ref idref="oc-76"/>
      </symbol>
      <symbol id="sm-ad5">
         <name>systemPowerDown</name>
         <value>0xc08c</value>
         <object_component_ref idref="oc-76"/>
      </symbol>
      <symbol id="sm-aea">
         <name>atoi</name>
         <value>0x12401</value>
         <object_component_ref idref="oc-11e"/>
      </symbol>
      <symbol id="sm-b10">
         <name>__TI_auto_init</name>
         <value>0x12271</value>
         <object_component_ref idref="oc-88"/>
      </symbol>
      <symbol id="sm-b27">
         <name>__TI_decompress_none</name>
         <value>0x126ed</value>
         <object_component_ref idref="oc-e"/>
      </symbol>
      <symbol id="sm-b49">
         <name>__TI_decompress_rle24</name>
         <value>0x12707</value>
         <object_component_ref idref="oc-14"/>
      </symbol>
      <symbol id="sm-b5b">
         <name>__TI_zero_init</name>
         <value>0x126fb</value>
         <object_component_ref idref="oc-1a"/>
      </symbol>
      <symbol id="sm-b75">
         <name>copy_in</name>
         <value>0x12451</value>
         <object_component_ref idref="oc-f2"/>
      </symbol>
      <symbol id="sm-b80">
         <name>_ctypes_</name>
         <value>0x12890</value>
         <object_component_ref idref="oc-225"/>
      </symbol>
      <symbol id="sm-b9f">
         <name>C$$EXIT</name>
         <value>0x124e1</value>
         <object_component_ref idref="oc-94"/>
      </symbol>
      <symbol id="sm-ba0">
         <name>abort</name>
         <value>0x124e5</value>
         <object_component_ref idref="oc-94"/>
      </symbol>
      <symbol id="sm-ba1">
         <name>exit</name>
         <value>0x124ed</value>
         <object_component_ref idref="oc-94"/>
      </symbol>
      <symbol id="sm-ba2">
         <name>__TI_dtors_ptr</name>
         <value>0x8003158</value>
         <object_component_ref idref="oc-142"/>
      </symbol>
      <symbol id="sm-ba3">
         <name>__TI_cleanup_ptr</name>
         <value>0x8003154</value>
         <object_component_ref idref="oc-142"/>
      </symbol>
      <symbol id="sm-bbe">
         <name>memcpy</name>
         <value>0x120c3</value>
         <object_component_ref idref="oc-4c"/>
      </symbol>
      <symbol id="sm-bbf">
         <name>__aeabi_memcpy</name>
         <value>0x120c3</value>
         <object_component_ref idref="oc-4c"/>
      </symbol>
      <symbol id="sm-bc0">
         <name>__aeabi_memcpy8</name>
         <value>0x120c3</value>
         <object_component_ref idref="oc-4c"/>
      </symbol>
      <symbol id="sm-bc1">
         <name>__aeabi_memcpy4</name>
         <value>0x120c3</value>
         <object_component_ref idref="oc-4c"/>
      </symbol>
      <symbol id="sm-bd0">
         <name>__aeabi_memset</name>
         <value>0x121f7</value>
         <object_component_ref idref="oc-65"/>
      </symbol>
      <symbol id="sm-bd1">
         <name>memset</name>
         <value>0x121fd</value>
         <object_component_ref idref="oc-65"/>
      </symbol>
      <symbol id="sm-bd2">
         <name>__aeabi_memset8</name>
         <value>0x121f7</value>
         <object_component_ref idref="oc-65"/>
      </symbol>
      <symbol id="sm-bd3">
         <name>__aeabi_memset4</name>
         <value>0x121f7</value>
         <object_component_ref idref="oc-65"/>
      </symbol>
      <symbol id="sm-bd4">
         <name>__aeabi_memclr8</name>
         <value>0x121f5</value>
         <object_component_ref idref="oc-65"/>
      </symbol>
      <symbol id="sm-bd5">
         <name>__aeabi_memclr4</name>
         <value>0x121f5</value>
         <object_component_ref idref="oc-65"/>
      </symbol>
      <symbol id="sm-bd6">
         <name>__aeabi_memclr</name>
         <value>0x121f5</value>
         <object_component_ref idref="oc-65"/>
      </symbol>
      <symbol id="sm-bf7">
         <name>snprintf</name>
         <value>0x12161</value>
         <object_component_ref idref="oc-124"/>
      </symbol>
      <symbol id="sm-c07">
         <name>strncpy</name>
         <value>0x1259d</value>
         <object_component_ref idref="oc-118"/>
      </symbol>
      <symbol id="sm-c20">
         <name>_nop</name>
         <value>0x126e7</value>
         <object_component_ref idref="oc-254"/>
      </symbol>
      <symbol id="sm-c21">
         <name>_lock</name>
         <value>0x800314c</value>
         <object_component_ref idref="oc-13f"/>
      </symbol>
      <symbol id="sm-c22">
         <name>_unlock</name>
         <value>0x8003150</value>
         <object_component_ref idref="oc-13f"/>
      </symbol>
      <symbol id="sm-c23">
         <name>_register_lock</name>
         <value>0x126df</value>
         <object_component_ref idref="oc-254"/>
      </symbol>
      <symbol id="sm-c24">
         <name>_register_unlock</name>
         <value>0x126d9</value>
         <object_component_ref idref="oc-254"/>
      </symbol>
      <symbol id="sm-d1c">
         <name>__TI_printfi</name>
         <value>0xba57</value>
         <object_component_ref idref="oc-22a"/>
      </symbol>
      <symbol id="sm-d29">
         <name>frexp</name>
         <value>0x1266b</value>
         <object_component_ref idref="oc-2e1"/>
      </symbol>
      <symbol id="sm-d3a">
         <name>ldexp</name>
         <value>0x1249d</value>
         <object_component_ref idref="oc-2e7"/>
      </symbol>
      <symbol id="sm-d49">
         <name>ltoa</name>
         <value>0x123ab</value>
         <object_component_ref idref="oc-2db"/>
      </symbol>
      <symbol id="sm-d59">
         <name>memccpy</name>
         <value>0x1268f</value>
         <object_component_ref idref="oc-2f9"/>
      </symbol>
      <symbol id="sm-d69">
         <name>strchr</name>
         <value>0x126ab</value>
         <object_component_ref idref="oc-2ed"/>
      </symbol>
      <symbol id="sm-d77">
         <name>strlen</name>
         <value>0x126c1</value>
         <object_component_ref idref="oc-2d5"/>
      </symbol>
      <symbol id="sm-da1">
         <name>__aeabi_uldivmod</name>
         <value>0x10bb4</value>
         <object_component_ref idref="oc-2d0"/>
      </symbol>
      <symbol id="sm-daf">
         <name>_Dclass</name>
         <value>0x12561</value>
         <object_component_ref idref="oc-2f3"/>
      </symbol>
      <symbol id="sm-dd0">
         <name>_Dscale</name>
         <value>0x11a09</value>
         <object_component_ref idref="oc-349"/>
      </symbol>
      <symbol id="sm-de3">
         <name>_Dunscale</name>
         <value>0x12347</value>
         <object_component_ref idref="oc-341"/>
      </symbol>
      <symbol id="sm-df1">
         <name>_Feraise</name>
         <value>0x12609</value>
         <object_component_ref idref="oc-34f"/>
      </symbol>
      <symbol id="sm-e01">
         <name>_Rteps</name>
         <value>0x8003110</value>
         <object_component_ref idref="oc-380"/>
      </symbol>
      <symbol id="sm-e02">
         <name>_Zero</name>
         <value>0x8003128</value>
         <object_component_ref idref="oc-380"/>
      </symbol>
      <symbol id="sm-e03">
         <name>_Hugeval</name>
         <value>0x80030d0</value>
         <object_component_ref idref="oc-380"/>
      </symbol>
      <symbol id="sm-e04">
         <name>_Snan</name>
         <value>0x8003100</value>
         <object_component_ref idref="oc-380"/>
      </symbol>
      <symbol id="sm-e05">
         <name>_Nan</name>
         <value>0x80030f0</value>
         <object_component_ref idref="oc-380"/>
      </symbol>
      <symbol id="sm-e06">
         <name>_Inf</name>
         <value>0x80030e0</value>
         <object_component_ref idref="oc-380"/>
      </symbol>
      <symbol id="sm-e07">
         <name>_Xbig</name>
         <value>0x8003120</value>
         <object_component_ref idref="oc-380"/>
      </symbol>
      <symbol id="sm-e08">
         <name>_Eps</name>
         <value>0x80030c0</value>
         <object_component_ref idref="oc-380"/>
      </symbol>
      <symbol id="sm-e09">
         <name>_Denorm</name>
         <value>0x80030b0</value>
         <object_component_ref idref="oc-380"/>
      </symbol>
      <symbol id="sm-e11">
         <name>_Errno</name>
         <value>0x8003164</value>
         <object_component_ref idref="oc-38b"/>
      </symbol>
      <symbol id="sm-e2f">
         <name>feraiseexcept</name>
         <value>0x125d5</value>
         <object_component_ref idref="oc-385"/>
      </symbol>
      <symbol id="sm-e30">
         <name>_Tls_setup__Fenv</name>
         <value>0x8003160</value>
         <object_component_ref idref="oc-3aa"/>
      </symbol>
      <symbol id="sm-e31">
         <name>_Fenv</name>
         <value>0x800315c</value>
         <object_component_ref idref="oc-3aa"/>
      </symbol>
      <symbol id="sm-e45">
         <name>raise</name>
         <value>0x1263d</value>
         <object_component_ref idref="oc-3a4"/>
      </symbol>
      <symbol id="sm-e5f">
         <name>signal</name>
         <value>0x12521</value>
         <object_component_ref idref="oc-3b2"/>
      </symbol>
      <symbol id="sm-e74">
         <name>_Dnorm</name>
         <value>0x11ffd</value>
         <object_component_ref idref="oc-376"/>
      </symbol>
      <symbol id="sm-e75">
         <name>__TI_static_base__</name>
         <value>0x0</value>
      </symbol>
      <symbol id="sm-e79">
         <name>SHT$$INIT_ARRAY$$Base</name>
         <value>0x0</value>
      </symbol>
      <symbol id="sm-e7a">
         <name>SHT$$INIT_ARRAY$$Limit</name>
         <value>0x0</value>
      </symbol>
   </symbol_table>
   <title>Link successful</title>
</link_info>
