******************************************************************************
                  TI ARM Linker PC v5.2.5                      
******************************************************************************
>> Linked Tue Mar 22 18:11:27 2016

OUTPUT FILE NAME:   <free_rtos.out>
ENTRY POINT SYMBOL: "_c_int00"  address: 00010e6c


MEMORY CONFIGURATION

         name            origin    length      used     unused   attr    fill
----------------------  --------  ---------  --------  --------  ----  --------
  VECTORS               00000000   00000020  00000020  00000000     X
  KERNEL                00000020   00008000  00003ac8  00004538  R  X
  FLASH0                00008020   00177fe0  0000a9a8  0016d638  R  X
  FLASH1                00180000   00180000  00000000  00180000  R  X
  STACKS                08000000   00000800  00000000  00000800  RW  
  KRAM                  08000800   00000800  00000108  000006f8  RW  
  RAM                   08001000   0003f000  000021d8  0003ce28  RW  


SEGMENT ALLOCATION MAP

run origin  load origin   length   init length attrs members
----------  ----------- ---------- ----------- ----- -------
00000000    00000000    00003ae8   00003ae8    r-x
  00000000    00000000    00000020   00000020    r-x .intvecs
  00000020    00000020    00003a30   00003a30    r-x .kernelTEXT
  00003a50    00003a50    00000098   00000098    r-- .cinit
00008020    00008020    0000a9a8   0000a9a8    r-x
  00008020    00008020    0000a6f0   0000a6f0    r-x .text
  00012710    00012710    000002b8   000002b8    r-- .const
08000800    08000800    00000108   00000000    rw-
  08000800    08000800    00000108   00000000    rw- .kernelBSS
08001000    08001000    000021d8   00000000    rw-
  08001000    08001000    00002000   00000000    rw- .kernelHEAP
  08003000    08003000    00000168   00000000    rw- .data
  08003168    08003168    00000070   00000000    rw- .bss


SECTION ALLOCATION MAP

 output                                  attributes/
section   page    origin      length       input sections
--------  ----  ----------  ----------   ----------------
.intvecs   0    00000000    00000020     
                  00000000    00000020     sys_intvecs.obj (.intvecs)

.kernelTEXT 
*          0    00000020    00003a30     
                  00000020    00001cd8     os_tasks.obj (.kernelTEXT)
                  00001cf8    00001124     os_queue.obj (.kernelTEXT)
                  00002e1c    000004b0     os_portasm.obj (.kernelTEXT)
                  000032cc    000003e0     os_port.obj (.kernelTEXT)
                  000036ac    000003a4     os_heap.obj (.kernelTEXT)

.cinit     0    00003a50    00000098     
                  00003a50    00000042     (.cinit..data.load) [load image, compression = rle]
                  00003a92    00000006     --HOLE-- [fill = 0]
                  00003a98    00000014     (.cinit..kernelBSS.load) [load image, compression = rle]
                  00003aac    0000000c     (__TI_handler_table)
                  00003ab8    00000008     (.cinit..bss.load) [load image, compression = zero_init]
                  00003ac0    00000008     (.cinit..kernelHEAP.load) [load image, compression = zero_init]
                  00003ac8    00000020     (__TI_cinit_table)

.text      0    00008020    0000a6f0     
                  00008020    00002cdc     sys_selftest.obj (.text)
                  0000acfc    00001060     rtsv7R4_T_be_v3D16_eabi.lib : _printfi.obj (.text)
                  0000bd5c    00000b28     system.obj (.text)
                  0000c884    00000b0c     can.obj (.text)
                  0000d390    000009d4     sci.obj (.text)
                  0000dd64    0000089c     sys_vim.obj (.text)
                  0000e600    00000844     os_tasks.obj (.text)
                  0000ee44    00000638     pinmux.obj (.text)
                  0000f47c    000005e8     esm.obj (.text)
                  0000fa64    00000588     os_mpu_wrappers.obj (.text)
                  0000ffec    00000484     gio.obj (.text)
                  00010470    000003cc     sys_core.obj (.text)
                  0001083c    00000378     sys_main.obj (.text)
                  00010bb4    000002b8     rtsv7R4_T_be_v3D16_eabi.lib : ull_div32.obj (.text)
                  00010e6c    00000298     sys_startup.obj (.text:retain)
                  00011104    00000294     sys_vim.obj (.text:retain)
                  00011398    00000284     os_heap.obj (.text)
                  0001161c    00000238     os_list.obj (.text)
                  00011854    000001b4     os_port.obj (.text)
                  00011a08    00000118     rtsv7R4_T_be_v3D16_eabi.lib : xdscale.obj (.text)
                  00011b20    00000114     esm.obj (.text:retain)
                  00011c34    00000110     sys_pmu.obj (.text)
                  00011d44    00000100     can.obj (.text:retain)
                  00011e44    000000e8     dabort.obj (.text)
                  00011f2c    000000d0     notification.obj (.text)
                  00011ffc    000000c6     rtsv7R4_T_be_v3D16_eabi.lib : xdnorm.obj (.text)
                  000120c2    0000009c                                 : memcpy_t2.obj (.text)
                  0001215e    00000002     --HOLE-- [fill = 0]
                  00012160    00000094                                 : snprintf.obj (.text)
                  000121f4    0000007a                                 : memset_t2.obj (.text)
                  0001226e    00000002     --HOLE-- [fill = 0]
                  00012270    0000006c                                 : autoinit.obj (.text)
                  000122dc    0000006a                                 : copy_decompress_rle.obj (.text)
                  00012346    00000064                                 : xdunscal.obj (.text)
                  000123aa    00000056                                 : ltoa.obj (.text)
                  00012400    00000050                                 : atoi.obj (.text)
                  00012450    0000004c                                 : cpy_tbl.obj (.text)
                  0001249c    00000044                                 : ldexp.obj (.text)
                  000124e0    00000040                                 : exit.obj (.text)
                  00012520    00000040                                 : signal.obj (.text)
                  00012560    0000003c                                 : xdclass.obj (.text)
                  0001259c    00000036                                 : strncpy.obj (.text)
                  000125d2    00000002     --HOLE-- [fill = 0]
                  000125d4    00000034                                 : feraiseexcept.obj (.text)
                  00012608    00000034                                 : xferaise.obj (.text)
                  0001263c    0000002e                                 : raise.obj (.text)
                  0001266a    00000024                                 : frexp.obj (.text)
                  0001268e    0000001c                                 : memccpy.obj (.text)
                  000126aa    00000016                                 : strchr.obj (.text)
                  000126c0    00000016                                 : strlen.obj (.text)
                  000126d6    00000002     --HOLE-- [fill = 0]
                  000126d8    00000014                                 : _lock.obj (.text)
                  000126ec    0000000e                                 : copy_decompress_none.obj (.text:decompress:none)
                  000126fa    0000000c                                 : copy_zero_init.obj (.text:decompress:ZI)
                  00012706    00000006                                 : copy_decompress_rle.obj (.text:decompress:rle24)
                  0001270c    00000004     sys_phantom.obj (.text:retain)

.const     0    00012710    000002b8     
                  00012710    00000180     sys_vim.obj (.const:s_vim_init)
                  00012890    00000101     rtsv7R4_T_be_v3D16_eabi.lib : ctype.obj (.const:.string:_ctypes_)
                  00012991    00000003     --HOLE-- [fill = 0]
                  00012994    00000020     can.obj (.const)
                  000129b4    00000010     sys_main.obj (.const)
                  000129c4    00000004     os_heap.obj (.const)

.kernelBSS 
*          0    08000800    00000108     UNINITIALIZED
                  08000800    000000d0     os_tasks.obj (.kernelBSS:uninit)
                  080008d0    00000030     os_tasks.obj (.kernelBSS:init)
                  08000900    00000008     os_port.obj (.kernelBSS)

.kernelHEAP 
*          0    08001000    00002000     UNINITIALIZED
                  08001000    00002000     os_heap.obj (.kernelHEAP)

.data      0    08003000    00000168     UNINITIALIZED
                  08003000    000000b0     rtsv7R4_T_be_v3D16_eabi.lib : signal.obj (.data:sigtable)
                  080030b0    00000080                                 : xvalues.obj (.data)
                  08003130    00000010     os_heap.obj (.data)
                  08003140    0000000c     sys_main.obj (.data)
                  0800314c    00000008     rtsv7R4_T_be_v3D16_eabi.lib : _lock.obj (.data)
                  08003154    00000008                                 : exit.obj (.data)
                  0800315c    00000008                                 : feraiseexcept.obj (.data)
                  08003164    00000004                                 : errno.obj (.data)

.TI.persistent 
*          0    08003000    00000000     UNINITIALIZED

.bss       0    08003168    00000070     UNINITIALIZED
                  08003168    00000028     sci.obj (.bss:g_sciTransfer_t)
                  08003190    00000010     (.common:wheelSpin)
                  080031a0    00000008     (.common:rxMbox1)
                  080031a8    00000008     (.common:rxMbox2)
                  080031b0    00000008     (.common:rx_data)
                  080031b8    00000008     (.common:rx_str_data)
                  080031c0    00000008     (.common:xStart)
                  080031c8    00000004     (.common:pubSpeed)
                  080031cc    00000004     (.common:rxIntMbox1)
                  080031d0    00000004     (.common:rxIntMbox2)
                  080031d4    00000004     (.common:xTask1Handle)

.TI.noinit 
*          0    08003168    00000000     UNINITIALIZED


LINKER GENERATED COPY TABLES

__TI_cinit_table @ 00003ac8 records: 4, size/record: 8, table size: 32
	.data: load addr=00003a50, load size=00000042 bytes, run addr=08003000, run size=00000168 bytes, compression=rle
	.kernelBSS: load addr=00003a98, load size=00000014 bytes, run addr=08000800, run size=00000108 bytes, compression=rle
	.bss: load addr=00003ab8, load size=00000008 bytes, run addr=08003168, run size=00000070 bytes, compression=zero_init
	.kernelHEAP: load addr=00003ac0, load size=00000008 bytes, run addr=08001000, run size=00002000 bytes, compression=zero_init


LINKER GENERATED HANDLER TABLE

__TI_handler_table @ 00003aac records: 3, size/record: 4, table size: 12
	index: 0, handler: __TI_decompress_rle24
	index: 1, handler: __TI_decompress_none
	index: 2, handler: __TI_zero_init


GLOBAL SYMBOLS: SORTED ALPHABETICALLY BY Name 

address   name                                
-------   ----                                
000124e1  C$$EXIT                             
0000ff3c  MPU_pvPortMalloc                    
0000fe00  MPU_uxQueueMessagesWaiting          
0000fcd4  MPU_uxTaskGetNumberOfTasks          
0000fd00  MPU_uxTaskGetStackHighWaterMark     
0000fb98  MPU_uxTaskPriorityGet               
0000ff70  MPU_vPortFree                       
0000ff9c  MPU_vPortInitialiseBlocks           
0000fe88  MPU_vQueueDelete                    
0000fad8  MPU_vTaskAllocateMPURegions         
0000fb6c  MPU_vTaskDelay                      
0000fb38  MPU_vTaskDelayUntil                 
0000fb0c  MPU_vTaskDelete                     
0000fbcc  MPU_vTaskPrioritySet                
0000fc2c  MPU_vTaskResume                     
0000fc00  MPU_vTaskSuspend                    
0000fc58  MPU_vTaskSuspendAll                 
0000ffc0  MPU_xPortGetFreeHeapSize            
0000fd60  MPU_xQueueGenericCreate             
0000fe34  MPU_xQueueGenericReceive            
0000feb4  MPU_xQueueGenericReset              
0000fdac  MPU_xQueueGenericSend               
0000fef8  MPU_xQueuePeekFromISR               
0000fa64  MPU_xTaskGenericCreate              
0000fd34  MPU_xTaskGetSchedulerState          
0000fca8  MPU_xTaskGetTickCount               
0000fc7c  MPU_xTaskResumeAll                  
UNDEFED   SHT$$INIT_ARRAY$$Base               
UNDEFED   SHT$$INIT_ARRAY$$Limit              
00012561  _Dclass                             
080030b0  _Denorm                             
00011ffd  _Dnorm                              
00011a09  _Dscale                             
00012347  _Dunscale                           
080030c0  _Eps                                
08003164  _Errno                              
0800315c  _Fenv                               
00012609  _Feraise                            
080030d0  _Hugeval                            
080030e0  _Inf                                
080030f0  _Nan                                
08003110  _Rteps                              
08003100  _Snan                               
08003160  _Tls_setup__Fenv                    
08003120  _Xbig                               
08003128  _Zero                               
00003ac8  __TI_CINIT_Base                     
00003ae8  __TI_CINIT_Limit                    
00003aac  __TI_Handler_Table_Base             
00003ab8  __TI_Handler_Table_Limit            
00010834  __TI_PINIT_Base                     
00010838  __TI_PINIT_Limit                    
00012271  __TI_auto_init                      
08003154  __TI_cleanup_ptr                    
000126ed  __TI_decompress_none                
00012707  __TI_decompress_rle24               
08003158  __TI_dtors_ptr                      
0000ba57  __TI_printfi                        
00000000  __TI_static_base__                  
000126fb  __TI_zero_init                      
000121f5  __aeabi_memclr                      
000121f5  __aeabi_memclr4                     
000121f5  __aeabi_memclr8                     
000120c3  __aeabi_memcpy                      
000120c3  __aeabi_memcpy4                     
000120c3  __aeabi_memcpy8                     
000121f7  __aeabi_memset                      
000121f7  __aeabi_memset4                     
000121f7  __aeabi_memset8                     
00010bb4  __aeabi_uldivmod                    
ffffffff  __binit__                           
ffffffff  __c_args__                          
00010e6c  _c_int00                            
0001072c  _coreClearAuxiliaryDataFault_       
00010748  _coreClearAuxiliaryInstructionFault_
000106f4  _coreClearDataFaultAddress_         
000106bc  _coreClearDataFault_                
00010710  _coreClearInstructionFaultAddress_  
000106d8  _coreClearInstructionFault_         
00010620  _coreDisableEventBusExport_         
00010684  _coreDisableFlashEcc_               
00010650  _coreDisableRamEcc_                 
00010608  _coreEnableEventBusExport_          
00010668  _coreEnableFlashEcc_                
0001069c  _coreEnableIrqVicOffset_            
00010638  _coreEnableRamEcc_                  
000105e8  _coreEnableVfp_                     
00010724  _coreGetAuxiliaryDataFault_         
00010740  _coreGetAuxiliaryInstructionFault_  
000106ec  _coreGetDataFaultAddress_           
000106b4  _coreGetDataFault_                  
00010708  _coreGetInstructionFaultAddress_    
000106d0  _coreGetInstructionFault_           
00010470  _coreInitRegisters_                 
0001057c  _coreInitStackPointer_              
00012890  _ctypes_                            
00011e44  _dabort                             
00010764  _disable_FIQ_interrupt_             
0001076c  _disable_IRQ_interrupt_             
0001075c  _disable_interrupt_                 
00010774  _enable_interrupt_                  
00010804  _errata_CORTEXR4_57_                
0001081c  _errata_CORTEXR4_66_                
0001077c  _esmCcmErrorsClear_                 
000105c8  _getCPSRValue_                      
000105d0  _gotoCPUIdle_                       
0800314c  _lock                               
000126e7  _nop                                
00011ca0  _pmuDisableCountersGlobal_          
00011c88  _pmuEnableCountersGlobal_           
00011d1c  _pmuGetCycleCount_                  
00011d24  _pmuGetEventCount_                  
00011d30  _pmuGetOverflow_                    
00011c34  _pmuInit_                           
00011ce8  _pmuResetCounters_                  
00011cb8  _pmuResetCycleCounter_              
00011cd0  _pmuResetEventCounters_             
00011d10  _pmuSetCountEvent_                  
00011d00  _pmuStartCounters_                  
00011d08  _pmuStopCounters_                   
000126df  _register_lock                      
000126d9  _register_unlock                    
08003150  _unlock                             
000124e5  abort                               
0000926c  adc1ParityCheck                     
00009358  adc2ParityCheck                     
00012401  atoi                                
ffffffff  binit                               
00010a84  calculateSteerSensitivity           
00010ac0  calculateWheelSlip                  
0000d1bc  can1GetConfigValue                  
00011d44  can1HighLevelInterrupt              
00009410  can1ParityCheck                     
000094e8  can2ParityCheck                     
000095b0  can3ParityCheck                     
0000d05c  canDisableErrorNotification         
0000d03c  canDisableStatusChangeNotification  
0000d0b4  canDisableloopback                  
0000cffc  canEnableErrorNotification          
0000d01c  canEnableStatusChangeNotification   
0000d07c  canEnableloopback                   
00011f84  canErrorNotification                
0000cda4  canFillMessageObjectData            
0000cacc  canGetData                          
0000cfd8  canGetErrorLevel                    
0000cc24  canGetID                            
0000cfb4  canGetLastError                     
0000c884  canInit                             
0000d1a0  canIoRxGetBit                       
0000d0e4  canIoSetDirection                   
0000d134  canIoSetPort                        
0000d184  canIoTxGetBit                       
0000cf58  canIsMessageBoxValid                
0000cefc  canIsRxMessageArrived               
0000cea0  canIsTxMessagePending               
000108b0  canMessageNotification              
0000cd04  canSendRemoteFrame                  
00011f98  canStatusChangeNotification         
0000c9d0  canTransmit                         
0000cc8c  canUpdateID                         
00008030  ccmSelfCheck                        
0000a6fc  ccmr4GetConfigValue                 
00008938  checkB0RAMECC                       
00008b28  checkB1RAMECC                       
00009c18  checkClockMonitor                   
00008d18  checkFlashECC                       
00009cf4  checkFlashEEPROMECC                 
00009e8c  checkPLL1Slip                       
00009f8c  checkPLL2Slip                       
0000a050  checkRAMAddrParity                  
000099d0  checkRAMECC                         
0000a15c  checkRAMUERRTest                    
000087bc  checkefcSelfTest                    
00012451  copy_in                             
00008234  cpuSelfTest                         
00008dfc  cpuSelfTestFail                     
00008df4  custom_dabort                       
0000ab58  disableParity                       
00011fe8  dmaGroupANotification               
00008eac  dmaParityCheck                      
00008660  efcCheck                            
0000a660  efcGetConfigValue                   
00008794  efcSelfTest                         
000086e8  efcStuckZeroTest                    
0000aad0  enableParity                        
0000a76c  errata_PBIST_4                      
0000f608  esmActivateNormalOperation          
0000f6ec  esmClearStatus                      
0000f738  esmClearStatusBuffer                
0000f5cc  esmDisableError                     
0000f644  esmDisableInterrupt                 
0000f5a0  esmEnableError                      
0000f618  esmEnableInterrupt                  
0000f838  esmEnterSelfTest                    
0000f584  esmError                            
0000f910  esmGetConfigValue                   
0000f774  esmGetStatus                        
0000f800  esmGetStatusBuffer                  
00011f2c  esmGroup1Notification               
00011f3c  esmGroup2Notification               
00011b20  esmHighInterrupt                    
0000f47c  esmInit                             
0000f8c0  esmSelfTestStatus                   
0000f754  esmSetCounterPreloadValue           
0000f670  esmSetInterruptLevel                
0000f5f8  esmTriggerErrorPinReset             
000124ed  exit                                
000125d5  feraiseexcept                       
0000a2c4  fmcBus1ParityCheck                  
0000885c  fmcBus2Check                        
00008898  fmcECCcheck                         
0001266b  frexp                               
0001024c  gioDisableNotification              
000101e4  gioEnableNotification               
0001014c  gioGetBit                           
000102b4  gioGetConfigValue                   
00010174  gioGetPort                          
0000ffec  gioInit                             
00011fc0  gioNotification                     
000100dc  gioSetBit                           
000100bc  gioSetDirection                     
0001012c  gioSetPort                          
0001018c  gioToggleBit                        
00008f58  het1ParityCheck                     
000090c0  het2ParityCheck                     
00009004  htu1ParityCheck                     
000091bc  htu2ParityCheck                     
0001249d  ldexp                               
000123ab  ltoa                                
00010848  main                                
0000be98  mapClocks                           
0001268f  memccpy                             
000120c3  memcpy                              
00008174  memoryInit                          
00011f4c  memoryPort0TestFailNotification     
00011f68  memoryPort1TestFailNotification     
000121fd  memset                              
00009684  mibspi1ParityCheck                  
0000978c  mibspi3ParityCheck                  
000098b0  mibspi5ParityCheck                  
0000ee44  muxInit                             
0000a3ec  pbistFail                           
0000a470  pbistGetConfigValue                 
000085a8  pbistIsTestCompleted                
000085d4  pbistIsTestPassed                   
00008608  pbistPortTestStatus                 
000084ac  pbistRun                            
000082cc  pbistSelfCheck                      
00008578  pbistStop                           
0000be44  periphInit                          
0001270c  phantomInterrupt                    
0000f1c8  pinmuxGetConfigValue                
000032a4  prvMpuDisable                       
0000328c  prvMpuEnable                        
00003274  prvMpuSetRegion                     
080031c8  pubSpeed                            
000036ac  pvPortMalloc                        
080008d0  pxCurrentTCB                        
000032cc  pxPortInitialiseStack               
0001263d  raise                               
00000000  resetEntry                          
080031cc  rxIntMbox1                          
080031d0  rxIntMbox2                          
080031a0  rxMbox1                             
080031a8  rxMbox2                             
080031b0  rx_data                             
080031b8  rx_str_data                         
0000d928  sciDisableLoopback                  
0000d9b4  sciDisableNotification              
0000d8f4  sciEnableLoopback                   
0000d94c  sciEnableNotification               
0000da1c  sciGetConfigValue                   
0000d390  sciInit                             
0000d7a4  sciIsIdleDetected                   
0000d788  sciIsRxReady                        
0000d608  sciIsTxReady                        
00011fd4  sciNotification                     
0000d81c  sciReceive                          
0000d7f0  sciReceiveByte                      
0000d7c0  sciRxError                          
0000d654  sciSend                             
0000d624  sciSendByte                         
0000d584  sciSetBaudrate                      
0000d564  sciSetFunctional                    
0000db74  scilinGetConfigValue                
00008020  selftestFailNotification            
0000be04  setupFlash                          
0000bd5c  setupPLL                            
00012521  signal                              
00012161  snprintf                            
0000c67c  sramGetConfigValue                  
0000a5bc  stcGetConfigValue                   
000081b8  stcSelfCheck                        
00008df8  stcSelfCheckFail                    
000126ab  strchr                              
000126c1  strlen                              
0001259d  strncpy                             
0000c0bc  systemGetConfigValue                
0000bfc0  systemInit                          
0000c08c  systemPowerDown                     
0000c4d0  tcmflashGetConfigValue              
0000bdbc  trimLPO                             
08000900  ulCriticalNesting                   
0000319c  ulPortCountLeadingZeros             
08000904  ulTaskHasFPUContext                 
0000e688  ulTaskNotifyTake                    
000117c8  uxListRemove                        
00002970  uxQueueMessagesWaiting              
000029f4  uxQueueMessagesWaitingFromISR       
000029a8  uxQueueSpacesAvailable              
00000f60  uxTaskGetNumberOfTasks              
00001bbc  uxTaskGetStackHighWaterMark         
00000660  uxTaskPriorityGet                   
000006a4  uxTaskPriorityGetFromISR            
00001c8c  uxTaskResetEventItemValue           
0001161c  vListInitialise                     
00011674  vListInitialiseItem                 
00011704  vListInsert                         
00011690  vListInsertEnd                      
00003678  vPortEndScheduler                   
0000391c  vPortFree                           
00003a34  vPortInitialiseBlocks               
00003190  vPortInitialiseFPSCR                
00003090  vPortPreemptiveTick                 
000031a4  vPortSWI                            
00002e20  vPortStartFirstTask                 
000033e0  vPortStoreTaskMPUSettings           
00002f9c  vPortYeildWithinAPI                 
00002eb0  vPortYieldProcessor                 
00002a24  vQueueDelete                        
0001083c  vTask1                              
000018b4  vTaskAllocateMPURegions             
00000594  vTaskDelay                          
000003fc  vTaskDelayUntil                     
000002bc  vTaskDelete                         
00000d50  vTaskEndScheduler                   
00001784  vTaskMissedYield                    
0000ecdc  vTaskNotifyGiveFromISR              
00001298  vTaskPlaceOnEventList               
00001350  vTaskPlaceOnUnorderedEventList      
000006ec  vTaskPrioritySet                    
00000af0  vTaskResume                         
0000163c  vTaskSetTimeOutState                
00000cbc  vTaskStartScheduler                 
000008e4  vTaskSuspend                        
00000d6c  vTaskSuspendAll                     
000011b4  vTaskSwitchContext                  
0000de38  vimChannelMap                       
0000e034  vimDisableInterrupt                 
0000dedc  vimEnableInterrupt                  
0000e0b8  vimGetConfigValue                   
0000dd64  vimInit                             
00008e00  vimParityCheck                      
00011104  vimParityErrorHandler               
08003190  wheelSpin                           
00003a1c  xPortGetFreeHeapSize                
00003a28  xPortGetMinimumEverFreeHeapSize     
00003654  xPortStartScheduler                 
00001e20  xQueueGenericCreate                 
00002484  xQueueGenericReceive                
00001cf8  xQueueGenericReset                  
00001f28  xQueueGenericSend                   
000021e8  xQueueGenericSendFromISR            
00002370  xQueueGiveFromISR                   
00002d40  xQueueIsQueueEmptyFromISR           
00002dcc  xQueueIsQueueFullFromISR            
0000287c  xQueuePeekFromISR                   
00002744  xQueueReceiveFromISR                
080031d4  xTask1Handle                        
0000167c  xTaskCheckForTimeOut                
00000020  xTaskGenericCreate                  
00001c3c  xTaskGetSchedulerState              
00000f20  xTaskGetTickCount                   
00000f3c  xTaskGetTickCountFromISR            
00000f7c  xTaskIncrementTick                  
0000e95c  xTaskNotify                         
0000eb08  xTaskNotifyFromISR                  
0000e7d8  xTaskNotifyWait                     
0000144c  xTaskRemoveFromEventList            
00001538  xTaskRemoveFromUnorderedEventList   
00000d80  xTaskResumeAll                      
00000bd4  xTaskResumeFromISR                  


GLOBAL SYMBOLS: SORTED BY Symbol Address 

address   name                                
-------   ----                                
00000000  __TI_static_base__                  
00000000  resetEntry                          
00000020  xTaskGenericCreate                  
000002bc  vTaskDelete                         
000003fc  vTaskDelayUntil                     
00000594  vTaskDelay                          
00000660  uxTaskPriorityGet                   
000006a4  uxTaskPriorityGetFromISR            
000006ec  vTaskPrioritySet                    
000008e4  vTaskSuspend                        
00000af0  vTaskResume                         
00000bd4  xTaskResumeFromISR                  
00000cbc  vTaskStartScheduler                 
00000d50  vTaskEndScheduler                   
00000d6c  vTaskSuspendAll                     
00000d80  xTaskResumeAll                      
00000f20  xTaskGetTickCount                   
00000f3c  xTaskGetTickCountFromISR            
00000f60  uxTaskGetNumberOfTasks              
00000f7c  xTaskIncrementTick                  
000011b4  vTaskSwitchContext                  
00001298  vTaskPlaceOnEventList               
00001350  vTaskPlaceOnUnorderedEventList      
0000144c  xTaskRemoveFromEventList            
00001538  xTaskRemoveFromUnorderedEventList   
0000163c  vTaskSetTimeOutState                
0000167c  xTaskCheckForTimeOut                
00001784  vTaskMissedYield                    
000018b4  vTaskAllocateMPURegions             
00001bbc  uxTaskGetStackHighWaterMark         
00001c3c  xTaskGetSchedulerState              
00001c8c  uxTaskResetEventItemValue           
00001cf8  xQueueGenericReset                  
00001e20  xQueueGenericCreate                 
00001f28  xQueueGenericSend                   
000021e8  xQueueGenericSendFromISR            
00002370  xQueueGiveFromISR                   
00002484  xQueueGenericReceive                
00002744  xQueueReceiveFromISR                
0000287c  xQueuePeekFromISR                   
00002970  uxQueueMessagesWaiting              
000029a8  uxQueueSpacesAvailable              
000029f4  uxQueueMessagesWaitingFromISR       
00002a24  vQueueDelete                        
00002d40  xQueueIsQueueEmptyFromISR           
00002dcc  xQueueIsQueueFullFromISR            
00002e20  vPortStartFirstTask                 
00002eb0  vPortYieldProcessor                 
00002f9c  vPortYeildWithinAPI                 
00003090  vPortPreemptiveTick                 
00003190  vPortInitialiseFPSCR                
0000319c  ulPortCountLeadingZeros             
000031a4  vPortSWI                            
00003274  prvMpuSetRegion                     
0000328c  prvMpuEnable                        
000032a4  prvMpuDisable                       
000032cc  pxPortInitialiseStack               
000033e0  vPortStoreTaskMPUSettings           
00003654  xPortStartScheduler                 
00003678  vPortEndScheduler                   
000036ac  pvPortMalloc                        
0000391c  vPortFree                           
00003a1c  xPortGetFreeHeapSize                
00003a28  xPortGetMinimumEverFreeHeapSize     
00003a34  vPortInitialiseBlocks               
00003aac  __TI_Handler_Table_Base             
00003ab8  __TI_Handler_Table_Limit            
00003ac8  __TI_CINIT_Base                     
00003ae8  __TI_CINIT_Limit                    
00008020  selftestFailNotification            
00008030  ccmSelfCheck                        
00008174  memoryInit                          
000081b8  stcSelfCheck                        
00008234  cpuSelfTest                         
000082cc  pbistSelfCheck                      
000084ac  pbistRun                            
00008578  pbistStop                           
000085a8  pbistIsTestCompleted                
000085d4  pbistIsTestPassed                   
00008608  pbistPortTestStatus                 
00008660  efcCheck                            
000086e8  efcStuckZeroTest                    
00008794  efcSelfTest                         
000087bc  checkefcSelfTest                    
0000885c  fmcBus2Check                        
00008898  fmcECCcheck                         
00008938  checkB0RAMECC                       
00008b28  checkB1RAMECC                       
00008d18  checkFlashECC                       
00008df4  custom_dabort                       
00008df8  stcSelfCheckFail                    
00008dfc  cpuSelfTestFail                     
00008e00  vimParityCheck                      
00008eac  dmaParityCheck                      
00008f58  het1ParityCheck                     
00009004  htu1ParityCheck                     
000090c0  het2ParityCheck                     
000091bc  htu2ParityCheck                     
0000926c  adc1ParityCheck                     
00009358  adc2ParityCheck                     
00009410  can1ParityCheck                     
000094e8  can2ParityCheck                     
000095b0  can3ParityCheck                     
00009684  mibspi1ParityCheck                  
0000978c  mibspi3ParityCheck                  
000098b0  mibspi5ParityCheck                  
000099d0  checkRAMECC                         
00009c18  checkClockMonitor                   
00009cf4  checkFlashEEPROMECC                 
00009e8c  checkPLL1Slip                       
00009f8c  checkPLL2Slip                       
0000a050  checkRAMAddrParity                  
0000a15c  checkRAMUERRTest                    
0000a2c4  fmcBus1ParityCheck                  
0000a3ec  pbistFail                           
0000a470  pbistGetConfigValue                 
0000a5bc  stcGetConfigValue                   
0000a660  efcGetConfigValue                   
0000a6fc  ccmr4GetConfigValue                 
0000a76c  errata_PBIST_4                      
0000aad0  enableParity                        
0000ab58  disableParity                       
0000ba57  __TI_printfi                        
0000bd5c  setupPLL                            
0000bdbc  trimLPO                             
0000be04  setupFlash                          
0000be44  periphInit                          
0000be98  mapClocks                           
0000bfc0  systemInit                          
0000c08c  systemPowerDown                     
0000c0bc  systemGetConfigValue                
0000c4d0  tcmflashGetConfigValue              
0000c67c  sramGetConfigValue                  
0000c884  canInit                             
0000c9d0  canTransmit                         
0000cacc  canGetData                          
0000cc24  canGetID                            
0000cc8c  canUpdateID                         
0000cd04  canSendRemoteFrame                  
0000cda4  canFillMessageObjectData            
0000cea0  canIsTxMessagePending               
0000cefc  canIsRxMessageArrived               
0000cf58  canIsMessageBoxValid                
0000cfb4  canGetLastError                     
0000cfd8  canGetErrorLevel                    
0000cffc  canEnableErrorNotification          
0000d01c  canEnableStatusChangeNotification   
0000d03c  canDisableStatusChangeNotification  
0000d05c  canDisableErrorNotification         
0000d07c  canEnableloopback                   
0000d0b4  canDisableloopback                  
0000d0e4  canIoSetDirection                   
0000d134  canIoSetPort                        
0000d184  canIoTxGetBit                       
0000d1a0  canIoRxGetBit                       
0000d1bc  can1GetConfigValue                  
0000d390  sciInit                             
0000d564  sciSetFunctional                    
0000d584  sciSetBaudrate                      
0000d608  sciIsTxReady                        
0000d624  sciSendByte                         
0000d654  sciSend                             
0000d788  sciIsRxReady                        
0000d7a4  sciIsIdleDetected                   
0000d7c0  sciRxError                          
0000d7f0  sciReceiveByte                      
0000d81c  sciReceive                          
0000d8f4  sciEnableLoopback                   
0000d928  sciDisableLoopback                  
0000d94c  sciEnableNotification               
0000d9b4  sciDisableNotification              
0000da1c  sciGetConfigValue                   
0000db74  scilinGetConfigValue                
0000dd64  vimInit                             
0000de38  vimChannelMap                       
0000dedc  vimEnableInterrupt                  
0000e034  vimDisableInterrupt                 
0000e0b8  vimGetConfigValue                   
0000e688  ulTaskNotifyTake                    
0000e7d8  xTaskNotifyWait                     
0000e95c  xTaskNotify                         
0000eb08  xTaskNotifyFromISR                  
0000ecdc  vTaskNotifyGiveFromISR              
0000ee44  muxInit                             
0000f1c8  pinmuxGetConfigValue                
0000f47c  esmInit                             
0000f584  esmError                            
0000f5a0  esmEnableError                      
0000f5cc  esmDisableError                     
0000f5f8  esmTriggerErrorPinReset             
0000f608  esmActivateNormalOperation          
0000f618  esmEnableInterrupt                  
0000f644  esmDisableInterrupt                 
0000f670  esmSetInterruptLevel                
0000f6ec  esmClearStatus                      
0000f738  esmClearStatusBuffer                
0000f754  esmSetCounterPreloadValue           
0000f774  esmGetStatus                        
0000f800  esmGetStatusBuffer                  
0000f838  esmEnterSelfTest                    
0000f8c0  esmSelfTestStatus                   
0000f910  esmGetConfigValue                   
0000fa64  MPU_xTaskGenericCreate              
0000fad8  MPU_vTaskAllocateMPURegions         
0000fb0c  MPU_vTaskDelete                     
0000fb38  MPU_vTaskDelayUntil                 
0000fb6c  MPU_vTaskDelay                      
0000fb98  MPU_uxTaskPriorityGet               
0000fbcc  MPU_vTaskPrioritySet                
0000fc00  MPU_vTaskSuspend                    
0000fc2c  MPU_vTaskResume                     
0000fc58  MPU_vTaskSuspendAll                 
0000fc7c  MPU_xTaskResumeAll                  
0000fca8  MPU_xTaskGetTickCount               
0000fcd4  MPU_uxTaskGetNumberOfTasks          
0000fd00  MPU_uxTaskGetStackHighWaterMark     
0000fd34  MPU_xTaskGetSchedulerState          
0000fd60  MPU_xQueueGenericCreate             
0000fdac  MPU_xQueueGenericSend               
0000fe00  MPU_uxQueueMessagesWaiting          
0000fe34  MPU_xQueueGenericReceive            
0000fe88  MPU_vQueueDelete                    
0000feb4  MPU_xQueueGenericReset              
0000fef8  MPU_xQueuePeekFromISR               
0000ff3c  MPU_pvPortMalloc                    
0000ff70  MPU_vPortFree                       
0000ff9c  MPU_vPortInitialiseBlocks           
0000ffc0  MPU_xPortGetFreeHeapSize            
0000ffec  gioInit                             
000100bc  gioSetDirection                     
000100dc  gioSetBit                           
0001012c  gioSetPort                          
0001014c  gioGetBit                           
00010174  gioGetPort                          
0001018c  gioToggleBit                        
000101e4  gioEnableNotification               
0001024c  gioDisableNotification              
000102b4  gioGetConfigValue                   
00010470  _coreInitRegisters_                 
0001057c  _coreInitStackPointer_              
000105c8  _getCPSRValue_                      
000105d0  _gotoCPUIdle_                       
000105e8  _coreEnableVfp_                     
00010608  _coreEnableEventBusExport_          
00010620  _coreDisableEventBusExport_         
00010638  _coreEnableRamEcc_                  
00010650  _coreDisableRamEcc_                 
00010668  _coreEnableFlashEcc_                
00010684  _coreDisableFlashEcc_               
0001069c  _coreEnableIrqVicOffset_            
000106b4  _coreGetDataFault_                  
000106bc  _coreClearDataFault_                
000106d0  _coreGetInstructionFault_           
000106d8  _coreClearInstructionFault_         
000106ec  _coreGetDataFaultAddress_           
000106f4  _coreClearDataFaultAddress_         
00010708  _coreGetInstructionFaultAddress_    
00010710  _coreClearInstructionFaultAddress_  
00010724  _coreGetAuxiliaryDataFault_         
0001072c  _coreClearAuxiliaryDataFault_       
00010740  _coreGetAuxiliaryInstructionFault_  
00010748  _coreClearAuxiliaryInstructionFault_
0001075c  _disable_interrupt_                 
00010764  _disable_FIQ_interrupt_             
0001076c  _disable_IRQ_interrupt_             
00010774  _enable_interrupt_                  
0001077c  _esmCcmErrorsClear_                 
00010804  _errata_CORTEXR4_57_                
0001081c  _errata_CORTEXR4_66_                
00010834  __TI_PINIT_Base                     
00010838  __TI_PINIT_Limit                    
0001083c  vTask1                              
00010848  main                                
000108b0  canMessageNotification              
00010a84  calculateSteerSensitivity           
00010ac0  calculateWheelSlip                  
00010bb4  __aeabi_uldivmod                    
00010e6c  _c_int00                            
00011104  vimParityErrorHandler               
0001161c  vListInitialise                     
00011674  vListInitialiseItem                 
00011690  vListInsertEnd                      
00011704  vListInsert                         
000117c8  uxListRemove                        
00011a09  _Dscale                             
00011b20  esmHighInterrupt                    
00011c34  _pmuInit_                           
00011c88  _pmuEnableCountersGlobal_           
00011ca0  _pmuDisableCountersGlobal_          
00011cb8  _pmuResetCycleCounter_              
00011cd0  _pmuResetEventCounters_             
00011ce8  _pmuResetCounters_                  
00011d00  _pmuStartCounters_                  
00011d08  _pmuStopCounters_                   
00011d10  _pmuSetCountEvent_                  
00011d1c  _pmuGetCycleCount_                  
00011d24  _pmuGetEventCount_                  
00011d30  _pmuGetOverflow_                    
00011d44  can1HighLevelInterrupt              
00011e44  _dabort                             
00011f2c  esmGroup1Notification               
00011f3c  esmGroup2Notification               
00011f4c  memoryPort0TestFailNotification     
00011f68  memoryPort1TestFailNotification     
00011f84  canErrorNotification                
00011f98  canStatusChangeNotification         
00011fc0  gioNotification                     
00011fd4  sciNotification                     
00011fe8  dmaGroupANotification               
00011ffd  _Dnorm                              
000120c3  __aeabi_memcpy                      
000120c3  __aeabi_memcpy4                     
000120c3  __aeabi_memcpy8                     
000120c3  memcpy                              
00012161  snprintf                            
000121f5  __aeabi_memclr                      
000121f5  __aeabi_memclr4                     
000121f5  __aeabi_memclr8                     
000121f7  __aeabi_memset                      
000121f7  __aeabi_memset4                     
000121f7  __aeabi_memset8                     
000121fd  memset                              
00012271  __TI_auto_init                      
00012347  _Dunscale                           
000123ab  ltoa                                
00012401  atoi                                
00012451  copy_in                             
0001249d  ldexp                               
000124e1  C$$EXIT                             
000124e5  abort                               
000124ed  exit                                
00012521  signal                              
00012561  _Dclass                             
0001259d  strncpy                             
000125d5  feraiseexcept                       
00012609  _Feraise                            
0001263d  raise                               
0001266b  frexp                               
0001268f  memccpy                             
000126ab  strchr                              
000126c1  strlen                              
000126d9  _register_unlock                    
000126df  _register_lock                      
000126e7  _nop                                
000126ed  __TI_decompress_none                
000126fb  __TI_zero_init                      
00012707  __TI_decompress_rle24               
0001270c  phantomInterrupt                    
00012890  _ctypes_                            
080008d0  pxCurrentTCB                        
08000900  ulCriticalNesting                   
08000904  ulTaskHasFPUContext                 
080030b0  _Denorm                             
080030c0  _Eps                                
080030d0  _Hugeval                            
080030e0  _Inf                                
080030f0  _Nan                                
08003100  _Snan                               
08003110  _Rteps                              
08003120  _Xbig                               
08003128  _Zero                               
0800314c  _lock                               
08003150  _unlock                             
08003154  __TI_cleanup_ptr                    
08003158  __TI_dtors_ptr                      
0800315c  _Fenv                               
08003160  _Tls_setup__Fenv                    
08003164  _Errno                              
08003190  wheelSpin                           
080031a0  rxMbox1                             
080031a8  rxMbox2                             
080031b0  rx_data                             
080031b8  rx_str_data                         
080031c8  pubSpeed                            
080031cc  rxIntMbox1                          
080031d0  rxIntMbox2                          
080031d4  xTask1Handle                        
ffffffff  __binit__                           
ffffffff  __c_args__                          
ffffffff  binit                               
UNDEFED   SHT$$INIT_ARRAY$$Base               
UNDEFED   SHT$$INIT_ARRAY$$Limit              

[382 symbols]
