******************************************************************************
                  TI ARM Linker PC v15.12.3                    
******************************************************************************
>> Linked Wed Aug 15 19:22:12 2018

OUTPUT FILE NAME:   <free_rtos_matlab.out>
ENTRY POINT SYMBOL: "_c_int00"  address: 000131cc


MEMORY CONFIGURATION

         name            origin    length      used     unused   attr    fill
----------------------  --------  ---------  --------  --------  ----  --------
  VECTORS               00000000   00000020  00000020  00000000     X
  KERNEL                00000020   00008000  00003f2c  000040d4  R  X
  FLASH0                00008020   00177fe0  0000c9ec  0016b5f4  R  X
  FLASH1                00180000   00180000  00000000  00180000  R  X
  STACKS                08000000   00000800  00000000  00000800  RW  
  KRAM                  08000800   00000800  0000016c  00000694  RW  
  RAM                   08001000   0003f000  00002114  0003ceec  RW  


SEGMENT ALLOCATION MAP

run origin  load origin   length   init length attrs members
----------  ----------- ---------- ----------- ----- -------
00000000    00000000    00003f4c   00003f4c    r-x
  00000000    00000000    00000020   00000020    r-x .intvecs
  00000020    00000020    00003ea8   00003ea8    r-x .kernelTEXT
  00003ec8    00003ec8    00000084   00000084    r-- .cinit
00008020    00008020    0000c9ec   0000c9ec    r-x
  00008020    00008020    0000c744   0000c744    r-x .text
  00014764    00014764    000002a8   000002a8    r-- .const
08000800    08000800    0000016c   00000000    rw-
  08000800    08000800    0000016c   00000000    rw- .kernelBSS
08001000    08001000    00002114   00000000    rw-
  08001000    08001000    00002000   00000000    rw- .kernelHEAP
  08003000    08003000    000000a8   00000000    rw- .bss
  080030a8    080030a8    0000006c   00000000    rw- .data


SECTION ALLOCATION MAP

 output                                  attributes/
section   page    origin      length       input sections
--------  ----  ----------  ----------   ----------------
.intvecs   0    00000000    00000020     
                  00000000    00000020     sys_intvecs.obj (.intvecs)

.kernelTEXT 
*          0    00000020    00003ea8     
                  00000020    000020f4     os_tasks.obj (.kernelTEXT)
                  00002114    00001180     os_queue.obj (.kernelTEXT)
                  00003294    000004b0     os_portasm.obj (.kernelTEXT)
                  00003744    000003e0     os_port.obj (.kernelTEXT)
                  00003b24    000003a4     os_heap.obj (.kernelTEXT)

.cinit     0    00003ec8    00000084     
                  00003ec8    00000028     (.cinit..data.load) [load image, compression = rle]
                  00003ef0    00000016     (.cinit..kernelBSS.load) [load image, compression = rle]
                  00003f06    00000002     --HOLE-- [fill = 0]
                  00003f08    0000000b     (.cinit..kernelHEAP.load) [load image, compression = rle]
                  00003f13    00000005     --HOLE-- [fill = 0]
                  00003f18    00000009     (.cinit..bss.load) [load image, compression = rle]
                  00003f21    00000003     --HOLE-- [fill = 0]
                  00003f24    00000008     (__TI_handler_table)
                  00003f2c    00000020     (__TI_cinit_table)

.text      0    00008020    0000c744     
                  00008020    00002cdc     sys_selftest.obj (.text)
                  0000acfc    000019fc     sys_main.obj (.text)
                  0000c6f8    000011c0     can.obj (.text)
                  0000d8b8    00001098     rtsv7R4_T_be_v3D16_eabi.lib : _printfi.obj (.text)
                  0000e950    00000b28     system.obj (.text)
                  0000f478    00000ad0     os_tasks.obj (.text)
                  0000ff48    000009d4     sci.obj (.text)
                  0001091c    0000089c     sys_vim.obj (.text)
                  000111b8    00000638     pinmux.obj (.text)
                  000117f0    000005e8     esm.obj (.text)
                  00011dd8    000005b4     os_mpu_wrappers.obj (.text)
                  0001238c    00000484     gio.obj (.text)
                  00012810    000003cc     sys_core.obj (.text)
                  00012bdc    00000338     can.obj (.text:retain)
                  00012f14    000002b8     rtsv7R4_T_be_v3D16_eabi.lib : ull_div32.obj (.text)
                  000131cc    00000298     sys_startup.obj (.text:retain)
                  00013464    00000294     sys_vim.obj (.text:retain)
                  000136f8    00000284     os_heap.obj (.text)
                  0001397c    00000238     os_list.obj (.text)
                  00013bb4    000001b4     os_port.obj (.text)
                  00013d68    00000114     esm.obj (.text:retain)
                  00013e7c    00000110     sys_pmu.obj (.text)
                  00013f8c    000000f4     rtsv7R4_T_be_v3D16_eabi.lib : s_scalbn.obj (.text)
                  00014080    000000e8     dabort.obj (.text)
                  00014168    000000d0     notification.obj (.text)
                  00014238    0000009c     rtsv7R4_T_be_v3D16_eabi.lib : memcpy_t2.obj (.text)
                  000142d4    0000007a                                 : memset_t2.obj (.text)
                  0001434e    00000002                                 : i_div0.obj (.text)
                  00014350    00000074                                 : s_frexp.obj (.text)
                  000143c4    00000070                                 : autoinit.obj (.text)
                  00014434    0000006a                                 : copy_decompress_rle.obj (.text)
                  0001449e    00000002                                 : startup.obj (.text)
                  000144a0    00000064                                 : sprintf.obj (.text)
                  00014504    00000056                                 : ltoa.obj (.text)
                  0001455a    00000002     --HOLE-- [fill = 0]
                  0001455c    00000050                                 : atoi.obj (.text)
                  000145ac    00000050                                 : exit.obj (.text)
                  000145fc    00000050                                 : u_div32.obj (.text)
                  0001464c    0000004c                                 : cpy_tbl.obj (.text)
                  00014698    0000002c                                 : e_sqrt.obj (.text)
                  000146c4    0000001c                                 : memccpy.obj (.text)
                  000146e0    00000018                                 : s_copysign.obj (.text)
                  000146f8    00000016                                 : strchr.obj (.text)
                  0001470e    00000016                                 : strlen.obj (.text)
                  00014724    00000014                                 : _lock.obj (.text)
                  00014738    00000014                                 : strcpy.obj (.text)
                  0001474c    0000000e                                 : copy_decompress_none.obj (.text:decompress:none)
                  0001475a    00000006                                 : copy_decompress_rle.obj (.text:decompress:rle24)
                  00014760    00000004     sys_phantom.obj (.text:retain)

.const     0    00014764    000002a8     
                  00014764    00000180     sys_vim.obj (.const:s_vim_init)
                  000148e4    00000101     rtsv7R4_T_be_v3D16_eabi.lib : ctype.obj (.const:.string:_ctypes_)
                  000149e5    00000003     --HOLE-- [fill = 0]
                  000149e8    00000020     can.obj (.const:s_canByteOrder)
                  00014a08    00000004     os_heap.obj (.const)

.kernelBSS 
*          0    08000800    0000016c     UNINITIALIZED
                  08000800    00000134     os_tasks.obj (.kernelBSS:uninit)
                  08000934    00000030     os_tasks.obj (.kernelBSS:init)
                  08000964    00000008     os_port.obj (.kernelBSS)

.kernelHEAP 
*          0    08001000    00002000     UNINITIALIZED
                  08001000    00002000     os_heap.obj (.kernelHEAP)

.bss       0    08003000    000000a8     UNINITIALIZED
                  08003000    00000038     sys_main.obj (.bss)
                  08003038    00000028     sci.obj (.bss:g_sciTransfer_t)
                  08003060    0000000c     sys_main.obj (.bss:lead_pos)
                  0800306c    00000008     os_heap.obj (.bss:xStart)
                  08003074    00000008     (.common:rx_data)
                  0800307c    00000004     (.common:CATcb)
                  08003080    00000004     (.common:accSem)
                  08003084    00000004     (.common:canIntRxSem)
                  08003088    00000004     (.common:canTaskTcb)
                  0800308c    00000004     (.common:cruiseControlSem)
                  08003090    00000004     (.common:cruiseControlTaskTcb)
                  08003094    00000004     (.common:currentTime)
                  08003098    00000004     (.common:mailBox)
                  0800309c    00000004     (.common:prevTime)
                  080030a0    00000004     (.common:steerTaskTcb)
                  080030a4    00000004     (.common:timeStep)

.data      0    080030a8    0000006c     UNINITIALIZED
                  080030a8    00000038     sys_main.obj (.data)
                  080030e0    00000010     os_heap.obj (.data)
                  080030f0    0000000c     rtsv7R4_T_be_v3D16_eabi.lib : exit.obj (.data:$O1$$)
                  080030fc    0000000c     sys_main.obj (.data:fol_pos)
                  08003108    00000008     rtsv7R4_T_be_v3D16_eabi.lib : _lock.obj (.data:$O1$$)
                  08003110    00000004                                 : errno.obj (.data)

MODULE SUMMARY

       Module                     code    ro data   rw data
       ------                     ----    -------   -------
    .\source\
       os_tasks.obj               11204   0         356    
       sys_selftest.obj           11484   0         0      
       os_heap.obj                1576    4         8216   
       sys_main.obj               6652    0         188    
       can.obj                    5368    32        0      
       os_queue.obj               4480    0         0      
       sys_vim.obj                2864    384       0      
       system.obj                 2856    0         0      
       sci.obj                    2516    0         40     
       esm.obj                    1788    0         0      
       pinmux.obj                 1592    0         0      
       os_mpu_wrappers.obj        1460    0         0      
       os_port.obj                1428    0         8      
       os_portasm.obj             1200    0         0      
       gio.obj                    1156    0         0      
       sys_core.obj               972     0         0      
       sys_startup.obj            664     0         0      
       os_list.obj                568     0         0      
       sys_pmu.obj                272     0         0      
       dabort.obj                 232     0         0      
       notification.obj           208     0         0      
       sys_intvecs.obj            32      0         0      
       sys_phantom.obj            4       0         0      
    +--+--------------------------+-------+---------+---------+
       Total:                     60576   420       8808   
                                                           
    C:/ti/ccsv6/tools/compiler/arm_15.12.3.LTS/lib/rtsv7R4_T_be_v3D16_eabi.lib
       _printfi.obj               4248    0         0      
       ull_div32.obj              696     0         0      
       ctype.obj                  0       257       0      
       s_scalbn.obj               244     0         0      
       memcpy_t2.obj              156     0         0      
       memset_t2.obj              122     0         0      
       s_frexp.obj                116     0         0      
       autoinit.obj               112     0         0      
       copy_decompress_rle.obj    112     0         0      
       sprintf.obj                100     0         0      
       exit.obj                   80      0         12     
       ltoa.obj                   86      0         0      
       atoi.obj                   80      0         0      
       u_div32.obj                80      0         0      
       cpy_tbl.obj                76      0         0      
       e_sqrt.obj                 44      0         0      
       _lock.obj                  20      0         8      
       memccpy.obj                28      0         0      
       s_copysign.obj             24      0         0      
       strchr.obj                 22      0         0      
       strlen.obj                 22      0         0      
       strcpy.obj                 20      0         0      
       copy_decompress_none.obj   14      0         0      
       errno.obj                  0       0         4      
       i_div0.obj                 2       0         0      
       startup.obj                2       0         0      
    +--+--------------------------+-------+---------+---------+
       Total:                     6506    257       24     
                                                           
       Linker Generated:          0       122       0      
    +--+--------------------------+-------+---------+---------+
       Grand Total:               67082   799       8832   


LINKER GENERATED COPY TABLES

__TI_cinit_table @ 00003f2c records: 4, size/record: 8, table size: 32
	.data: load addr=00003ec8, load size=00000028 bytes, run addr=080030a8, run size=0000006c bytes, compression=rle
	.kernelBSS: load addr=00003ef0, load size=00000016 bytes, run addr=08000800, run size=0000016c bytes, compression=rle
	.kernelHEAP: load addr=00003f08, load size=0000000b bytes, run addr=08001000, run size=00002000 bytes, compression=rle
	.bss: load addr=00003f18, load size=00000009 bytes, run addr=08003000, run size=000000a8 bytes, compression=rle


LINKER GENERATED HANDLER TABLE

__TI_handler_table @ 00003f24 records: 2, size/record: 4, table size: 8
	index: 0, handler: __TI_decompress_rle24
	index: 1, handler: __TI_decompress_none


GLOBAL SYMBOLS: SORTED ALPHABETICALLY BY Name 

address   name                                
-------   ----                                
000145ad  C$$EXIT                             
0000b73c  CATask                              
0800307c  CATcb                               
080030b8  ISA                                 
000122dc  MPU_pvPortMalloc                    
000121a0  MPU_uxQueueMessagesWaiting          
00012048  MPU_uxTaskGetNumberOfTasks          
000120a0  MPU_uxTaskGetStackHighWaterMark     
00011f0c  MPU_uxTaskPriorityGet               
00012310  MPU_vPortFree                       
0001233c  MPU_vPortInitialiseBlocks           
00012228  MPU_vQueueDelete                    
00011e4c  MPU_vTaskAllocateMPURegions         
00011ee0  MPU_vTaskDelay                      
00011eac  MPU_vTaskDelayUntil                 
00011e80  MPU_vTaskDelete                     
00012074  MPU_vTaskList                       
00011f40  MPU_vTaskPrioritySet                
00011fa0  MPU_vTaskResume                     
00011f74  MPU_vTaskSuspend                    
00011fcc  MPU_vTaskSuspendAll                 
00012360  MPU_xPortGetFreeHeapSize            
00012100  MPU_xQueueGenericCreate             
000121d4  MPU_xQueueGenericReceive            
00012254  MPU_xQueueGenericReset              
0001214c  MPU_xQueueGenericSend               
00012298  MPU_xQueuePeekFromISR               
00011dd8  MPU_xTaskGenericCreate              
000120d4  MPU_xTaskGetSchedulerState          
0001201c  MPU_xTaskGetTickCount               
00011ff0  MPU_xTaskResumeAll                  
080030b4  ONOFF                               
080030b0  PID                                 
UNDEFED   SHT$$INIT_ARRAY$$Base               
UNDEFED   SHT$$INIT_ARRAY$$Limit              
00003f2c  __TI_CINIT_Base                     
00003f4c  __TI_CINIT_Limit                    
00003f24  __TI_Handler_Table_Base             
00003f2c  __TI_Handler_Table_Limit            
00012bd4  __TI_PINIT_Base                     
00012bd8  __TI_PINIT_Limit                    
000143c5  __TI_auto_init                      
080030f0  __TI_cleanup_ptr                    
0001474d  __TI_decompress_none                
0001475b  __TI_decompress_rle24               
080030f4  __TI_dtors_ptr                      
080030f8  __TI_enable_exit_profile_output     
ffffffff  __TI_pprof_out_hndl                 
0000e64b  __TI_printfi                        
ffffffff  __TI_prof_data_size                 
ffffffff  __TI_prof_data_start                
00000000  __TI_static_base__                  
0001434f  __aeabi_idiv0                       
000142d5  __aeabi_memclr                      
000142d5  __aeabi_memclr4                     
000142d5  __aeabi_memclr8                     
00014239  __aeabi_memcpy                      
00014239  __aeabi_memcpy4                     
00014239  __aeabi_memcpy8                     
000142d7  __aeabi_memset                      
000142d7  __aeabi_memset4                     
000142d7  __aeabi_memset8                     
000145fc  __aeabi_uidiv                       
000145fc  __aeabi_uidivmod                    
00012f14  __aeabi_uldivmod                    
ffffffff  __binit__                           
ffffffff  __c_args__                          
000131cc  _c_int00                            
00012acc  _coreClearAuxiliaryDataFault_       
00012ae8  _coreClearAuxiliaryInstructionFault_
00012a94  _coreClearDataFaultAddress_         
00012a5c  _coreClearDataFault_                
00012ab0  _coreClearInstructionFaultAddress_  
00012a78  _coreClearInstructionFault_         
000129c0  _coreDisableEventBusExport_         
00012a24  _coreDisableFlashEcc_               
000129f0  _coreDisableRamEcc_                 
000129a8  _coreEnableEventBusExport_          
00012a08  _coreEnableFlashEcc_                
00012a3c  _coreEnableIrqVicOffset_            
000129d8  _coreEnableRamEcc_                  
00012988  _coreEnableVfp_                     
00012ac4  _coreGetAuxiliaryDataFault_         
00012ae0  _coreGetAuxiliaryInstructionFault_  
00012a8c  _coreGetDataFaultAddress_           
00012a54  _coreGetDataFault_                  
00012aa8  _coreGetInstructionFaultAddress_    
00012a70  _coreGetInstructionFault_           
00012810  _coreInitRegisters_                 
0001291c  _coreInitStackPointer_              
000148e4  _ctypes_                            
00014080  _dabort                             
00012b04  _disable_FIQ_interrupt_             
00012b0c  _disable_IRQ_interrupt_             
00012afc  _disable_interrupt_                 
00012b14  _enable_interrupt_                  
00012ba4  _errata_CORTEXR4_57_                
00012bbc  _errata_CORTEXR4_66_                
00012b1c  _esmCcmErrorsClear_                 
00012968  _getCPSRValue_                      
00012970  _gotoCPUIdle_                       
08003108  _lock                               
00014733  _nop                                
00013ee8  _pmuDisableCountersGlobal_          
00013ed0  _pmuEnableCountersGlobal_           
00013f64  _pmuGetCycleCount_                  
00013f6c  _pmuGetEventCount_                  
00013f78  _pmuGetOverflow_                    
00013e7c  _pmuInit_                           
00013f30  _pmuResetCounters_                  
00013f00  _pmuResetCycleCounter_              
00013f18  _pmuResetEventCounters_             
00013f58  _pmuSetCountEvent_                  
00013f48  _pmuStartCounters_                  
00013f50  _pmuStopCounters_                   
0001472b  _register_lock                      
00014725  _register_unlock                    
0001449f  _system_post_cinit                  
0800310c  _unlock                             
000145b1  abort                               
08003080  accSem                              
0000bf58  accelerationControl                 
0000c234  accelerationControlVeh              
0000bcb8  accelerationDemand                  
0000926c  adc1ParityCheck                     
00009358  adc2ParityCheck                     
0001455d  atoi                                
ffffffff  binit                               
0000bbc0  calculateEuclidianDistance          
0000d508  can1GetConfigValue                  
00012bdc  can1HighLevelInterrupt              
00012cc4  can1LowLevelInterrupt               
00009410  can1ParityCheck                     
0000d6b8  can2GetConfigValue                  
00012d60  can2HighLevelInterrupt              
00012e48  can2LowLevelInterrupt               
000094e8  can2ParityCheck                     
000095b0  can3ParityCheck                     
0000d3a8  canDisableErrorNotification         
0000d388  canDisableStatusChangeNotification  
0000d400  canDisableloopback                  
0000d348  canEnableErrorNotification          
0000d368  canEnableStatusChangeNotification   
0000d3c8  canEnableloopback                   
000141c0  canErrorNotification                
0000d0f0  canFillMessageObjectData            
0000ce18  canGetData                          
0000d324  canGetErrorLevel                    
0000cf70  canGetID                            
0000d300  canGetLastError                     
0000c6f8  canInit                             
08003084  canIntRxSem                         
0000d4ec  canIoRxGetBit                       
0000d430  canIoSetDirection                   
0000d480  canIoSetPort                        
0000d4d0  canIoTxGetBit                       
0000d2a4  canIsMessageBoxValid                
0000d248  canIsRxMessageArrived               
0000d1ec  canIsTxMessagePending               
0000ba60  canMessageNotification              
0000d050  canSendRemoteFrame                  
000141d4  canStatusChangeNotification         
0000ad24  canTask                             
08003088  canTaskTcb                          
0000cd1c  canTransmit                         
0000cfd8  canUpdateID                         
00008030  ccmSelfCheck                        
0000a6fc  ccmr4GetConfigValue                 
00008938  checkB0RAMECC                       
00008b28  checkB1RAMECC                       
00009c18  checkClockMonitor                   
00008d18  checkFlashECC                       
00009cf4  checkFlashEEPROMECC                 
00009e8c  checkPLL1Slip                       
00009f8c  checkPLL2Slip                       
0000a050  checkRAMAddrParity                  
000099d0  checkRAMECC                         
0000a15c  checkRAMUERRTest                    
000087bc  checkefcSelfTest                    
0001464d  copy_in                             
000146e1  copysign                            
000146e1  copysignl                           
00008234  cpuSelfTest                         
00008dfc  cpuSelfTestFail                     
0800308c  cruiseControlSem                    
0000b7a8  cruiseControlTask                   
08003090  cruiseControlTaskTcb                
08003094  currentTime                         
00008df4  custom_dabort                       
0000ab58  disableParity                       
00014224  dmaGroupANotification               
00008eac  dmaParityCheck                      
00008660  efcCheck                            
0000a660  efcGetConfigValue                   
00008794  efcSelfTest                         
000086e8  efcStuckZeroTest                    
0000aad0  enableParity                        
0000a76c  errata_PBIST_4                      
08003110  errno                               
0001197c  esmActivateNormalOperation          
00011a60  esmClearStatus                      
00011aac  esmClearStatusBuffer                
00011940  esmDisableError                     
000119b8  esmDisableInterrupt                 
00011914  esmEnableError                      
0001198c  esmEnableInterrupt                  
00011bac  esmEnterSelfTest                    
000118f8  esmError                            
00011c84  esmGetConfigValue                   
00011ae8  esmGetStatus                        
00011b74  esmGetStatusBuffer                  
00014168  esmGroup1Notification               
00014178  esmGroup2Notification               
00013d68  esmHighInterrupt                    
000117f0  esmInit                             
00011c34  esmSelfTestStatus                   
00011ac8  esmSetCounterPreloadValue           
000119e4  esmSetInterruptLevel                
0001196c  esmTriggerErrorPinReset             
000145b9  exit                                
0000a2c4  fmcBus1ParityCheck                  
0000885c  fmcBus2Check                        
00008898  fmcECCcheck                         
080030bc  foltravelledDistance                
00014351  frexp                               
00014351  frexpl                              
0000ad18  getProfilerTimerCount               
000125ec  gioDisableNotification              
00012584  gioEnableNotification               
000124ec  gioGetBit                           
00012654  gioGetConfigValue                   
00012514  gioGetPort                          
0001238c  gioInit                             
000141fc  gioNotification                     
0001247c  gioSetBit                           
0001245c  gioSetDirection                     
000124cc  gioSetPort                          
0001252c  gioToggleBit                        
00008f58  het1ParityCheck                     
000090c0  het2ParityCheck                     
00009004  htu1ParityCheck                     
000091bc  htu2ParityCheck                     
0000acfc  initializeProfiler                  
0000c4f4  int_simpson                         
080030ac  intindexreg                         
080030a8  intvectreg                          
00013f8d  ldexp                               
00013f8d  ldexpl                              
00014505  ltoa                                
08003098  mailBox                             
0000b898  main                                
0000ea8c  mapClocks                           
0000baa4  max                                 
000146c5  memccpy                             
00014239  memcpy                              
00008174  memoryInit                          
00014188  memoryPort0TestFailNotification     
000141a4  memoryPort1TestFailNotification     
000142dd  memset                              
00009684  mibspi1ParityCheck                  
0000978c  mibspi3ParityCheck                  
000098b0  mibspi5ParityCheck                  
0000baf8  min                                 
000111b8  muxInit                             
0000bc70  numericalDerivativeDist             
0000be00  numericalDerivativeKD               
0000bd6c  numericalDerivativeKP               
0000a3ec  pbistFail                           
0000a470  pbistGetConfigValue                 
000085a8  pbistIsTestCompleted                
000085d4  pbistIsTestPassed                   
00008608  pbistPortTestStatus                 
000084ac  pbistRun                            
000082cc  pbistSelfCheck                      
00008578  pbistStop                           
0000ea38  periphInit                          
00014760  phantomInterrupt                    
0001153c  pinmuxGetConfigValue                
0800309c  prevTime                            
0000371c  prvMpuDisable                       
00003704  prvMpuEnable                        
000036ec  prvMpuSetRegion                     
00003b24  pvPortMalloc                        
08000934  pxCurrentTCB                        
00003744  pxPortInitialiseStack               
00000000  resetEntry                          
08003074  rx_data                             
00013f8d  scalbn                              
00013f8d  scalbnl                             
000104e0  sciDisableLoopback                  
0001056c  sciDisableNotification              
000104ac  sciEnableLoopback                   
00010504  sciEnableNotification               
000105d4  sciGetConfigValue                   
0000ff48  sciInit                             
0001035c  sciIsIdleDetected                   
00010340  sciIsRxReady                        
000101c0  sciIsTxReady                        
00014210  sciNotification                     
000103d4  sciReceive                          
000103a8  sciReceiveByte                      
00010378  sciRxError                          
0001020c  sciSend                             
000101dc  sciSendByte                         
0001013c  sciSetBaudrate                      
0001011c  sciSetFunctional                    
0001072c  scilinGetConfigValue                
00008020  selftestFailNotification            
0000bb4c  send_float                          
0000e9f8  setupFlash                          
0000e950  setupPLL                            
000144a1  sprintf                             
00014699  sqrt                                
00014699  sqrtl                               
0000f270  sramGetConfigValue                  
0000a5bc  stcGetConfigValue                   
000081b8  stcSelfCheck                        
00008df8  stcSelfCheckFail                    
0000b764  steerTask                           
080030a0  steerTaskTcb                        
0000be48  steering                            
000146f9  strchr                              
00014739  strcpy                              
0001470f  strlen                              
0000ecb0  systemGetConfigValue                
0000ebb4  systemInit                          
0000ec80  systemPowerDown                     
0000f0c4  tcmflashGetConfigValue              
080030a4  timeStep                            
0000e9b0  trimLPO                             
00002eb4  ucQueueGetQueueType                 
08000964  ulCriticalNesting                   
00003614  ulPortCountLeadingZeros             
08000968  ulTaskHasFPUContext                 
0000f774  ulTaskNotifyTake                    
00013b28  uxListRemove                        
00002e7c  uxQueueGetQueueNumber               
00002d98  uxQueueMessagesWaiting              
00002e1c  uxQueueMessagesWaitingFromISR       
00002dd0  uxQueueSpacesAvailable              
00000f80  uxTaskGetNumberOfTasks              
00001e38  uxTaskGetStackHighWaterMark         
0000f478  uxTaskGetSystemState                
000017b4  uxTaskGetTaskNumber                 
00000680  uxTaskPriorityGet                   
000006c4  uxTaskPriorityGetFromISR            
000020a8  uxTaskResetEventItemValue           
0001397c  vListInitialise                     
000139d4  vListInitialiseItem                 
00013a64  vListInsert                         
000139f0  vListInsertEnd                      
00003af0  vPortEndScheduler                   
00003d94  vPortFree                           
00003eac  vPortInitialiseBlocks               
00003608  vPortInitialiseFPSCR                
00003508  vPortPreemptiveTick                 
0000361c  vPortSWI                            
00003298  vPortStartFirstTask                 
00003858  vPortStoreTaskMPUSettings           
00003414  vPortYeildWithinAPI                 
00003328  vPortYieldProcessor                 
00002e4c  vQueueDelete                        
00002e94  vQueueSetQueueNumber                
00001948  vTaskAllocateMPURegions             
000005b4  vTaskDelay                          
0000040c  vTaskDelayUntil                     
000002cc  vTaskDelete                         
00000d70  vTaskEndScheduler                   
0000f6ac  vTaskGetRunTimeStatsModified        
00001f1c  vTaskList                           
000017a4  vTaskMissedYield                    
0000fdc8  vTaskNotifyGiveFromISR              
000012bc  vTaskPlaceOnEventList               
00001370  vTaskPlaceOnUnorderedEventList      
0000070c  vTaskPrioritySet                    
00000b10  vTaskResume                         
000017f4  vTaskSetTaskNumber                  
0000165c  vTaskSetTimeOutState                
00000cdc  vTaskStartScheduler                 
00000904  vTaskSuspend                        
00000d8c  vTaskSuspendAll                     
000011d4  vTaskSwitchContext                  
000109f0  vimChannelMap                       
00010bec  vimDisableInterrupt                 
00010a94  vimEnableInterrupt                  
00010c70  vimGetConfigValue                   
0001091c  vimInit                             
00008e00  vimParityCheck                      
00013464  vimParityErrorHandler               
00003e94  xPortGetFreeHeapSize                
00003ea0  xPortGetMinimumEverFreeHeapSize     
00003acc  xPortStartScheduler                 
0000223c  xQueueGenericCreate                 
000028ac  xQueueGenericReceive                
00002114  xQueueGenericReset                  
00002350  xQueueGenericSend                   
00002610  xQueueGenericSendFromISR            
00002798  xQueueGiveFromISR                   
000031b8  xQueueIsQueueEmptyFromISR           
00003244  xQueueIsQueueFullFromISR            
00002ca4  xQueuePeekFromISR                   
00002b6c  xQueueReceiveFromISR                
0000169c  xTaskCheckForTimeOut                
00000020  xTaskGenericCreate                  
00001ebc  xTaskGetSchedulerState              
00000f40  xTaskGetTickCount                   
00000f5c  xTaskGetTickCountFromISR            
00000fa0  xTaskIncrementTick                  
0000fa48  xTaskNotify                         
0000fbf4  xTaskNotifyFromISR                  
0000f8c4  xTaskNotifyWait                     
0000146c  xTaskRemoveFromEventList            
00001558  xTaskRemoveFromUnorderedEventList   
00000da0  xTaskResumeAll                      
00000bf4  xTaskResumeFromISR                  


GLOBAL SYMBOLS: SORTED BY Symbol Address 

address   name                                
-------   ----                                
00000000  __TI_static_base__                  
00000000  resetEntry                          
00000020  xTaskGenericCreate                  
000002cc  vTaskDelete                         
0000040c  vTaskDelayUntil                     
000005b4  vTaskDelay                          
00000680  uxTaskPriorityGet                   
000006c4  uxTaskPriorityGetFromISR            
0000070c  vTaskPrioritySet                    
00000904  vTaskSuspend                        
00000b10  vTaskResume                         
00000bf4  xTaskResumeFromISR                  
00000cdc  vTaskStartScheduler                 
00000d70  vTaskEndScheduler                   
00000d8c  vTaskSuspendAll                     
00000da0  xTaskResumeAll                      
00000f40  xTaskGetTickCount                   
00000f5c  xTaskGetTickCountFromISR            
00000f80  uxTaskGetNumberOfTasks              
00000fa0  xTaskIncrementTick                  
000011d4  vTaskSwitchContext                  
000012bc  vTaskPlaceOnEventList               
00001370  vTaskPlaceOnUnorderedEventList      
0000146c  xTaskRemoveFromEventList            
00001558  xTaskRemoveFromUnorderedEventList   
0000165c  vTaskSetTimeOutState                
0000169c  xTaskCheckForTimeOut                
000017a4  vTaskMissedYield                    
000017b4  uxTaskGetTaskNumber                 
000017f4  vTaskSetTaskNumber                  
00001948  vTaskAllocateMPURegions             
00001e38  uxTaskGetStackHighWaterMark         
00001ebc  xTaskGetSchedulerState              
00001f1c  vTaskList                           
000020a8  uxTaskResetEventItemValue           
00002114  xQueueGenericReset                  
0000223c  xQueueGenericCreate                 
00002350  xQueueGenericSend                   
00002610  xQueueGenericSendFromISR            
00002798  xQueueGiveFromISR                   
000028ac  xQueueGenericReceive                
00002b6c  xQueueReceiveFromISR                
00002ca4  xQueuePeekFromISR                   
00002d98  uxQueueMessagesWaiting              
00002dd0  uxQueueSpacesAvailable              
00002e1c  uxQueueMessagesWaitingFromISR       
00002e4c  vQueueDelete                        
00002e7c  uxQueueGetQueueNumber               
00002e94  vQueueSetQueueNumber                
00002eb4  ucQueueGetQueueType                 
000031b8  xQueueIsQueueEmptyFromISR           
00003244  xQueueIsQueueFullFromISR            
00003298  vPortStartFirstTask                 
00003328  vPortYieldProcessor                 
00003414  vPortYeildWithinAPI                 
00003508  vPortPreemptiveTick                 
00003608  vPortInitialiseFPSCR                
00003614  ulPortCountLeadingZeros             
0000361c  vPortSWI                            
000036ec  prvMpuSetRegion                     
00003704  prvMpuEnable                        
0000371c  prvMpuDisable                       
00003744  pxPortInitialiseStack               
00003858  vPortStoreTaskMPUSettings           
00003acc  xPortStartScheduler                 
00003af0  vPortEndScheduler                   
00003b24  pvPortMalloc                        
00003d94  vPortFree                           
00003e94  xPortGetFreeHeapSize                
00003ea0  xPortGetMinimumEverFreeHeapSize     
00003eac  vPortInitialiseBlocks               
00003f24  __TI_Handler_Table_Base             
00003f2c  __TI_CINIT_Base                     
00003f2c  __TI_Handler_Table_Limit            
00003f4c  __TI_CINIT_Limit                    
00008020  selftestFailNotification            
00008030  ccmSelfCheck                        
00008174  memoryInit                          
000081b8  stcSelfCheck                        
00008234  cpuSelfTest                         
000082cc  pbistSelfCheck                      
000084ac  pbistRun                            
00008578  pbistStop                           
000085a8  pbistIsTestCompleted                
000085d4  pbistIsTestPassed                   
00008608  pbistPortTestStatus                 
00008660  efcCheck                            
000086e8  efcStuckZeroTest                    
00008794  efcSelfTest                         
000087bc  checkefcSelfTest                    
0000885c  fmcBus2Check                        
00008898  fmcECCcheck                         
00008938  checkB0RAMECC                       
00008b28  checkB1RAMECC                       
00008d18  checkFlashECC                       
00008df4  custom_dabort                       
00008df8  stcSelfCheckFail                    
00008dfc  cpuSelfTestFail                     
00008e00  vimParityCheck                      
00008eac  dmaParityCheck                      
00008f58  het1ParityCheck                     
00009004  htu1ParityCheck                     
000090c0  het2ParityCheck                     
000091bc  htu2ParityCheck                     
0000926c  adc1ParityCheck                     
00009358  adc2ParityCheck                     
00009410  can1ParityCheck                     
000094e8  can2ParityCheck                     
000095b0  can3ParityCheck                     
00009684  mibspi1ParityCheck                  
0000978c  mibspi3ParityCheck                  
000098b0  mibspi5ParityCheck                  
000099d0  checkRAMECC                         
00009c18  checkClockMonitor                   
00009cf4  checkFlashEEPROMECC                 
00009e8c  checkPLL1Slip                       
00009f8c  checkPLL2Slip                       
0000a050  checkRAMAddrParity                  
0000a15c  checkRAMUERRTest                    
0000a2c4  fmcBus1ParityCheck                  
0000a3ec  pbistFail                           
0000a470  pbistGetConfigValue                 
0000a5bc  stcGetConfigValue                   
0000a660  efcGetConfigValue                   
0000a6fc  ccmr4GetConfigValue                 
0000a76c  errata_PBIST_4                      
0000aad0  enableParity                        
0000ab58  disableParity                       
0000acfc  initializeProfiler                  
0000ad18  getProfilerTimerCount               
0000ad24  canTask                             
0000b73c  CATask                              
0000b764  steerTask                           
0000b7a8  cruiseControlTask                   
0000b898  main                                
0000ba60  canMessageNotification              
0000baa4  max                                 
0000baf8  min                                 
0000bb4c  send_float                          
0000bbc0  calculateEuclidianDistance          
0000bc70  numericalDerivativeDist             
0000bcb8  accelerationDemand                  
0000bd6c  numericalDerivativeKP               
0000be00  numericalDerivativeKD               
0000be48  steering                            
0000bf58  accelerationControl                 
0000c234  accelerationControlVeh              
0000c4f4  int_simpson                         
0000c6f8  canInit                             
0000cd1c  canTransmit                         
0000ce18  canGetData                          
0000cf70  canGetID                            
0000cfd8  canUpdateID                         
0000d050  canSendRemoteFrame                  
0000d0f0  canFillMessageObjectData            
0000d1ec  canIsTxMessagePending               
0000d248  canIsRxMessageArrived               
0000d2a4  canIsMessageBoxValid                
0000d300  canGetLastError                     
0000d324  canGetErrorLevel                    
0000d348  canEnableErrorNotification          
0000d368  canEnableStatusChangeNotification   
0000d388  canDisableStatusChangeNotification  
0000d3a8  canDisableErrorNotification         
0000d3c8  canEnableloopback                   
0000d400  canDisableloopback                  
0000d430  canIoSetDirection                   
0000d480  canIoSetPort                        
0000d4d0  canIoTxGetBit                       
0000d4ec  canIoRxGetBit                       
0000d508  can1GetConfigValue                  
0000d6b8  can2GetConfigValue                  
0000e64b  __TI_printfi                        
0000e950  setupPLL                            
0000e9b0  trimLPO                             
0000e9f8  setupFlash                          
0000ea38  periphInit                          
0000ea8c  mapClocks                           
0000ebb4  systemInit                          
0000ec80  systemPowerDown                     
0000ecb0  systemGetConfigValue                
0000f0c4  tcmflashGetConfigValue              
0000f270  sramGetConfigValue                  
0000f478  uxTaskGetSystemState                
0000f6ac  vTaskGetRunTimeStatsModified        
0000f774  ulTaskNotifyTake                    
0000f8c4  xTaskNotifyWait                     
0000fa48  xTaskNotify                         
0000fbf4  xTaskNotifyFromISR                  
0000fdc8  vTaskNotifyGiveFromISR              
0000ff48  sciInit                             
0001011c  sciSetFunctional                    
0001013c  sciSetBaudrate                      
000101c0  sciIsTxReady                        
000101dc  sciSendByte                         
0001020c  sciSend                             
00010340  sciIsRxReady                        
0001035c  sciIsIdleDetected                   
00010378  sciRxError                          
000103a8  sciReceiveByte                      
000103d4  sciReceive                          
000104ac  sciEnableLoopback                   
000104e0  sciDisableLoopback                  
00010504  sciEnableNotification               
0001056c  sciDisableNotification              
000105d4  sciGetConfigValue                   
0001072c  scilinGetConfigValue                
0001091c  vimInit                             
000109f0  vimChannelMap                       
00010a94  vimEnableInterrupt                  
00010bec  vimDisableInterrupt                 
00010c70  vimGetConfigValue                   
000111b8  muxInit                             
0001153c  pinmuxGetConfigValue                
000117f0  esmInit                             
000118f8  esmError                            
00011914  esmEnableError                      
00011940  esmDisableError                     
0001196c  esmTriggerErrorPinReset             
0001197c  esmActivateNormalOperation          
0001198c  esmEnableInterrupt                  
000119b8  esmDisableInterrupt                 
000119e4  esmSetInterruptLevel                
00011a60  esmClearStatus                      
00011aac  esmClearStatusBuffer                
00011ac8  esmSetCounterPreloadValue           
00011ae8  esmGetStatus                        
00011b74  esmGetStatusBuffer                  
00011bac  esmEnterSelfTest                    
00011c34  esmSelfTestStatus                   
00011c84  esmGetConfigValue                   
00011dd8  MPU_xTaskGenericCreate              
00011e4c  MPU_vTaskAllocateMPURegions         
00011e80  MPU_vTaskDelete                     
00011eac  MPU_vTaskDelayUntil                 
00011ee0  MPU_vTaskDelay                      
00011f0c  MPU_uxTaskPriorityGet               
00011f40  MPU_vTaskPrioritySet                
00011f74  MPU_vTaskSuspend                    
00011fa0  MPU_vTaskResume                     
00011fcc  MPU_vTaskSuspendAll                 
00011ff0  MPU_xTaskResumeAll                  
0001201c  MPU_xTaskGetTickCount               
00012048  MPU_uxTaskGetNumberOfTasks          
00012074  MPU_vTaskList                       
000120a0  MPU_uxTaskGetStackHighWaterMark     
000120d4  MPU_xTaskGetSchedulerState          
00012100  MPU_xQueueGenericCreate             
0001214c  MPU_xQueueGenericSend               
000121a0  MPU_uxQueueMessagesWaiting          
000121d4  MPU_xQueueGenericReceive            
00012228  MPU_vQueueDelete                    
00012254  MPU_xQueueGenericReset              
00012298  MPU_xQueuePeekFromISR               
000122dc  MPU_pvPortMalloc                    
00012310  MPU_vPortFree                       
0001233c  MPU_vPortInitialiseBlocks           
00012360  MPU_xPortGetFreeHeapSize            
0001238c  gioInit                             
0001245c  gioSetDirection                     
0001247c  gioSetBit                           
000124cc  gioSetPort                          
000124ec  gioGetBit                           
00012514  gioGetPort                          
0001252c  gioToggleBit                        
00012584  gioEnableNotification               
000125ec  gioDisableNotification              
00012654  gioGetConfigValue                   
00012810  _coreInitRegisters_                 
0001291c  _coreInitStackPointer_              
00012968  _getCPSRValue_                      
00012970  _gotoCPUIdle_                       
00012988  _coreEnableVfp_                     
000129a8  _coreEnableEventBusExport_          
000129c0  _coreDisableEventBusExport_         
000129d8  _coreEnableRamEcc_                  
000129f0  _coreDisableRamEcc_                 
00012a08  _coreEnableFlashEcc_                
00012a24  _coreDisableFlashEcc_               
00012a3c  _coreEnableIrqVicOffset_            
00012a54  _coreGetDataFault_                  
00012a5c  _coreClearDataFault_                
00012a70  _coreGetInstructionFault_           
00012a78  _coreClearInstructionFault_         
00012a8c  _coreGetDataFaultAddress_           
00012a94  _coreClearDataFaultAddress_         
00012aa8  _coreGetInstructionFaultAddress_    
00012ab0  _coreClearInstructionFaultAddress_  
00012ac4  _coreGetAuxiliaryDataFault_         
00012acc  _coreClearAuxiliaryDataFault_       
00012ae0  _coreGetAuxiliaryInstructionFault_  
00012ae8  _coreClearAuxiliaryInstructionFault_
00012afc  _disable_interrupt_                 
00012b04  _disable_FIQ_interrupt_             
00012b0c  _disable_IRQ_interrupt_             
00012b14  _enable_interrupt_                  
00012b1c  _esmCcmErrorsClear_                 
00012ba4  _errata_CORTEXR4_57_                
00012bbc  _errata_CORTEXR4_66_                
00012bd4  __TI_PINIT_Base                     
00012bd8  __TI_PINIT_Limit                    
00012bdc  can1HighLevelInterrupt              
00012cc4  can1LowLevelInterrupt               
00012d60  can2HighLevelInterrupt              
00012e48  can2LowLevelInterrupt               
00012f14  __aeabi_uldivmod                    
000131cc  _c_int00                            
00013464  vimParityErrorHandler               
0001397c  vListInitialise                     
000139d4  vListInitialiseItem                 
000139f0  vListInsertEnd                      
00013a64  vListInsert                         
00013b28  uxListRemove                        
00013d68  esmHighInterrupt                    
00013e7c  _pmuInit_                           
00013ed0  _pmuEnableCountersGlobal_           
00013ee8  _pmuDisableCountersGlobal_          
00013f00  _pmuResetCycleCounter_              
00013f18  _pmuResetEventCounters_             
00013f30  _pmuResetCounters_                  
00013f48  _pmuStartCounters_                  
00013f50  _pmuStopCounters_                   
00013f58  _pmuSetCountEvent_                  
00013f64  _pmuGetCycleCount_                  
00013f6c  _pmuGetEventCount_                  
00013f78  _pmuGetOverflow_                    
00013f8d  ldexp                               
00013f8d  ldexpl                              
00013f8d  scalbn                              
00013f8d  scalbnl                             
00014080  _dabort                             
00014168  esmGroup1Notification               
00014178  esmGroup2Notification               
00014188  memoryPort0TestFailNotification     
000141a4  memoryPort1TestFailNotification     
000141c0  canErrorNotification                
000141d4  canStatusChangeNotification         
000141fc  gioNotification                     
00014210  sciNotification                     
00014224  dmaGroupANotification               
00014239  __aeabi_memcpy                      
00014239  __aeabi_memcpy4                     
00014239  __aeabi_memcpy8                     
00014239  memcpy                              
000142d5  __aeabi_memclr                      
000142d5  __aeabi_memclr4                     
000142d5  __aeabi_memclr8                     
000142d7  __aeabi_memset                      
000142d7  __aeabi_memset4                     
000142d7  __aeabi_memset8                     
000142dd  memset                              
0001434f  __aeabi_idiv0                       
00014351  frexp                               
00014351  frexpl                              
000143c5  __TI_auto_init                      
0001449f  _system_post_cinit                  
000144a1  sprintf                             
00014505  ltoa                                
0001455d  atoi                                
000145ad  C$$EXIT                             
000145b1  abort                               
000145b9  exit                                
000145fc  __aeabi_uidiv                       
000145fc  __aeabi_uidivmod                    
0001464d  copy_in                             
00014699  sqrt                                
00014699  sqrtl                               
000146c5  memccpy                             
000146e1  copysign                            
000146e1  copysignl                           
000146f9  strchr                              
0001470f  strlen                              
00014725  _register_unlock                    
0001472b  _register_lock                      
00014733  _nop                                
00014739  strcpy                              
0001474d  __TI_decompress_none                
0001475b  __TI_decompress_rle24               
00014760  phantomInterrupt                    
000148e4  _ctypes_                            
08000934  pxCurrentTCB                        
08000964  ulCriticalNesting                   
08000968  ulTaskHasFPUContext                 
08003074  rx_data                             
0800307c  CATcb                               
08003080  accSem                              
08003084  canIntRxSem                         
08003088  canTaskTcb                          
0800308c  cruiseControlSem                    
08003090  cruiseControlTaskTcb                
08003094  currentTime                         
08003098  mailBox                             
0800309c  prevTime                            
080030a0  steerTaskTcb                        
080030a4  timeStep                            
080030a8  intvectreg                          
080030ac  intindexreg                         
080030b0  PID                                 
080030b4  ONOFF                               
080030b8  ISA                                 
080030bc  foltravelledDistance                
080030f0  __TI_cleanup_ptr                    
080030f4  __TI_dtors_ptr                      
080030f8  __TI_enable_exit_profile_output     
08003108  _lock                               
0800310c  _unlock                             
08003110  errno                               
ffffffff  __TI_pprof_out_hndl                 
ffffffff  __TI_prof_data_size                 
ffffffff  __TI_prof_data_start                
ffffffff  __binit__                           
ffffffff  __c_args__                          
ffffffff  binit                               
UNDEFED   SHT$$INIT_ARRAY$$Base               
UNDEFED   SHT$$INIT_ARRAY$$Limit              

[415 symbols]
