******************************************************************************
                  TI ARM Linker PC v5.2.5                      
******************************************************************************
>> Linked Wed Mar 23 17:01:38 2016

OUTPUT FILE NAME:   <free_rtos_1task.out>
ENTRY POINT SYMBOL: "_c_int00"  address: 00011048


MEMORY CONFIGURATION

         name            origin    length      used     unused   attr    fill
----------------------  --------  ---------  --------  --------  ----  --------
  VECTORS               00000000   00000020  00000020  00000000     X
  KERNEL                00000020   00008000  00003ad0  00004530  R  X
  FLASH0                00008020   00177fe0  0000ab84  0016d45c  R  X
  FLASH1                00180000   00180000  00000000  00180000  R  X
  STACKS                08000000   00000800  00000000  00000800  RW  
  KRAM                  08000800   00000800  0000016c  00000694  RW  
  RAM                   08001000   0003f000  000021dc  0003ce24  RW  


SEGMENT ALLOCATION MAP

run origin  load origin   length   init length attrs members
----------  ----------- ---------- ----------- ----- -------
00000000    00000000    00003af0   00003af0    r-x
  00000000    00000000    00000020   00000020    r-x .intvecs
  00000020    00000020    00003a30   00003a30    r-x .kernelTEXT
  00003a50    00003a50    000000a0   000000a0    r-- .cinit
00008020    00008020    0000ab84   0000ab84    r-x
  00008020    00008020    0000a8cc   0000a8cc    r-x .text
  000128ec    000128ec    000002b8   000002b8    r-- .const
08000800    08000800    0000016c   00000000    rw-
  08000800    08000800    0000016c   00000000    rw- .kernelBSS
08001000    08001000    000021dc   00000000    rw-
  08001000    08001000    00002000   00000000    rw- .kernelHEAP
  08003000    08003000    00000174   00000000    rw- .data
  08003174    08003174    00000068   00000000    rw- .bss


SECTION ALLOCATION MAP

 output                                  attributes/
section   page    origin      length       input sections
--------  ----  ----------  ----------   ----------------
.intvecs   0    00000000    00000020     
                  00000000    00000020     sys_intvecs.obj (.intvecs)

.kernelTEXT 
*          0    00000020    00003a30     
                  00000020    00001cd8     os_tasks.obj (.kernelTEXT)
                  00001cf8    00001124     os_queue.obj (.kernelTEXT)
                  00002e1c    000004b0     os_portasm.obj (.kernelTEXT)
                  000032cc    000003e0     os_port.obj (.kernelTEXT)
                  000036ac    000003a4     os_heap.obj (.kernelTEXT)

.cinit     0    00003a50    000000a0     
                  00003a50    00000042     (.cinit..data.load) [load image, compression = rle]
                  00003a92    00000006     --HOLE-- [fill = 0]
                  00003a98    00000016     (.cinit..kernelBSS.load) [load image, compression = rle]
                  00003aae    00000002     --HOLE-- [fill = 0]
                  00003ab0    0000000c     (__TI_handler_table)
                  00003abc    00000004     --HOLE-- [fill = 0]
                  00003ac0    00000008     (.cinit..bss.load) [load image, compression = zero_init]
                  00003ac8    00000008     (.cinit..kernelHEAP.load) [load image, compression = zero_init]
                  00003ad0    00000020     (__TI_cinit_table)

.text      0    00008020    0000a8cc     
                  00008020    00002cdc     sys_selftest.obj (.text)
                  0000acfc    00001060     rtsv7R4_T_be_v3D16_eabi.lib : _printfi.obj (.text)
                  0000bd5c    00000b28     system.obj (.text)
                  0000c884    00000b0c     can.obj (.text)
                  0000d390    000009d4     sci.obj (.text)
                  0000dd64    0000089c     sys_vim.obj (.text)
                  0000e600    00000844     os_tasks.obj (.text)
                  0000ee44    00000638     pinmux.obj (.text)
                  0000f47c    000005e8     esm.obj (.text)
                  0000fa64    00000588     os_mpu_wrappers.obj (.text)
                  0000ffec    00000554     sys_main.obj (.text)
                  00010540    00000484     gio.obj (.text)
                  000109c4    000003cc     sys_core.obj (.text)
                  00010d90    000002b8     rtsv7R4_T_be_v3D16_eabi.lib : ull_div32.obj (.text)
                  00011048    00000298     sys_startup.obj (.text:retain)
                  000112e0    00000294     sys_vim.obj (.text:retain)
                  00011574    00000284     os_heap.obj (.text)
                  000117f8    00000238     os_list.obj (.text)
                  00011a30    000001b4     os_port.obj (.text)
                  00011be4    00000118     rtsv7R4_T_be_v3D16_eabi.lib : xdscale.obj (.text)
                  00011cfc    00000114     esm.obj (.text:retain)
                  00011e10    00000110     sys_pmu.obj (.text)
                  00011f20    00000100     can.obj (.text:retain)
                  00012020    000000e8     dabort.obj (.text)
                  00012108    000000d0     notification.obj (.text)
                  000121d8    000000c6     rtsv7R4_T_be_v3D16_eabi.lib : xdnorm.obj (.text)
                  0001229e    0000009c                                 : memcpy_t2.obj (.text)
                  0001233a    00000002     --HOLE-- [fill = 0]
                  0001233c    00000094                                 : snprintf.obj (.text)
                  000123d0    0000007a                                 : memset_t2.obj (.text)
                  0001244a    00000002     --HOLE-- [fill = 0]
                  0001244c    0000006c                                 : autoinit.obj (.text)
                  000124b8    0000006a                                 : copy_decompress_rle.obj (.text)
                  00012522    00000064                                 : xdunscal.obj (.text)
                  00012586    00000056                                 : ltoa.obj (.text)
                  000125dc    00000050                                 : atoi.obj (.text)
                  0001262c    0000004c                                 : cpy_tbl.obj (.text)
                  00012678    00000044                                 : ldexp.obj (.text)
                  000126bc    00000040                                 : exit.obj (.text)
                  000126fc    00000040                                 : signal.obj (.text)
                  0001273c    0000003c                                 : xdclass.obj (.text)
                  00012778    00000036                                 : strncpy.obj (.text)
                  000127ae    00000002     --HOLE-- [fill = 0]
                  000127b0    00000034                                 : feraiseexcept.obj (.text)
                  000127e4    00000034                                 : xferaise.obj (.text)
                  00012818    0000002e                                 : raise.obj (.text)
                  00012846    00000024                                 : frexp.obj (.text)
                  0001286a    0000001c                                 : memccpy.obj (.text)
                  00012886    00000016                                 : strchr.obj (.text)
                  0001289c    00000016                                 : strlen.obj (.text)
                  000128b2    00000002     --HOLE-- [fill = 0]
                  000128b4    00000014                                 : _lock.obj (.text)
                  000128c8    0000000e                                 : copy_decompress_none.obj (.text:decompress:none)
                  000128d6    0000000c                                 : copy_zero_init.obj (.text:decompress:ZI)
                  000128e2    00000006                                 : copy_decompress_rle.obj (.text:decompress:rle24)
                  000128e8    00000004     sys_phantom.obj (.text:retain)

.const     0    000128ec    000002b8     
                  000128ec    00000180     sys_vim.obj (.const:s_vim_init)
                  00012a6c    00000101     rtsv7R4_T_be_v3D16_eabi.lib : ctype.obj (.const:.string:_ctypes_)
                  00012b6d    00000003     --HOLE-- [fill = 0]
                  00012b70    00000020     can.obj (.const)
                  00012b90    00000010     sys_main.obj (.const)
                  00012ba0    00000004     os_heap.obj (.const)

.kernelBSS 
*          0    08000800    0000016c     UNINITIALIZED
                  08000800    00000134     os_tasks.obj (.kernelBSS:uninit)
                  08000934    00000030     os_tasks.obj (.kernelBSS:init)
                  08000964    00000008     os_port.obj (.kernelBSS)

.kernelHEAP 
*          0    08001000    00002000     UNINITIALIZED
                  08001000    00002000     os_heap.obj (.kernelHEAP)

.data      0    08003000    00000174     UNINITIALIZED
                  08003000    000000b0     rtsv7R4_T_be_v3D16_eabi.lib : signal.obj (.data:sigtable)
                  080030b0    00000080                                 : xvalues.obj (.data)
                  08003130    00000018     sys_main.obj (.data)
                  08003148    00000010     os_heap.obj (.data)
                  08003158    00000008     rtsv7R4_T_be_v3D16_eabi.lib : _lock.obj (.data)
                  08003160    00000008                                 : exit.obj (.data)
                  08003168    00000008                                 : feraiseexcept.obj (.data)
                  08003170    00000004                                 : errno.obj (.data)

.TI.persistent 
*          0    08003000    00000000     UNINITIALIZED

.bss       0    08003174    00000068     UNINITIALIZED
                  08003174    00000028     sci.obj (.bss:g_sciTransfer_t)
                  0800319c    00000008     (.common:rxMbox1)
                  080031a4    00000008     (.common:rx_data)
                  080031ac    00000008     (.common:xStart)
                  080031b4    00000004     (.common:absSem)
                  080031b8    00000004     (.common:absTaskTcb)
                  080031bc    00000004     (.common:canIntRxSem)
                  080031c0    00000004     (.common:canTaskTcb)
                  080031c4    00000004     (.common:mailBox)
                  080031c8    00000004     (.common:rxIntMbox1)
                  080031cc    00000004     (.common:steerSem)
                  080031d0    00000004     (.common:steerTaskTcb)
                  080031d4    00000004     (.common:uartTaskTcb)
                  080031d8    00000004     (.common:uartTxSem)

.TI.noinit 
*          0    08003174    00000000     UNINITIALIZED


LINKER GENERATED COPY TABLES

__TI_cinit_table @ 00003ad0 records: 4, size/record: 8, table size: 32
	.data: load addr=00003a50, load size=00000042 bytes, run addr=08003000, run size=00000174 bytes, compression=rle
	.kernelBSS: load addr=00003a98, load size=00000016 bytes, run addr=08000800, run size=0000016c bytes, compression=rle
	.bss: load addr=00003ac0, load size=00000008 bytes, run addr=08003174, run size=00000068 bytes, compression=zero_init
	.kernelHEAP: load addr=00003ac8, load size=00000008 bytes, run addr=08001000, run size=00002000 bytes, compression=zero_init


LINKER GENERATED HANDLER TABLE

__TI_handler_table @ 00003ab0 records: 3, size/record: 4, table size: 12
	index: 0, handler: __TI_decompress_rle24
	index: 1, handler: __TI_decompress_none
	index: 2, handler: __TI_zero_init


GLOBAL SYMBOLS: SORTED ALPHABETICALLY BY Name 

address   name                                
-------   ----                                
000126bd  C$$EXIT                             
0000ff3c  MPU_pvPortMalloc                    
0000fe00  MPU_uxQueueMessagesWaiting          
0000fcd4  MPU_uxTaskGetNumberOfTasks          
0000fd00  MPU_uxTaskGetStackHighWaterMark     
0000fb98  MPU_uxTaskPriorityGet               
0000ff70  MPU_vPortFree                       
0000ff9c  MPU_vPortInitialiseBlocks           
0000fe88  MPU_vQueueDelete                    
0000fad8  MPU_vTaskAllocateMPURegions         
0000fb6c  MPU_vTaskDelay                      
0000fb38  MPU_vTaskDelayUntil                 
0000fb0c  MPU_vTaskDelete                     
0000fbcc  MPU_vTaskPrioritySet                
0000fc2c  MPU_vTaskResume                     
0000fc00  MPU_vTaskSuspend                    
0000fc58  MPU_vTaskSuspendAll                 
0000ffc0  MPU_xPortGetFreeHeapSize            
0000fd60  MPU_xQueueGenericCreate             
0000fe34  MPU_xQueueGenericReceive            
0000feb4  MPU_xQueueGenericReset              
0000fdac  MPU_xQueueGenericSend               
0000fef8  MPU_xQueuePeekFromISR               
0000fa64  MPU_xTaskGenericCreate              
0000fd34  MPU_xTaskGetSchedulerState          
0000fca8  MPU_xTaskGetTickCount               
0000fc7c  MPU_xTaskResumeAll                  
UNDEFED   SHT$$INIT_ARRAY$$Base               
UNDEFED   SHT$$INIT_ARRAY$$Limit              
0001273d  _Dclass                             
080030b0  _Denorm                             
000121d9  _Dnorm                              
00011be5  _Dscale                             
00012523  _Dunscale                           
080030c0  _Eps                                
08003170  _Errno                              
08003168  _Fenv                               
000127e5  _Feraise                            
080030d0  _Hugeval                            
080030e0  _Inf                                
080030f0  _Nan                                
08003110  _Rteps                              
08003100  _Snan                               
0800316c  _Tls_setup__Fenv                    
08003120  _Xbig                               
08003128  _Zero                               
00003ad0  __TI_CINIT_Base                     
00003af0  __TI_CINIT_Limit                    
00003ab0  __TI_Handler_Table_Base             
00003abc  __TI_Handler_Table_Limit            
00010d88  __TI_PINIT_Base                     
00010d8c  __TI_PINIT_Limit                    
0001244d  __TI_auto_init                      
08003160  __TI_cleanup_ptr                    
000128c9  __TI_decompress_none                
000128e3  __TI_decompress_rle24               
08003164  __TI_dtors_ptr                      
0000ba57  __TI_printfi                        
00000000  __TI_static_base__                  
000128d7  __TI_zero_init                      
000123d1  __aeabi_memclr                      
000123d1  __aeabi_memclr4                     
000123d1  __aeabi_memclr8                     
0001229f  __aeabi_memcpy                      
0001229f  __aeabi_memcpy4                     
0001229f  __aeabi_memcpy8                     
000123d3  __aeabi_memset                      
000123d3  __aeabi_memset4                     
000123d3  __aeabi_memset8                     
00010d90  __aeabi_uldivmod                    
ffffffff  __binit__                           
ffffffff  __c_args__                          
00011048  _c_int00                            
00010c80  _coreClearAuxiliaryDataFault_       
00010c9c  _coreClearAuxiliaryInstructionFault_
00010c48  _coreClearDataFaultAddress_         
00010c10  _coreClearDataFault_                
00010c64  _coreClearInstructionFaultAddress_  
00010c2c  _coreClearInstructionFault_         
00010b74  _coreDisableEventBusExport_         
00010bd8  _coreDisableFlashEcc_               
00010ba4  _coreDisableRamEcc_                 
00010b5c  _coreEnableEventBusExport_          
00010bbc  _coreEnableFlashEcc_                
00010bf0  _coreEnableIrqVicOffset_            
00010b8c  _coreEnableRamEcc_                  
00010b3c  _coreEnableVfp_                     
00010c78  _coreGetAuxiliaryDataFault_         
00010c94  _coreGetAuxiliaryInstructionFault_  
00010c40  _coreGetDataFaultAddress_           
00010c08  _coreGetDataFault_                  
00010c5c  _coreGetInstructionFaultAddress_    
00010c24  _coreGetInstructionFault_           
000109c4  _coreInitRegisters_                 
00010ad0  _coreInitStackPointer_              
00012a6c  _ctypes_                            
00012020  _dabort                             
00010cb8  _disable_FIQ_interrupt_             
00010cc0  _disable_IRQ_interrupt_             
00010cb0  _disable_interrupt_                 
00010cc8  _enable_interrupt_                  
00010d58  _errata_CORTEXR4_57_                
00010d70  _errata_CORTEXR4_66_                
00010cd0  _esmCcmErrorsClear_                 
00010b1c  _getCPSRValue_                      
00010b24  _gotoCPUIdle_                       
08003158  _lock                               
000128c3  _nop                                
00011e7c  _pmuDisableCountersGlobal_          
00011e64  _pmuEnableCountersGlobal_           
00011ef8  _pmuGetCycleCount_                  
00011f00  _pmuGetEventCount_                  
00011f0c  _pmuGetOverflow_                    
00011e10  _pmuInit_                           
00011ec4  _pmuResetCounters_                  
00011e94  _pmuResetCycleCounter_              
00011eac  _pmuResetEventCounters_             
00011eec  _pmuSetCountEvent_                  
00011edc  _pmuStartCounters_                  
00011ee4  _pmuStopCounters_                   
000128bb  _register_lock                      
000128b5  _register_unlock                    
0800315c  _unlock                             
000126c1  abort                               
080031b4  absSem                              
000100c0  absTask                             
080031b8  absTaskTcb                          
0000926c  adc1ParityCheck                     
00009358  adc2ParityCheck                     
000125dd  atoi                                
ffffffff  binit                               
000103d8  calculateSteerSensitivity           
00010414  calculateWheelSlip                  
0000d1bc  can1GetConfigValue                  
00011f20  can1HighLevelInterrupt              
00009410  can1ParityCheck                     
000094e8  can2ParityCheck                     
000095b0  can3ParityCheck                     
0000d05c  canDisableErrorNotification         
0000d03c  canDisableStatusChangeNotification  
0000d0b4  canDisableloopback                  
0000cffc  canEnableErrorNotification          
0000d01c  canEnableStatusChangeNotification   
0000d07c  canEnableloopback                   
00012160  canErrorNotification                
0000cda4  canFillMessageObjectData            
0000cacc  canGetData                          
0000cfd8  canGetErrorLevel                    
0000cc24  canGetID                            
0000cfb4  canGetLastError                     
0000c884  canInit                             
080031bc  canIntRxSem                         
0000d1a0  canIoRxGetBit                       
0000d0e4  canIoSetDirection                   
0000d134  canIoSetPort                        
0000d184  canIoTxGetBit                       
0000cf58  canIsMessageBoxValid                
0000cefc  canIsRxMessageArrived               
0000cea0  canIsTxMessagePending               
00010388  canMessageNotification              
0000cd04  canSendRemoteFrame                  
00012174  canStatusChangeNotification         
0000ffec  canTask                             
080031c0  canTaskTcb                          
0000c9d0  canTransmit                         
0000cc8c  canUpdateID                         
00008030  ccmSelfCheck                        
0000a6fc  ccmr4GetConfigValue                 
00008938  checkB0RAMECC                       
00008b28  checkB1RAMECC                       
00009c18  checkClockMonitor                   
00008d18  checkFlashECC                       
00009cf4  checkFlashEEPROMECC                 
00009e8c  checkPLL1Slip                       
00009f8c  checkPLL2Slip                       
0000a050  checkRAMAddrParity                  
000099d0  checkRAMECC                         
0000a15c  checkRAMUERRTest                    
000087bc  checkefcSelfTest                    
0001262d  copy_in                             
00008234  cpuSelfTest                         
00008dfc  cpuSelfTestFail                     
00008df4  custom_dabort                       
0000ab58  disableParity                       
000121c4  dmaGroupANotification               
00008eac  dmaParityCheck                      
00008660  efcCheck                            
0000a660  efcGetConfigValue                   
00008794  efcSelfTest                         
000086e8  efcStuckZeroTest                    
0000aad0  enableParity                        
0000a76c  errata_PBIST_4                      
0000f608  esmActivateNormalOperation          
0000f6ec  esmClearStatus                      
0000f738  esmClearStatusBuffer                
0000f5cc  esmDisableError                     
0000f644  esmDisableInterrupt                 
0000f5a0  esmEnableError                      
0000f618  esmEnableInterrupt                  
0000f838  esmEnterSelfTest                    
0000f584  esmError                            
0000f910  esmGetConfigValue                   
0000f774  esmGetStatus                        
0000f800  esmGetStatusBuffer                  
00012108  esmGroup1Notification               
00012118  esmGroup2Notification               
00011cfc  esmHighInterrupt                    
0000f47c  esmInit                             
0000f8c0  esmSelfTestStatus                   
0000f754  esmSetCounterPreloadValue           
0000f670  esmSetInterruptLevel                
0000f5f8  esmTriggerErrorPinReset             
000126c9  exit                                
000127b1  feraiseexcept                       
0000a2c4  fmcBus1ParityCheck                  
0000885c  fmcBus2Check                        
00008898  fmcECCcheck                         
00012847  frexp                               
000107a0  gioDisableNotification              
00010738  gioEnableNotification               
000106a0  gioGetBit                           
00010808  gioGetConfigValue                   
000106c8  gioGetPort                          
00010540  gioInit                             
0001219c  gioNotification                     
00010630  gioSetBit                           
00010610  gioSetDirection                     
00010680  gioSetPort                          
000106e0  gioToggleBit                        
00008f58  het1ParityCheck                     
000090c0  het2ParityCheck                     
00009004  htu1ParityCheck                     
000091bc  htu2ParityCheck                     
00012679  ldexp                               
00012587  ltoa                                
080031c4  mailBox                             
000101a0  main                                
0000be98  mapClocks                           
0001286b  memccpy                             
0001229f  memcpy                              
00008174  memoryInit                          
00012128  memoryPort0TestFailNotification     
00012144  memoryPort1TestFailNotification     
000123d9  memset                              
00009684  mibspi1ParityCheck                  
0000978c  mibspi3ParityCheck                  
000098b0  mibspi5ParityCheck                  
0000ee44  muxInit                             
0000a3ec  pbistFail                           
0000a470  pbistGetConfigValue                 
000085a8  pbistIsTestCompleted                
000085d4  pbistIsTestPassed                   
00008608  pbistPortTestStatus                 
000084ac  pbistRun                            
000082cc  pbistSelfCheck                      
00008578  pbistStop                           
0000be44  periphInit                          
000128e8  phantomInterrupt                    
0000f1c8  pinmuxGetConfigValue                
000032a4  prvMpuDisable                       
0000328c  prvMpuEnable                        
00003274  prvMpuSetRegion                     
000036ac  pvPortMalloc                        
08000934  pxCurrentTCB                        
000032cc  pxPortInitialiseStack               
00012819  raise                               
00000000  resetEntry                          
080031c8  rxIntMbox1                          
0800319c  rxMbox1                             
080031a4  rx_data                             
0000d928  sciDisableLoopback                  
0000d9b4  sciDisableNotification              
0000d8f4  sciEnableLoopback                   
0000d94c  sciEnableNotification               
0000da1c  sciGetConfigValue                   
0000d390  sciInit                             
0000d7a4  sciIsIdleDetected                   
0000d788  sciIsRxReady                        
0000d608  sciIsTxReady                        
000121b0  sciNotification                     
0000d81c  sciReceive                          
0000d7f0  sciReceiveByte                      
0000d7c0  sciRxError                          
0000d654  sciSend                             
0000d624  sciSendByte                         
0000d584  sciSetBaudrate                      
0000d564  sciSetFunctional                    
0000db74  scilinGetConfigValue                
00008020  selftestFailNotification            
0000be04  setupFlash                          
0000bd5c  setupPLL                            
000126fd  signal                              
0001233d  snprintf                            
0000c67c  sramGetConfigValue                  
0000a5bc  stcGetConfigValue                   
000081b8  stcSelfCheck                        
00008df8  stcSelfCheckFail                    
080031cc  steerSem                            
0001011c  steerTask                           
080031d0  steerTaskTcb                        
00012887  strchr                              
0001289d  strlen                              
00012779  strncpy                             
0000c0bc  systemGetConfigValue                
0000bfc0  systemInit                          
0000c08c  systemPowerDown                     
0000c4d0  tcmflashGetConfigValue              
0000bdbc  trimLPO                             
00010128  uartTask                            
080031d4  uartTaskTcb                         
080031d8  uartTxSem                           
08000964  ulCriticalNesting                   
0000319c  ulPortCountLeadingZeros             
08000968  ulTaskHasFPUContext                 
0000e688  ulTaskNotifyTake                    
000119a4  uxListRemove                        
00002970  uxQueueMessagesWaiting              
000029f4  uxQueueMessagesWaitingFromISR       
000029a8  uxQueueSpacesAvailable              
00000f60  uxTaskGetNumberOfTasks              
00001bbc  uxTaskGetStackHighWaterMark         
00000660  uxTaskPriorityGet                   
000006a4  uxTaskPriorityGetFromISR            
00001c8c  uxTaskResetEventItemValue           
000117f8  vListInitialise                     
00011850  vListInitialiseItem                 
000118e0  vListInsert                         
0001186c  vListInsertEnd                      
00003678  vPortEndScheduler                   
0000391c  vPortFree                           
00003a34  vPortInitialiseBlocks               
00003190  vPortInitialiseFPSCR                
00003090  vPortPreemptiveTick                 
000031a4  vPortSWI                            
00002e20  vPortStartFirstTask                 
000033e0  vPortStoreTaskMPUSettings           
00002f9c  vPortYeildWithinAPI                 
00002eb0  vPortYieldProcessor                 
00002a24  vQueueDelete                        
000018b4  vTaskAllocateMPURegions             
00000594  vTaskDelay                          
000003fc  vTaskDelayUntil                     
000002bc  vTaskDelete                         
00000d50  vTaskEndScheduler                   
00001784  vTaskMissedYield                    
0000ecdc  vTaskNotifyGiveFromISR              
00001298  vTaskPlaceOnEventList               
00001350  vTaskPlaceOnUnorderedEventList      
000006ec  vTaskPrioritySet                    
00000af0  vTaskResume                         
0000163c  vTaskSetTimeOutState                
00000cbc  vTaskStartScheduler                 
000008e4  vTaskSuspend                        
00000d6c  vTaskSuspendAll                     
000011b4  vTaskSwitchContext                  
0000de38  vimChannelMap                       
0000e034  vimDisableInterrupt                 
0000dedc  vimEnableInterrupt                  
0000e0b8  vimGetConfigValue                   
0000dd64  vimInit                             
00008e00  vimParityCheck                      
000112e0  vimParityErrorHandler               
08003130  wheelSpin                           
00003a1c  xPortGetFreeHeapSize                
00003a28  xPortGetMinimumEverFreeHeapSize     
00003654  xPortStartScheduler                 
00001e20  xQueueGenericCreate                 
00002484  xQueueGenericReceive                
00001cf8  xQueueGenericReset                  
00001f28  xQueueGenericSend                   
000021e8  xQueueGenericSendFromISR            
00002370  xQueueGiveFromISR                   
00002d40  xQueueIsQueueEmptyFromISR           
00002dcc  xQueueIsQueueFullFromISR            
0000287c  xQueuePeekFromISR                   
00002744  xQueueReceiveFromISR                
0000167c  xTaskCheckForTimeOut                
00000020  xTaskGenericCreate                  
00001c3c  xTaskGetSchedulerState              
00000f20  xTaskGetTickCount                   
00000f3c  xTaskGetTickCountFromISR            
00000f7c  xTaskIncrementTick                  
0000e95c  xTaskNotify                         
0000eb08  xTaskNotifyFromISR                  
0000e7d8  xTaskNotifyWait                     
0000144c  xTaskRemoveFromEventList            
00001538  xTaskRemoveFromUnorderedEventList   
00000d80  xTaskResumeAll                      
00000bd4  xTaskResumeFromISR                  


GLOBAL SYMBOLS: SORTED BY Symbol Address 

address   name                                
-------   ----                                
00000000  __TI_static_base__                  
00000000  resetEntry                          
00000020  xTaskGenericCreate                  
000002bc  vTaskDelete                         
000003fc  vTaskDelayUntil                     
00000594  vTaskDelay                          
00000660  uxTaskPriorityGet                   
000006a4  uxTaskPriorityGetFromISR            
000006ec  vTaskPrioritySet                    
000008e4  vTaskSuspend                        
00000af0  vTaskResume                         
00000bd4  xTaskResumeFromISR                  
00000cbc  vTaskStartScheduler                 
00000d50  vTaskEndScheduler                   
00000d6c  vTaskSuspendAll                     
00000d80  xTaskResumeAll                      
00000f20  xTaskGetTickCount                   
00000f3c  xTaskGetTickCountFromISR            
00000f60  uxTaskGetNumberOfTasks              
00000f7c  xTaskIncrementTick                  
000011b4  vTaskSwitchContext                  
00001298  vTaskPlaceOnEventList               
00001350  vTaskPlaceOnUnorderedEventList      
0000144c  xTaskRemoveFromEventList            
00001538  xTaskRemoveFromUnorderedEventList   
0000163c  vTaskSetTimeOutState                
0000167c  xTaskCheckForTimeOut                
00001784  vTaskMissedYield                    
000018b4  vTaskAllocateMPURegions             
00001bbc  uxTaskGetStackHighWaterMark         
00001c3c  xTaskGetSchedulerState              
00001c8c  uxTaskResetEventItemValue           
00001cf8  xQueueGenericReset                  
00001e20  xQueueGenericCreate                 
00001f28  xQueueGenericSend                   
000021e8  xQueueGenericSendFromISR            
00002370  xQueueGiveFromISR                   
00002484  xQueueGenericReceive                
00002744  xQueueReceiveFromISR                
0000287c  xQueuePeekFromISR                   
00002970  uxQueueMessagesWaiting              
000029a8  uxQueueSpacesAvailable              
000029f4  uxQueueMessagesWaitingFromISR       
00002a24  vQueueDelete                        
00002d40  xQueueIsQueueEmptyFromISR           
00002dcc  xQueueIsQueueFullFromISR            
00002e20  vPortStartFirstTask                 
00002eb0  vPortYieldProcessor                 
00002f9c  vPortYeildWithinAPI                 
00003090  vPortPreemptiveTick                 
00003190  vPortInitialiseFPSCR                
0000319c  ulPortCountLeadingZeros             
000031a4  vPortSWI                            
00003274  prvMpuSetRegion                     
0000328c  prvMpuEnable                        
000032a4  prvMpuDisable                       
000032cc  pxPortInitialiseStack               
000033e0  vPortStoreTaskMPUSettings           
00003654  xPortStartScheduler                 
00003678  vPortEndScheduler                   
000036ac  pvPortMalloc                        
0000391c  vPortFree                           
00003a1c  xPortGetFreeHeapSize                
00003a28  xPortGetMinimumEverFreeHeapSize     
00003a34  vPortInitialiseBlocks               
00003ab0  __TI_Handler_Table_Base             
00003abc  __TI_Handler_Table_Limit            
00003ad0  __TI_CINIT_Base                     
00003af0  __TI_CINIT_Limit                    
00008020  selftestFailNotification            
00008030  ccmSelfCheck                        
00008174  memoryInit                          
000081b8  stcSelfCheck                        
00008234  cpuSelfTest                         
000082cc  pbistSelfCheck                      
000084ac  pbistRun                            
00008578  pbistStop                           
000085a8  pbistIsTestCompleted                
000085d4  pbistIsTestPassed                   
00008608  pbistPortTestStatus                 
00008660  efcCheck                            
000086e8  efcStuckZeroTest                    
00008794  efcSelfTest                         
000087bc  checkefcSelfTest                    
0000885c  fmcBus2Check                        
00008898  fmcECCcheck                         
00008938  checkB0RAMECC                       
00008b28  checkB1RAMECC                       
00008d18  checkFlashECC                       
00008df4  custom_dabort                       
00008df8  stcSelfCheckFail                    
00008dfc  cpuSelfTestFail                     
00008e00  vimParityCheck                      
00008eac  dmaParityCheck                      
00008f58  het1ParityCheck                     
00009004  htu1ParityCheck                     
000090c0  het2ParityCheck                     
000091bc  htu2ParityCheck                     
0000926c  adc1ParityCheck                     
00009358  adc2ParityCheck                     
00009410  can1ParityCheck                     
000094e8  can2ParityCheck                     
000095b0  can3ParityCheck                     
00009684  mibspi1ParityCheck                  
0000978c  mibspi3ParityCheck                  
000098b0  mibspi5ParityCheck                  
000099d0  checkRAMECC                         
00009c18  checkClockMonitor                   
00009cf4  checkFlashEEPROMECC                 
00009e8c  checkPLL1Slip                       
00009f8c  checkPLL2Slip                       
0000a050  checkRAMAddrParity                  
0000a15c  checkRAMUERRTest                    
0000a2c4  fmcBus1ParityCheck                  
0000a3ec  pbistFail                           
0000a470  pbistGetConfigValue                 
0000a5bc  stcGetConfigValue                   
0000a660  efcGetConfigValue                   
0000a6fc  ccmr4GetConfigValue                 
0000a76c  errata_PBIST_4                      
0000aad0  enableParity                        
0000ab58  disableParity                       
0000ba57  __TI_printfi                        
0000bd5c  setupPLL                            
0000bdbc  trimLPO                             
0000be04  setupFlash                          
0000be44  periphInit                          
0000be98  mapClocks                           
0000bfc0  systemInit                          
0000c08c  systemPowerDown                     
0000c0bc  systemGetConfigValue                
0000c4d0  tcmflashGetConfigValue              
0000c67c  sramGetConfigValue                  
0000c884  canInit                             
0000c9d0  canTransmit                         
0000cacc  canGetData                          
0000cc24  canGetID                            
0000cc8c  canUpdateID                         
0000cd04  canSendRemoteFrame                  
0000cda4  canFillMessageObjectData            
0000cea0  canIsTxMessagePending               
0000cefc  canIsRxMessageArrived               
0000cf58  canIsMessageBoxValid                
0000cfb4  canGetLastError                     
0000cfd8  canGetErrorLevel                    
0000cffc  canEnableErrorNotification          
0000d01c  canEnableStatusChangeNotification   
0000d03c  canDisableStatusChangeNotification  
0000d05c  canDisableErrorNotification         
0000d07c  canEnableloopback                   
0000d0b4  canDisableloopback                  
0000d0e4  canIoSetDirection                   
0000d134  canIoSetPort                        
0000d184  canIoTxGetBit                       
0000d1a0  canIoRxGetBit                       
0000d1bc  can1GetConfigValue                  
0000d390  sciInit                             
0000d564  sciSetFunctional                    
0000d584  sciSetBaudrate                      
0000d608  sciIsTxReady                        
0000d624  sciSendByte                         
0000d654  sciSend                             
0000d788  sciIsRxReady                        
0000d7a4  sciIsIdleDetected                   
0000d7c0  sciRxError                          
0000d7f0  sciReceiveByte                      
0000d81c  sciReceive                          
0000d8f4  sciEnableLoopback                   
0000d928  sciDisableLoopback                  
0000d94c  sciEnableNotification               
0000d9b4  sciDisableNotification              
0000da1c  sciGetConfigValue                   
0000db74  scilinGetConfigValue                
0000dd64  vimInit                             
0000de38  vimChannelMap                       
0000dedc  vimEnableInterrupt                  
0000e034  vimDisableInterrupt                 
0000e0b8  vimGetConfigValue                   
0000e688  ulTaskNotifyTake                    
0000e7d8  xTaskNotifyWait                     
0000e95c  xTaskNotify                         
0000eb08  xTaskNotifyFromISR                  
0000ecdc  vTaskNotifyGiveFromISR              
0000ee44  muxInit                             
0000f1c8  pinmuxGetConfigValue                
0000f47c  esmInit                             
0000f584  esmError                            
0000f5a0  esmEnableError                      
0000f5cc  esmDisableError                     
0000f5f8  esmTriggerErrorPinReset             
0000f608  esmActivateNormalOperation          
0000f618  esmEnableInterrupt                  
0000f644  esmDisableInterrupt                 
0000f670  esmSetInterruptLevel                
0000f6ec  esmClearStatus                      
0000f738  esmClearStatusBuffer                
0000f754  esmSetCounterPreloadValue           
0000f774  esmGetStatus                        
0000f800  esmGetStatusBuffer                  
0000f838  esmEnterSelfTest                    
0000f8c0  esmSelfTestStatus                   
0000f910  esmGetConfigValue                   
0000fa64  MPU_xTaskGenericCreate              
0000fad8  MPU_vTaskAllocateMPURegions         
0000fb0c  MPU_vTaskDelete                     
0000fb38  MPU_vTaskDelayUntil                 
0000fb6c  MPU_vTaskDelay                      
0000fb98  MPU_uxTaskPriorityGet               
0000fbcc  MPU_vTaskPrioritySet                
0000fc00  MPU_vTaskSuspend                    
0000fc2c  MPU_vTaskResume                     
0000fc58  MPU_vTaskSuspendAll                 
0000fc7c  MPU_xTaskResumeAll                  
0000fca8  MPU_xTaskGetTickCount               
0000fcd4  MPU_uxTaskGetNumberOfTasks          
0000fd00  MPU_uxTaskGetStackHighWaterMark     
0000fd34  MPU_xTaskGetSchedulerState          
0000fd60  MPU_xQueueGenericCreate             
0000fdac  MPU_xQueueGenericSend               
0000fe00  MPU_uxQueueMessagesWaiting          
0000fe34  MPU_xQueueGenericReceive            
0000fe88  MPU_vQueueDelete                    
0000feb4  MPU_xQueueGenericReset              
0000fef8  MPU_xQueuePeekFromISR               
0000ff3c  MPU_pvPortMalloc                    
0000ff70  MPU_vPortFree                       
0000ff9c  MPU_vPortInitialiseBlocks           
0000ffc0  MPU_xPortGetFreeHeapSize            
0000ffec  canTask                             
000100c0  absTask                             
0001011c  steerTask                           
00010128  uartTask                            
000101a0  main                                
00010388  canMessageNotification              
000103d8  calculateSteerSensitivity           
00010414  calculateWheelSlip                  
00010540  gioInit                             
00010610  gioSetDirection                     
00010630  gioSetBit                           
00010680  gioSetPort                          
000106a0  gioGetBit                           
000106c8  gioGetPort                          
000106e0  gioToggleBit                        
00010738  gioEnableNotification               
000107a0  gioDisableNotification              
00010808  gioGetConfigValue                   
000109c4  _coreInitRegisters_                 
00010ad0  _coreInitStackPointer_              
00010b1c  _getCPSRValue_                      
00010b24  _gotoCPUIdle_                       
00010b3c  _coreEnableVfp_                     
00010b5c  _coreEnableEventBusExport_          
00010b74  _coreDisableEventBusExport_         
00010b8c  _coreEnableRamEcc_                  
00010ba4  _coreDisableRamEcc_                 
00010bbc  _coreEnableFlashEcc_                
00010bd8  _coreDisableFlashEcc_               
00010bf0  _coreEnableIrqVicOffset_            
00010c08  _coreGetDataFault_                  
00010c10  _coreClearDataFault_                
00010c24  _coreGetInstructionFault_           
00010c2c  _coreClearInstructionFault_         
00010c40  _coreGetDataFaultAddress_           
00010c48  _coreClearDataFaultAddress_         
00010c5c  _coreGetInstructionFaultAddress_    
00010c64  _coreClearInstructionFaultAddress_  
00010c78  _coreGetAuxiliaryDataFault_         
00010c80  _coreClearAuxiliaryDataFault_       
00010c94  _coreGetAuxiliaryInstructionFault_  
00010c9c  _coreClearAuxiliaryInstructionFault_
00010cb0  _disable_interrupt_                 
00010cb8  _disable_FIQ_interrupt_             
00010cc0  _disable_IRQ_interrupt_             
00010cc8  _enable_interrupt_                  
00010cd0  _esmCcmErrorsClear_                 
00010d58  _errata_CORTEXR4_57_                
00010d70  _errata_CORTEXR4_66_                
00010d88  __TI_PINIT_Base                     
00010d8c  __TI_PINIT_Limit                    
00010d90  __aeabi_uldivmod                    
00011048  _c_int00                            
000112e0  vimParityErrorHandler               
000117f8  vListInitialise                     
00011850  vListInitialiseItem                 
0001186c  vListInsertEnd                      
000118e0  vListInsert                         
000119a4  uxListRemove                        
00011be5  _Dscale                             
00011cfc  esmHighInterrupt                    
00011e10  _pmuInit_                           
00011e64  _pmuEnableCountersGlobal_           
00011e7c  _pmuDisableCountersGlobal_          
00011e94  _pmuResetCycleCounter_              
00011eac  _pmuResetEventCounters_             
00011ec4  _pmuResetCounters_                  
00011edc  _pmuStartCounters_                  
00011ee4  _pmuStopCounters_                   
00011eec  _pmuSetCountEvent_                  
00011ef8  _pmuGetCycleCount_                  
00011f00  _pmuGetEventCount_                  
00011f0c  _pmuGetOverflow_                    
00011f20  can1HighLevelInterrupt              
00012020  _dabort                             
00012108  esmGroup1Notification               
00012118  esmGroup2Notification               
00012128  memoryPort0TestFailNotification     
00012144  memoryPort1TestFailNotification     
00012160  canErrorNotification                
00012174  canStatusChangeNotification         
0001219c  gioNotification                     
000121b0  sciNotification                     
000121c4  dmaGroupANotification               
000121d9  _Dnorm                              
0001229f  __aeabi_memcpy                      
0001229f  __aeabi_memcpy4                     
0001229f  __aeabi_memcpy8                     
0001229f  memcpy                              
0001233d  snprintf                            
000123d1  __aeabi_memclr                      
000123d1  __aeabi_memclr4                     
000123d1  __aeabi_memclr8                     
000123d3  __aeabi_memset                      
000123d3  __aeabi_memset4                     
000123d3  __aeabi_memset8                     
000123d9  memset                              
0001244d  __TI_auto_init                      
00012523  _Dunscale                           
00012587  ltoa                                
000125dd  atoi                                
0001262d  copy_in                             
00012679  ldexp                               
000126bd  C$$EXIT                             
000126c1  abort                               
000126c9  exit                                
000126fd  signal                              
0001273d  _Dclass                             
00012779  strncpy                             
000127b1  feraiseexcept                       
000127e5  _Feraise                            
00012819  raise                               
00012847  frexp                               
0001286b  memccpy                             
00012887  strchr                              
0001289d  strlen                              
000128b5  _register_unlock                    
000128bb  _register_lock                      
000128c3  _nop                                
000128c9  __TI_decompress_none                
000128d7  __TI_zero_init                      
000128e3  __TI_decompress_rle24               
000128e8  phantomInterrupt                    
00012a6c  _ctypes_                            
08000934  pxCurrentTCB                        
08000964  ulCriticalNesting                   
08000968  ulTaskHasFPUContext                 
080030b0  _Denorm                             
080030c0  _Eps                                
080030d0  _Hugeval                            
080030e0  _Inf                                
080030f0  _Nan                                
08003100  _Snan                               
08003110  _Rteps                              
08003120  _Xbig                               
08003128  _Zero                               
08003130  wheelSpin                           
08003158  _lock                               
0800315c  _unlock                             
08003160  __TI_cleanup_ptr                    
08003164  __TI_dtors_ptr                      
08003168  _Fenv                               
0800316c  _Tls_setup__Fenv                    
08003170  _Errno                              
0800319c  rxMbox1                             
080031a4  rx_data                             
080031b4  absSem                              
080031b8  absTaskTcb                          
080031bc  canIntRxSem                         
080031c0  canTaskTcb                          
080031c4  mailBox                             
080031c8  rxIntMbox1                          
080031cc  steerSem                            
080031d0  steerTaskTcb                        
080031d4  uartTaskTcb                         
080031d8  uartTxSem                           
ffffffff  __binit__                           
ffffffff  __c_args__                          
ffffffff  binit                               
UNDEFED   SHT$$INIT_ARRAY$$Base               
UNDEFED   SHT$$INIT_ARRAY$$Limit              

[389 symbols]
